<?xml version="1.0" encoding="ISO-8859-1" ?>
<link_info>
   <banner>TI ARM Linker PC v20.2.4.LTS</banner>
   <copyright>Copyright (c) 1996-2018 Texas Instruments Incorporated</copyright>
   <link_time>0x6a1df2a8</link_time>
   <link_errors>0x0</link_errors>
   <output_file>lab3.out</output_file>
   <entry_point>
      <name>_c_int00_noargs</name>
      <address>0x2cb5</address>
   </entry_point>
   <input_file_list>
      <input_file id="fl-2">
         <path>.\</path>
         <kind>object</kind>
         <file>main.obj</file>
         <name>main.obj</name>
      </input_file>
      <input_file id="fl-3">
         <path>.\</path>
         <kind>object</kind>
         <file>tm4c1294ncpdt_startup_ccs.obj</file>
         <name>tm4c1294ncpdt_startup_ccs.obj</name>
      </input_file>
      <input_file id="fl-7">
         <kind>object</kind>
         <file>&lt;internal&gt;</file>
         <name>&lt;internal&gt;</name>
      </input_file>
      <input_file id="fl-bd">
         <path>C:\TI\ti-cgt-arm_20.2.4.LTS\lib\</path>
         <kind>archive</kind>
         <file>rtsv7M4_T_le_v4SPD16_eabi.lib</file>
         <name>printf.c.obj</name>
      </input_file>
      <input_file id="fl-be">
         <path>C:\TI\ti-cgt-arm_20.2.4.LTS\lib\</path>
         <kind>archive</kind>
         <file>rtsv7M4_T_le_v4SPD16_eabi.lib</file>
         <name>_printfi.c.obj</name>
      </input_file>
      <input_file id="fl-bf">
         <path>C:\TI\ti-cgt-arm_20.2.4.LTS\lib\</path>
         <kind>archive</kind>
         <file>rtsv7M4_T_le_v4SPD16_eabi.lib</file>
         <name>fputc.c.obj</name>
      </input_file>
      <input_file id="fl-c0">
         <path>C:\TI\ti-cgt-arm_20.2.4.LTS\lib\</path>
         <kind>archive</kind>
         <file>rtsv7M4_T_le_v4SPD16_eabi.lib</file>
         <name>fputs.c.obj</name>
      </input_file>
      <input_file id="fl-c1">
         <path>C:\TI\ti-cgt-arm_20.2.4.LTS\lib\</path>
         <kind>archive</kind>
         <file>rtsv7M4_T_le_v4SPD16_eabi.lib</file>
         <name>_io_perm.c.obj</name>
      </input_file>
      <input_file id="fl-c2">
         <path>C:\TI\ti-cgt-arm_20.2.4.LTS\lib\</path>
         <kind>archive</kind>
         <file>rtsv7M4_T_le_v4SPD16_eabi.lib</file>
         <name>setvbuf.c.obj</name>
      </input_file>
      <input_file id="fl-c3">
         <path>C:\TI\ti-cgt-arm_20.2.4.LTS\lib\</path>
         <kind>archive</kind>
         <file>rtsv7M4_T_le_v4SPD16_eabi.lib</file>
         <name>s_frexp.c.obj</name>
      </input_file>
      <input_file id="fl-c4">
         <path>C:\TI\ti-cgt-arm_20.2.4.LTS\lib\</path>
         <kind>archive</kind>
         <file>rtsv7M4_T_le_v4SPD16_eabi.lib</file>
         <name>s_scalbn.c.obj</name>
      </input_file>
      <input_file id="fl-c5">
         <path>C:\TI\ti-cgt-arm_20.2.4.LTS\lib\</path>
         <kind>archive</kind>
         <file>rtsv7M4_T_le_v4SPD16_eabi.lib</file>
         <name>s_copysign.c.obj</name>
      </input_file>
      <input_file id="fl-c6">
         <path>C:\TI\ti-cgt-arm_20.2.4.LTS\lib\</path>
         <kind>archive</kind>
         <file>rtsv7M4_T_le_v4SPD16_eabi.lib</file>
         <name>ull_div_t2.asm.obj</name>
      </input_file>
      <input_file id="fl-c7">
         <path>C:\TI\ti-cgt-arm_20.2.4.LTS\lib\</path>
         <kind>archive</kind>
         <file>rtsv7M4_T_le_v4SPD16_eabi.lib</file>
         <name>memset_t2.asm.obj</name>
      </input_file>
      <input_file id="fl-c8">
         <path>C:\TI\ti-cgt-arm_20.2.4.LTS\lib\</path>
         <kind>archive</kind>
         <file>rtsv7M4_T_le_v4SPD16_eabi.lib</file>
         <name>fd_add_t2.asm.obj</name>
      </input_file>
      <input_file id="fl-c9">
         <path>C:\TI\ti-cgt-arm_20.2.4.LTS\lib\</path>
         <kind>archive</kind>
         <file>rtsv7M4_T_le_v4SPD16_eabi.lib</file>
         <name>fd_cmp_t2.asm.obj</name>
      </input_file>
      <input_file id="fl-ca">
         <path>C:\TI\ti-cgt-arm_20.2.4.LTS\lib\</path>
         <kind>archive</kind>
         <file>rtsv7M4_T_le_v4SPD16_eabi.lib</file>
         <name>fd_div_t2.asm.obj</name>
      </input_file>
      <input_file id="fl-cb">
         <path>C:\TI\ti-cgt-arm_20.2.4.LTS\lib\</path>
         <kind>archive</kind>
         <file>rtsv7M4_T_le_v4SPD16_eabi.lib</file>
         <name>fd_mul_t2.asm.obj</name>
      </input_file>
      <input_file id="fl-cc">
         <path>C:\TI\ti-cgt-arm_20.2.4.LTS\lib\</path>
         <kind>archive</kind>
         <file>rtsv7M4_T_le_v4SPD16_eabi.lib</file>
         <name>fd_toi_t2.asm.obj</name>
      </input_file>
      <input_file id="fl-cd">
         <path>C:\TI\ti-cgt-arm_20.2.4.LTS\lib\</path>
         <kind>archive</kind>
         <file>rtsv7M4_T_le_v4SPD16_eabi.lib</file>
         <name>fd_tos_t2.asm.obj</name>
      </input_file>
      <input_file id="fl-ce">
         <path>C:\TI\ti-cgt-arm_20.2.4.LTS\lib\</path>
         <kind>archive</kind>
         <file>rtsv7M4_T_le_v4SPD16_eabi.lib</file>
         <name>fs_tod_t2.asm.obj</name>
      </input_file>
      <input_file id="fl-cf">
         <path>C:\TI\ti-cgt-arm_20.2.4.LTS\lib\</path>
         <kind>archive</kind>
         <file>rtsv7M4_T_le_v4SPD16_eabi.lib</file>
         <name>i_tofd_t2.asm.obj</name>
      </input_file>
      <input_file id="fl-d0">
         <path>C:\TI\ti-cgt-arm_20.2.4.LTS\lib\</path>
         <kind>archive</kind>
         <file>rtsv7M4_T_le_v4SPD16_eabi.lib</file>
         <name>memcpy_t2.asm.obj</name>
      </input_file>
      <input_file id="fl-d1">
         <path>C:\TI\ti-cgt-arm_20.2.4.LTS\lib\</path>
         <kind>archive</kind>
         <file>rtsv7M4_T_le_v4SPD16_eabi.lib</file>
         <name>u_tofd_t2.asm.obj</name>
      </input_file>
      <input_file id="fl-d2">
         <path>C:\TI\ti-cgt-arm_20.2.4.LTS\lib\</path>
         <kind>archive</kind>
         <file>rtsv7M4_T_le_v4SPD16_eabi.lib</file>
         <name>copy_zero_init.c.obj</name>
      </input_file>
      <input_file id="fl-d3">
         <path>C:\TI\ti-cgt-arm_20.2.4.LTS\lib\</path>
         <kind>archive</kind>
         <file>rtsv7M4_T_le_v4SPD16_eabi.lib</file>
         <name>copy_decompress_none.c.obj</name>
      </input_file>
      <input_file id="fl-d4">
         <path>C:\TI\ti-cgt-arm_20.2.4.LTS\lib\</path>
         <kind>archive</kind>
         <file>rtsv7M4_T_le_v4SPD16_eabi.lib</file>
         <name>copy_decompress_lzss.c.obj</name>
      </input_file>
      <input_file id="fl-d5">
         <path>C:\TI\ti-cgt-arm_20.2.4.LTS\lib\</path>
         <kind>archive</kind>
         <file>rtsv7M4_T_le_v4SPD16_eabi.lib</file>
         <name>exit.c.obj</name>
      </input_file>
      <input_file id="fl-d6">
         <path>C:\TI\ti-cgt-arm_20.2.4.LTS\lib\</path>
         <kind>archive</kind>
         <file>rtsv7M4_T_le_v4SPD16_eabi.lib</file>
         <name>_lock.c.obj</name>
      </input_file>
      <input_file id="fl-d7">
         <path>C:\TI\ti-cgt-arm_20.2.4.LTS\lib\</path>
         <kind>archive</kind>
         <file>rtsv7M4_T_le_v4SPD16_eabi.lib</file>
         <name>_ltoa.c.obj</name>
      </input_file>
      <input_file id="fl-d8">
         <path>C:\TI\ti-cgt-arm_20.2.4.LTS\lib\</path>
         <kind>archive</kind>
         <file>rtsv7M4_T_le_v4SPD16_eabi.lib</file>
         <name>atoi.c.obj</name>
      </input_file>
      <input_file id="fl-d9">
         <path>C:\TI\ti-cgt-arm_20.2.4.LTS\lib\</path>
         <kind>archive</kind>
         <file>rtsv7M4_T_le_v4SPD16_eabi.lib</file>
         <name>ctype.c.obj</name>
      </input_file>
      <input_file id="fl-da">
         <path>C:\TI\ti-cgt-arm_20.2.4.LTS\lib\</path>
         <kind>archive</kind>
         <file>rtsv7M4_T_le_v4SPD16_eabi.lib</file>
         <name>defs.c.obj</name>
      </input_file>
      <input_file id="fl-db">
         <path>C:\TI\ti-cgt-arm_20.2.4.LTS\lib\</path>
         <kind>archive</kind>
         <file>rtsv7M4_T_le_v4SPD16_eabi.lib</file>
         <name>memccpy.c.obj</name>
      </input_file>
      <input_file id="fl-dc">
         <path>C:\TI\ti-cgt-arm_20.2.4.LTS\lib\</path>
         <kind>archive</kind>
         <file>rtsv7M4_T_le_v4SPD16_eabi.lib</file>
         <name>memchr.c.obj</name>
      </input_file>
      <input_file id="fl-dd">
         <path>C:\TI\ti-cgt-arm_20.2.4.LTS\lib\</path>
         <kind>archive</kind>
         <file>rtsv7M4_T_le_v4SPD16_eabi.lib</file>
         <name>memory.c.obj</name>
      </input_file>
      <input_file id="fl-de">
         <path>C:\TI\ti-cgt-arm_20.2.4.LTS\lib\</path>
         <kind>archive</kind>
         <file>rtsv7M4_T_le_v4SPD16_eabi.lib</file>
         <name>strchr.c.obj</name>
      </input_file>
      <input_file id="fl-df">
         <path>C:\TI\ti-cgt-arm_20.2.4.LTS\lib\</path>
         <kind>archive</kind>
         <file>rtsv7M4_T_le_v4SPD16_eabi.lib</file>
         <name>strlen.c.obj</name>
      </input_file>
      <input_file id="fl-e0">
         <path>C:\TI\ti-cgt-arm_20.2.4.LTS\lib\</path>
         <kind>archive</kind>
         <file>rtsv7M4_T_le_v4SPD16_eabi.lib</file>
         <name>errno.c.obj</name>
      </input_file>
      <input_file id="fl-e1">
         <path>C:\TI\ti-cgt-arm_20.2.4.LTS\lib\</path>
         <kind>archive</kind>
         <file>rtsv7M4_T_le_v4SPD16_eabi.lib</file>
         <name>boot_cortex_m.c.obj</name>
      </input_file>
      <input_file id="fl-e2">
         <path>C:\TI\ti-cgt-arm_20.2.4.LTS\lib\</path>
         <kind>archive</kind>
         <file>rtsv7M4_T_le_v4SPD16_eabi.lib</file>
         <name>write.c.obj</name>
      </input_file>
      <input_file id="fl-e3">
         <path>C:\TI\ti-cgt-arm_20.2.4.LTS\lib\</path>
         <kind>archive</kind>
         <file>rtsv7M4_T_le_v4SPD16_eabi.lib</file>
         <name>host_device.c.obj</name>
      </input_file>
      <input_file id="fl-e4">
         <path>C:\TI\ti-cgt-arm_20.2.4.LTS\lib\</path>
         <kind>archive</kind>
         <file>rtsv7M4_T_le_v4SPD16_eabi.lib</file>
         <name>wcslen.c.obj</name>
      </input_file>
      <input_file id="fl-e5">
         <path>C:\TI\ti-cgt-arm_20.2.4.LTS\lib\</path>
         <kind>archive</kind>
         <file>rtsv7M4_T_le_v4SPD16_eabi.lib</file>
         <name>fflush.c.obj</name>
      </input_file>
      <input_file id="fl-e6">
         <path>C:\TI\ti-cgt-arm_20.2.4.LTS\lib\</path>
         <kind>archive</kind>
         <file>rtsv7M4_T_le_v4SPD16_eabi.lib</file>
         <name>fopen.c.obj</name>
      </input_file>
      <input_file id="fl-e7">
         <path>C:\TI\ti-cgt-arm_20.2.4.LTS\lib\</path>
         <kind>archive</kind>
         <file>rtsv7M4_T_le_v4SPD16_eabi.lib</file>
         <name>fseek.c.obj</name>
      </input_file>
      <input_file id="fl-e8">
         <path>C:\TI\ti-cgt-arm_20.2.4.LTS\lib\</path>
         <kind>archive</kind>
         <file>rtsv7M4_T_le_v4SPD16_eabi.lib</file>
         <name>div0.asm.obj</name>
      </input_file>
      <input_file id="fl-e9">
         <path>C:\TI\ti-cgt-arm_20.2.4.LTS\lib\</path>
         <kind>archive</kind>
         <file>rtsv7M4_T_le_v4SPD16_eabi.lib</file>
         <name>autoinit.c.obj</name>
      </input_file>
      <input_file id="fl-ea">
         <path>C:\TI\ti-cgt-arm_20.2.4.LTS\lib\</path>
         <kind>archive</kind>
         <file>rtsv7M4_T_le_v4SPD16_eabi.lib</file>
         <name>pre_init.c.obj</name>
      </input_file>
      <input_file id="fl-eb">
         <path>C:\TI\ti-cgt-arm_20.2.4.LTS\lib\</path>
         <kind>archive</kind>
         <file>rtsv7M4_T_le_v4SPD16_eabi.lib</file>
         <name>cpy_tbl.c.obj</name>
      </input_file>
      <input_file id="fl-ec">
         <path>C:\TI\ti-cgt-arm_20.2.4.LTS\lib\</path>
         <kind>archive</kind>
         <file>rtsv7M4_T_le_v4SPD16_eabi.lib</file>
         <name>args_main.c.obj</name>
      </input_file>
      <input_file id="fl-ed">
         <path>C:\TI\ti-cgt-arm_20.2.4.LTS\lib\</path>
         <kind>archive</kind>
         <file>rtsv7M4_T_le_v4SPD16_eabi.lib</file>
         <name>hostclose.c.obj</name>
      </input_file>
      <input_file id="fl-ee">
         <path>C:\TI\ti-cgt-arm_20.2.4.LTS\lib\</path>
         <kind>archive</kind>
         <file>rtsv7M4_T_le_v4SPD16_eabi.lib</file>
         <name>hostlseek.c.obj</name>
      </input_file>
      <input_file id="fl-ef">
         <path>C:\TI\ti-cgt-arm_20.2.4.LTS\lib\</path>
         <kind>archive</kind>
         <file>rtsv7M4_T_le_v4SPD16_eabi.lib</file>
         <name>hostopen.c.obj</name>
      </input_file>
      <input_file id="fl-f0">
         <path>C:\TI\ti-cgt-arm_20.2.4.LTS\lib\</path>
         <kind>archive</kind>
         <file>rtsv7M4_T_le_v4SPD16_eabi.lib</file>
         <name>hostread.c.obj</name>
      </input_file>
      <input_file id="fl-f1">
         <path>C:\TI\ti-cgt-arm_20.2.4.LTS\lib\</path>
         <kind>archive</kind>
         <file>rtsv7M4_T_le_v4SPD16_eabi.lib</file>
         <name>hostrename.c.obj</name>
      </input_file>
      <input_file id="fl-f2">
         <path>C:\TI\ti-cgt-arm_20.2.4.LTS\lib\</path>
         <kind>archive</kind>
         <file>rtsv7M4_T_le_v4SPD16_eabi.lib</file>
         <name>hostunlink.c.obj</name>
      </input_file>
      <input_file id="fl-f3">
         <path>C:\TI\ti-cgt-arm_20.2.4.LTS\lib\</path>
         <kind>archive</kind>
         <file>rtsv7M4_T_le_v4SPD16_eabi.lib</file>
         <name>hostwrite.c.obj</name>
      </input_file>
      <input_file id="fl-f4">
         <path>C:\TI\ti-cgt-arm_20.2.4.LTS\lib\</path>
         <kind>archive</kind>
         <file>rtsv7M4_T_le_v4SPD16_eabi.lib</file>
         <name>trgmsg.c.obj</name>
      </input_file>
      <input_file id="fl-f5">
         <path>C:\TI\ti-cgt-arm_20.2.4.LTS\lib\</path>
         <kind>archive</kind>
         <file>rtsv7M4_T_le_v4SPD16_eabi.lib</file>
         <name>open.c.obj</name>
      </input_file>
      <input_file id="fl-f6">
         <path>C:\TI\ti-cgt-arm_20.2.4.LTS\lib\</path>
         <kind>archive</kind>
         <file>rtsv7M4_T_le_v4SPD16_eabi.lib</file>
         <name>lseek.c.obj</name>
      </input_file>
      <input_file id="fl-f7">
         <path>C:\TI\ti-cgt-arm_20.2.4.LTS\lib\</path>
         <kind>archive</kind>
         <file>rtsv7M4_T_le_v4SPD16_eabi.lib</file>
         <name>fclose.c.obj</name>
      </input_file>
      <input_file id="fl-f8">
         <path>C:\TI\ti-cgt-arm_20.2.4.LTS\lib\</path>
         <kind>archive</kind>
         <file>rtsv7M4_T_le_v4SPD16_eabi.lib</file>
         <name>getdevice.c.obj</name>
      </input_file>
      <input_file id="fl-f9">
         <path>C:\TI\ti-cgt-arm_20.2.4.LTS\lib\</path>
         <kind>archive</kind>
         <file>rtsv7M4_T_le_v4SPD16_eabi.lib</file>
         <name>strcmp.c.obj</name>
      </input_file>
      <input_file id="fl-fa">
         <path>C:\TI\ti-cgt-arm_20.2.4.LTS\lib\</path>
         <kind>archive</kind>
         <file>rtsv7M4_T_le_v4SPD16_eabi.lib</file>
         <name>strcpy.c.obj</name>
      </input_file>
      <input_file id="fl-fb">
         <path>C:\TI\ti-cgt-arm_20.2.4.LTS\lib\</path>
         <kind>archive</kind>
         <file>rtsv7M4_T_le_v4SPD16_eabi.lib</file>
         <name>strncpy.c.obj</name>
      </input_file>
      <input_file id="fl-fc">
         <path>C:\TI\ti-cgt-arm_20.2.4.LTS\lib\</path>
         <kind>archive</kind>
         <file>rtsv7M4_T_le_v4SPD16_eabi.lib</file>
         <name>remove.c.obj</name>
      </input_file>
      <input_file id="fl-fd">
         <path>C:\TI\ti-cgt-arm_20.2.4.LTS\lib\</path>
         <kind>archive</kind>
         <file>rtsv7M4_T_le_v4SPD16_eabi.lib</file>
         <name>close.c.obj</name>
      </input_file>
      <input_file id="fl-fe">
         <path>C:\TI\ti-cgt-arm_20.2.4.LTS\lib\</path>
         <kind>archive</kind>
         <file>rtsv7M4_T_le_v4SPD16_eabi.lib</file>
         <name>unlink.c.obj</name>
      </input_file>
   </input_file_list>
   <object_component_list>
      <object_component id="oc-12">
         <name>.intvecs</name>
         <load_address>0x0</load_address>
         <run_address>0x0</run_address>
         <size>0x208</size>
         <input_file_ref idref="fl-3"/>
      </object_component>
      <object_component id="oc-e0">
         <name>.text:__TI_printfi</name>
         <load_address>0x208</load_address>
         <run_address>0x208</run_address>
         <size>0xa4e</size>
         <input_file_ref idref="fl-be"/>
      </object_component>
      <object_component id="oc-1a6">
         <name>.text:_nop</name>
         <load_address>0xc56</load_address>
         <run_address>0xc56</run_address>
         <size>0x2</size>
         <input_file_ref idref="fl-d6"/>
      </object_component>
      <object_component id="oc-30">
         <name>.text</name>
         <load_address>0xc58</load_address>
         <run_address>0xc58</run_address>
         <size>0x274</size>
         <input_file_ref idref="fl-2"/>
      </object_component>
      <object_component id="oc-182">
         <name>.text:_pconv_a</name>
         <load_address>0xecc</load_address>
         <run_address>0xecc</run_address>
         <size>0x270</size>
         <input_file_ref idref="fl-be"/>
      </object_component>
      <object_component id="oc-170">
         <name>.text:_pconv_g</name>
         <load_address>0x113c</load_address>
         <run_address>0x113c</run_address>
         <size>0x1d0</size>
         <input_file_ref idref="fl-be"/>
      </object_component>
      <object_component id="oc-20e">
         <name>.text</name>
         <load_address>0x130c</load_address>
         <run_address>0x130c</run_address>
         <size>0x1b6</size>
         <input_file_ref idref="fl-c8"/>
      </object_component>
      <object_component id="oc-29f">
         <name>.text</name>
         <load_address>0x14c2</load_address>
         <run_address>0x14c2</run_address>
         <size>0x2</size>
         <input_file_ref idref="fl-e8"/>
      </object_component>
      <object_component id="oc-17c">
         <name>.text:_pconv_e</name>
         <load_address>0x14c4</load_address>
         <run_address>0x14c4</run_address>
         <size>0x13c</size>
         <input_file_ref idref="fl-be"/>
      </object_component>
      <object_component id="oc-8b">
         <name>.text</name>
         <load_address>0x1600</load_address>
         <run_address>0x1600</run_address>
         <size>0x136</size>
         <input_file_ref idref="fl-ca"/>
      </object_component>
      <object_component id="oc-220">
         <name>.text:fcvt</name>
         <load_address>0x1738</load_address>
         <run_address>0x1738</run_address>
         <size>0x124</size>
         <input_file_ref idref="fl-be"/>
      </object_component>
      <object_component id="oc-1b4">
         <name>.text:fputs</name>
         <load_address>0x185c</load_address>
         <run_address>0x185c</run_address>
         <size>0x114</size>
         <input_file_ref idref="fl-c0"/>
      </object_component>
      <object_component id="oc-234">
         <name>.text:scalbn</name>
         <load_address>0x1970</load_address>
         <run_address>0x1970</run_address>
         <size>0x110</size>
         <input_file_ref idref="fl-c4"/>
      </object_component>
      <object_component id="oc-355">
         <name>.text:aligned_alloc</name>
         <load_address>0x1a80</load_address>
         <run_address>0x1a80</run_address>
         <size>0x100</size>
         <input_file_ref idref="fl-dd"/>
      </object_component>
      <object_component id="oc-1f4">
         <name>.text</name>
         <load_address>0x1b80</load_address>
         <run_address>0x1b80</run_address>
         <size>0xfc</size>
         <input_file_ref idref="fl-cb"/>
      </object_component>
      <object_component id="oc-313">
         <name>.text:free</name>
         <load_address>0x1c7c</load_address>
         <run_address>0x1c7c</run_address>
         <size>0xe4</size>
         <input_file_ref idref="fl-dd"/>
      </object_component>
      <object_component id="oc-2d9">
         <name>.text:setvbuf</name>
         <load_address>0x1d60</load_address>
         <run_address>0x1d60</run_address>
         <size>0xdc</size>
         <input_file_ref idref="fl-c2"/>
      </object_component>
      <object_component id="oc-165">
         <name>.text:_ltostr</name>
         <load_address>0x1e3c</load_address>
         <run_address>0x1e3c</run_address>
         <size>0xb1</size>
         <input_file_ref idref="fl-be"/>
      </object_component>
      <object_component id="oc-44">
         <name>.text</name>
         <load_address>0x1eee</load_address>
         <run_address>0x1eee</run_address>
         <size>0x9c</size>
         <input_file_ref idref="fl-d0"/>
      </object_component>
      <object_component id="oc-1ed">
         <name>.text</name>
         <load_address>0x1f8a</load_address>
         <run_address>0x1f8a</run_address>
         <size>0x96</size>
         <input_file_ref idref="fl-c6"/>
      </object_component>
      <object_component id="oc-1bb">
         <name>.text:fputc</name>
         <load_address>0x2020</load_address>
         <run_address>0x2020</run_address>
         <size>0x8c</size>
         <input_file_ref idref="fl-bf"/>
      </object_component>
      <object_component id="oc-16b">
         <name>.text:__aeabi_cdcmple</name>
         <load_address>0x20ac</load_address>
         <run_address>0x20ac</run_address>
         <size>0x86</size>
         <input_file_ref idref="fl-c9"/>
      </object_component>
      <object_component id="oc-1f9">
         <name>.text:__aeabi_cdrcmple</name>
         <load_address>0x2132</load_address>
         <run_address>0x2132</run_address>
         <size>0x86</size>
         <input_file_ref idref="fl-c9"/>
      </object_component>
      <object_component id="oc-bb">
         <name>.text</name>
         <load_address>0x21b8</load_address>
         <run_address>0x21b8</run_address>
         <size>0x7a</size>
         <input_file_ref idref="fl-c7"/>
      </object_component>
      <object_component id="oc-35c">
         <name>.text:__TI_closefile</name>
         <load_address>0x2234</load_address>
         <run_address>0x2234</run_address>
         <size>0x74</size>
         <input_file_ref idref="fl-f7"/>
      </object_component>
      <object_component id="oc-39d">
         <name>.text:split</name>
         <load_address>0x22a8</load_address>
         <run_address>0x22a8</run_address>
         <size>0x70</size>
         <input_file_ref idref="fl-dd"/>
      </object_component>
      <object_component id="oc-219">
         <name>.text:_mcpy</name>
         <load_address>0x2318</load_address>
         <run_address>0x2318</run_address>
         <size>0x6e</size>
         <input_file_ref idref="fl-be"/>
      </object_component>
      <object_component id="oc-90">
         <name>.text</name>
         <load_address>0x2386</load_address>
         <run_address>0x2386</run_address>
         <size>0x6e</size>
         <input_file_ref idref="fl-cd"/>
      </object_component>
      <object_component id="oc-38c">
         <name>.text:HOSTrename</name>
         <load_address>0x23f4</load_address>
         <run_address>0x23f4</run_address>
         <size>0x6c</size>
         <input_file_ref idref="fl-f1"/>
      </object_component>
      <object_component id="oc-380">
         <name>.text:HOSTlseek</name>
         <load_address>0x2460</load_address>
         <run_address>0x2460</run_address>
         <size>0x68</size>
         <input_file_ref idref="fl-ee"/>
      </object_component>
      <object_component id="oc-15">
         <name>.text:decompress:lzss:__TI_decompress_lzss</name>
         <load_address>0x24c8</load_address>
         <run_address>0x24c8</run_address>
         <size>0x68</size>
         <input_file_ref idref="fl-d4"/>
      </object_component>
      <object_component id="oc-80">
         <name>.text:printf</name>
         <load_address>0x2530</load_address>
         <run_address>0x2530</run_address>
         <size>0x68</size>
         <input_file_ref idref="fl-bd"/>
      </object_component>
      <object_component id="oc-22e">
         <name>.text:frexp</name>
         <load_address>0x2598</load_address>
         <run_address>0x2598</run_address>
         <size>0x64</size>
         <input_file_ref idref="fl-c3"/>
      </object_component>
      <object_component id="oc-2d3">
         <name>.text:fseek</name>
         <load_address>0x25fc</load_address>
         <run_address>0x25fc</run_address>
         <size>0x64</size>
         <input_file_ref idref="fl-e7"/>
      </object_component>
      <object_component id="oc-265">
         <name>.text:__TI_wrt_ok</name>
         <load_address>0x2660</load_address>
         <run_address>0x2660</run_address>
         <size>0x62</size>
         <input_file_ref idref="fl-c1"/>
      </object_component>
      <object_component id="oc-368">
         <name>.text:HOSTopen</name>
         <load_address>0x26c4</load_address>
         <run_address>0x26c4</run_address>
         <size>0x60</size>
         <input_file_ref idref="fl-ef"/>
      </object_component>
      <object_component id="oc-3a4">
         <name>.text:close</name>
         <load_address>0x2724</load_address>
         <run_address>0x2724</run_address>
         <size>0x5c</size>
         <input_file_ref idref="fl-fd"/>
      </object_component>
      <object_component id="oc-374">
         <name>.text:HOSTread</name>
         <load_address>0x2780</load_address>
         <run_address>0x2780</run_address>
         <size>0x58</size>
         <input_file_ref idref="fl-f0"/>
      </object_component>
      <object_component id="oc-37a">
         <name>.text:HOSTwrite</name>
         <load_address>0x27d8</load_address>
         <run_address>0x27d8</run_address>
         <size>0x58</size>
         <input_file_ref idref="fl-f3"/>
      </object_component>
      <object_component id="oc-176">
         <name>.text:_pconv_f</name>
         <load_address>0x2830</load_address>
         <run_address>0x2830</run_address>
         <size>0x56</size>
         <input_file_ref idref="fl-be"/>
      </object_component>
      <object_component id="oc-203">
         <name>.text:__TI_ltoa</name>
         <load_address>0x2886</load_address>
         <run_address>0x2886</run_address>
         <size>0x54</size>
         <input_file_ref idref="fl-d7"/>
      </object_component>
      <object_component id="oc-213">
         <name>.text:_ecpy</name>
         <load_address>0x28da</load_address>
         <run_address>0x28da</run_address>
         <size>0x52</size>
         <input_file_ref idref="fl-be"/>
      </object_component>
      <object_component id="oc-271">
         <name>.text:__TI_doflush</name>
         <load_address>0x292c</load_address>
         <run_address>0x292c</run_address>
         <size>0x4c</size>
         <input_file_ref idref="fl-e5"/>
      </object_component>
      <object_component id="oc-15f">
         <name>.text:atoi</name>
         <load_address>0x2978</load_address>
         <run_address>0x2978</run_address>
         <size>0x4c</size>
         <input_file_ref idref="fl-d8"/>
      </object_component>
      <object_component id="oc-121">
         <name>.text:exit</name>
         <load_address>0x29c4</load_address>
         <run_address>0x29c4</run_address>
         <size>0x48</size>
         <input_file_ref idref="fl-d5"/>
      </object_component>
      <object_component id="oc-1fe">
         <name>.text</name>
         <load_address>0x2a0c</load_address>
         <run_address>0x2a0c</run_address>
         <size>0x48</size>
         <input_file_ref idref="fl-cc"/>
      </object_component>
      <object_component id="oc-36e">
         <name>.text:HOSTclose</name>
         <load_address>0x2a54</load_address>
         <run_address>0x2a54</run_address>
         <size>0x44</size>
         <input_file_ref idref="fl-ed"/>
      </object_component>
      <object_component id="oc-386">
         <name>.text:HOSTunlink</name>
         <load_address>0x2a98</load_address>
         <run_address>0x2a98</run_address>
         <size>0x44</size>
         <input_file_ref idref="fl-f2"/>
      </object_component>
      <object_component id="oc-127">
         <name>.text:__TI_auto_init_nobinit_nopinit:__TI_auto_init_nobinit_nopinit</name>
         <load_address>0x2adc</load_address>
         <run_address>0x2adc</run_address>
         <size>0x44</size>
         <input_file_ref idref="fl-e9"/>
      </object_component>
      <object_component id="oc-3dc">
         <name>.text:getdevice</name>
         <load_address>0x2b20</load_address>
         <run_address>0x2b20</run_address>
         <size>0x44</size>
         <input_file_ref idref="fl-f8"/>
      </object_component>
      <object_component id="oc-226">
         <name>.text:_fcpy</name>
         <load_address>0x2b64</load_address>
         <run_address>0x2b64</run_address>
         <size>0x3e</size>
         <input_file_ref idref="fl-be"/>
      </object_component>
      <object_component id="oc-3b5">
         <name>.text:__TI_writemsg</name>
         <load_address>0x2ba4</load_address>
         <run_address>0x2ba4</run_address>
         <size>0x38</size>
         <input_file_ref idref="fl-f4"/>
      </object_component>
      <object_component id="oc-7b">
         <name>.text</name>
         <load_address>0x2bdc</load_address>
         <run_address>0x2bdc</run_address>
         <size>0x38</size>
         <input_file_ref idref="fl-ce"/>
      </object_component>
      <object_component id="oc-3fe">
         <name>.text:strncpy</name>
         <load_address>0x2c14</load_address>
         <run_address>0x2c14</run_address>
         <size>0x36</size>
         <input_file_ref idref="fl-fb"/>
      </object_component>
      <object_component id="oc-31f">
         <name>.text:__TI_cleanup</name>
         <load_address>0x2c4c</load_address>
         <run_address>0x2c4c</run_address>
         <size>0x34</size>
         <input_file_ref idref="fl-e6"/>
      </object_component>
      <object_component id="oc-3bb">
         <name>.text:__TI_readmsg</name>
         <load_address>0x2c80</load_address>
         <run_address>0x2c80</run_address>
         <size>0x34</size>
         <input_file_ref idref="fl-f4"/>
      </object_component>
      <object_component id="oc-62">
         <name>.text:_c_int00_noargs:_c_int00_noargs</name>
         <load_address>0x2cb4</load_address>
         <run_address>0x2cb4</run_address>
         <size>0x34</size>
         <input_file_ref idref="fl-e1"/>
      </object_component>
      <object_component id="oc-404">
         <name>.text:finddevice</name>
         <load_address>0x2ce8</load_address>
         <run_address>0x2ce8</run_address>
         <size>0x30</size>
         <input_file_ref idref="fl-f8"/>
      </object_component>
      <object_component id="oc-209">
         <name>.text</name>
         <load_address>0x2d18</load_address>
         <run_address>0x2d18</run_address>
         <size>0x2e</size>
         <input_file_ref idref="fl-cf"/>
      </object_component>
      <object_component id="oc-3aa">
         <name>.text:unlink</name>
         <load_address>0x2d48</load_address>
         <run_address>0x2d48</run_address>
         <size>0x2c</size>
         <input_file_ref idref="fl-fe"/>
      </object_component>
      <object_component id="oc-34e">
         <name>.text:free_list_insert</name>
         <load_address>0x2d74</load_address>
         <run_address>0x2d74</run_address>
         <size>0x28</size>
         <input_file_ref idref="fl-dd"/>
      </object_component>
      <object_component id="oc-30b">
         <name>.text:lseek</name>
         <load_address>0x2d9c</load_address>
         <run_address>0x2d9c</run_address>
         <size>0x28</size>
         <input_file_ref idref="fl-f6"/>
      </object_component>
      <object_component id="oc-277">
         <name>.text:write</name>
         <load_address>0x2dc4</load_address>
         <run_address>0x2dc4</run_address>
         <size>0x28</size>
         <input_file_ref idref="fl-e2"/>
      </object_component>
      <object_component id="oc-26b">
         <name>.text:memchr</name>
         <load_address>0x2dec</load_address>
         <run_address>0x2dec</run_address>
         <size>0x20</size>
         <input_file_ref idref="fl-dc"/>
      </object_component>
      <object_component id="oc-86">
         <name>.text</name>
         <load_address>0x2e0c</load_address>
         <run_address>0x2e0c</run_address>
         <size>0x20</size>
         <input_file_ref idref="fl-d1"/>
      </object_component>
      <object_component id="oc-50">
         <name>.text:decompress:ZI:__TI_zero_init_nomemset:__TI_zero_init_nomemset</name>
         <load_address>0x2e2c</load_address>
         <run_address>0x2e2c</run_address>
         <size>0x1c</size>
         <input_file_ref idref="fl-d2"/>
      </object_component>
      <object_component id="oc-348">
         <name>.text:free_list_remove</name>
         <load_address>0x2e48</load_address>
         <run_address>0x2e48</run_address>
         <size>0x1c</size>
         <input_file_ref idref="fl-dd"/>
      </object_component>
      <object_component id="oc-188">
         <name>.text:memccpy</name>
         <load_address>0x2e64</load_address>
         <run_address>0x2e64</run_address>
         <size>0x1c</size>
         <input_file_ref idref="fl-db"/>
      </object_component>
      <object_component id="oc-2b7">
         <name>.text:copysign</name>
         <load_address>0x2e80</load_address>
         <run_address>0x2e80</run_address>
         <size>0x1a</size>
         <input_file_ref idref="fl-c5"/>
      </object_component>
      <object_component id="oc-41b">
         <name>.text:strcmp</name>
         <load_address>0x2e9a</load_address>
         <run_address>0x2e9a</run_address>
         <size>0x18</size>
         <input_file_ref idref="fl-f9"/>
      </object_component>
      <object_component id="oc-23a">
         <name>.text:strchr</name>
         <load_address>0x2eb2</load_address>
         <run_address>0x2eb2</run_address>
         <size>0x16</size>
         <input_file_ref idref="fl-de"/>
      </object_component>
      <object_component id="oc-3cf">
         <name>.text:strcpy</name>
         <load_address>0x2ec8</load_address>
         <run_address>0x2ec8</run_address>
         <size>0x14</size>
         <input_file_ref idref="fl-fa"/>
      </object_component>
      <object_component id="oc-159">
         <name>.text:strlen</name>
         <load_address>0x2edc</load_address>
         <run_address>0x2edc</run_address>
         <size>0x14</size>
         <input_file_ref idref="fl-df"/>
      </object_component>
      <object_component id="oc-18e">
         <name>.text:wcslen</name>
         <load_address>0x2ef0</load_address>
         <run_address>0x2ef0</run_address>
         <size>0x12</size>
         <input_file_ref idref="fl-e4"/>
      </object_component>
      <object_component id="oc-1b">
         <name>.text:decompress:none:__TI_decompress_none</name>
         <load_address>0x2f02</load_address>
         <run_address>0x2f02</run_address>
         <size>0xe</size>
         <input_file_ref idref="fl-d3"/>
      </object_component>
      <object_component id="oc-2a">
         <name>.text</name>
         <load_address>0x2f10</load_address>
         <run_address>0x2f10</run_address>
         <size>0xc</size>
         <input_file_ref idref="fl-3"/>
      </object_component>
      <object_component id="oc-194">
         <name>.text:__aeabi_errno_addr</name>
         <load_address>0x2f1c</load_address>
         <run_address>0x2f1c</run_address>
         <size>0x8</size>
         <input_file_ref idref="fl-e0"/>
      </object_component>
      <object_component id="oc-319">
         <name>.text:malloc</name>
         <load_address>0x2f24</load_address>
         <run_address>0x2f24</run_address>
         <size>0x8</size>
         <input_file_ref idref="fl-dd"/>
      </object_component>
      <object_component id="oc-f2">
         <name>.text:_outc</name>
         <load_address>0x2f2c</load_address>
         <run_address>0x2f2c</run_address>
         <size>0x4</size>
         <input_file_ref idref="fl-bd"/>
      </object_component>
      <object_component id="oc-ec">
         <name>.text:_outs</name>
         <load_address>0x2f30</load_address>
         <run_address>0x2f30</run_address>
         <size>0x4</size>
         <input_file_ref idref="fl-bd"/>
      </object_component>
      <object_component id="oc-c1">
         <name>.text:_system_pre_init</name>
         <load_address>0x2f34</load_address>
         <run_address>0x2f34</run_address>
         <size>0x4</size>
         <input_file_ref idref="fl-ea"/>
      </object_component>
      <object_component id="oc-11b">
         <name>.text:abort:abort</name>
         <load_address>0x2f38</load_address>
         <run_address>0x2f38</run_address>
         <size>0x4</size>
         <input_file_ref idref="fl-d5"/>
      </object_component>
      <object_component id="oc-1e8">
         <name>.const:.string:_ctypes_</name>
         <load_address>0x2f3c</load_address>
         <run_address>0x2f3c</run_address>
         <size>0x101</size>
         <input_file_ref idref="fl-d9"/>
      </object_component>
      <object_component id="oc-455">
         <name>.cinit..data.load</name>
         <load_address>0x3040</load_address>
         <run_address>0x3040</run_address>
         <size>0x67</size>
      </object_component>
      <object_component id="oc-453">
         <name>__TI_handler_table</name>
         <load_address>0x30a8</load_address>
         <run_address>0x30a8</run_address>
         <size>0xc</size>
      </object_component>
      <object_component id="oc-456">
         <name>.cinit..bss.load</name>
         <load_address>0x30b8</load_address>
         <run_address>0x30b8</run_address>
         <size>0x8</size>
      </object_component>
      <object_component id="oc-454">
         <name>__TI_cinit_table</name>
         <load_address>0x30c0</load_address>
         <run_address>0x30c0</run_address>
         <size>0x10</size>
      </object_component>
      <object_component id="oc-95">
         <name>.data</name>
         <load_address>0x200011e4</load_address>
         <run_address>0x200011e4</run_address>
         <size>0x8</size>
         <input_file_ref idref="fl-2"/>
      </object_component>
      <object_component id="oc-1ca">
         <name>.data:$O1$$</name>
         <load_address>0x200011c8</load_address>
         <run_address>0x200011c8</run_address>
         <size>0xc</size>
         <input_file_ref idref="fl-d5"/>
      </object_component>
      <object_component id="oc-e6">
         <name>.data:$O1$$</name>
         <load_address>0x200011d4</load_address>
         <run_address>0x200011d4</run_address>
         <size>0x8</size>
         <input_file_ref idref="fl-d6"/>
      </object_component>
      <object_component id="oc-e9">
         <name>.data:_ftable</name>
         <load_address>0x20001000</load_address>
         <run_address>0x20001000</run_address>
         <size>0xf0</size>
         <input_file_ref idref="fl-da"/>
      </object_component>
      <object_component id="oc-362">
         <name>.data</name>
         <load_address>0x200011b8</load_address>
         <run_address>0x200011b8</run_address>
         <size>0x10</size>
         <input_file_ref idref="fl-da"/>
      </object_component>
      <object_component id="oc-398">
         <name>.data:$O1$$</name>
         <load_address>0x200011dc</load_address>
         <run_address>0x200011dc</run_address>
         <size>0x8</size>
         <input_file_ref idref="fl-dd"/>
      </object_component>
      <object_component id="oc-24a">
         <name>.data</name>
         <load_address>0x200011ec</load_address>
         <run_address>0x200011ec</run_address>
         <size>0x4</size>
         <input_file_ref idref="fl-e0"/>
      </object_component>
      <object_component id="oc-332">
         <name>.data:_device</name>
         <load_address>0x200010f0</load_address>
         <run_address>0x200010f0</run_address>
         <size>0x78</size>
         <input_file_ref idref="fl-e3"/>
      </object_component>
      <object_component id="oc-2e5">
         <name>.data:_stream</name>
         <load_address>0x20001168</load_address>
         <run_address>0x20001168</run_address>
         <size>0x50</size>
         <input_file_ref idref="fl-e3"/>
      </object_component>
      <object_component id="oc-3e6">
         <name>.bss:_CIOBUF_</name>
         <uninitialized>true</uninitialized>
         <run_address>0x200011f0</run_address>
         <size>0x120</size>
         <input_file_ref idref="fl-f4"/>
      </object_component>
      <object_component id="oc-3b0">
         <name>.common:__TI_tmpnams</name>
         <uninitialized>true</uninitialized>
         <run_address>0x20001310</run_address>
         <size>0xa0</size>
      </object_component>
      <object_component id="oc-3c1">
         <name>.common:parmbuf</name>
         <uninitialized>true</uninitialized>
         <run_address>0x200013b0</run_address>
         <size>0x8</size>
      </object_component>
      <object_component id="oc-24">
         <name>.sysmem</name>
         <uninitialized>true</uninitialized>
         <run_address>0x20000800</run_address>
         <size>0x10</size>
         <input_file_ref idref="fl-dd"/>
      </object_component>
      <object_component id="oc-459">
         <name>.sysmem</name>
         <uninitialized>true</uninitialized>
         <run_address>0x20000800</run_address>
         <size>0x0</size>
      </object_component>
      <object_component id="oc-27">
         <name>.stack</name>
         <uninitialized>true</uninitialized>
         <run_address>0x20000000</run_address>
         <size>0x4</size>
         <input_file_ref idref="fl-e1"/>
      </object_component>
      <object_component id="oc-458">
         <name>.stack</name>
         <uninitialized>true</uninitialized>
         <run_address>0x20000000</run_address>
         <size>0x0</size>
      </object_component>
      <object_component id="oc-99">
         <name>.debug_info</name>
         <load_address>0x0</load_address>
         <run_address>0x0</run_address>
         <size>0x29f</size>
         <input_file_ref idref="fl-2"/>
      </object_component>
      <object_component id="oc-96">
         <name>.debug_info</name>
         <load_address>0x29f</load_address>
         <run_address>0x29f</run_address>
         <size>0xfd</size>
         <input_file_ref idref="fl-2"/>
      </object_component>
      <object_component id="oc-31">
         <name>.debug_info</name>
         <load_address>0x39c</load_address>
         <run_address>0x39c</run_address>
         <size>0x34c</size>
         <input_file_ref idref="fl-2"/>
      </object_component>
      <object_component id="oc-9c">
         <name>.debug_info</name>
         <load_address>0x6e8</load_address>
         <run_address>0x6e8</run_address>
         <size>0x26b</size>
         <input_file_ref idref="fl-2"/>
      </object_component>
      <object_component id="oc-3f">
         <name>.debug_info</name>
         <load_address>0x953</load_address>
         <run_address>0x953</run_address>
         <size>0x84</size>
         <input_file_ref idref="fl-2"/>
      </object_component>
      <object_component id="oc-106">
         <name>.debug_info</name>
         <load_address>0x9d7</load_address>
         <run_address>0x9d7</run_address>
         <size>0x2a4</size>
         <input_file_ref idref="fl-2"/>
      </object_component>
      <object_component id="oc-a1">
         <name>.debug_info</name>
         <load_address>0xc7b</load_address>
         <run_address>0xc7b</run_address>
         <size>0xbb</size>
         <input_file_ref idref="fl-2"/>
      </object_component>
      <object_component id="oc-fa">
         <name>.debug_info</name>
         <load_address>0xd36</load_address>
         <run_address>0xd36</run_address>
         <size>0x2c</size>
         <input_file_ref idref="fl-2"/>
      </object_component>
      <object_component id="oc-38">
         <name>.debug_info</name>
         <load_address>0xd62</load_address>
         <run_address>0xd62</run_address>
         <size>0x2fa</size>
         <input_file_ref idref="fl-3"/>
      </object_component>
      <object_component id="oc-13">
         <name>.debug_info</name>
         <load_address>0x105c</load_address>
         <run_address>0x105c</run_address>
         <size>0xe9</size>
         <input_file_ref idref="fl-3"/>
      </object_component>
      <object_component id="oc-2b">
         <name>.debug_info</name>
         <load_address>0x1145</load_address>
         <run_address>0x1145</run_address>
         <size>0x268</size>
         <input_file_ref idref="fl-3"/>
      </object_component>
      <object_component id="oc-f9">
         <name>.debug_info</name>
         <load_address>0x13ad</load_address>
         <run_address>0x13ad</run_address>
         <size>0x3e5</size>
         <input_file_ref idref="fl-bd"/>
      </object_component>
      <object_component id="oc-f4">
         <name>.debug_info</name>
         <load_address>0x1792</load_address>
         <run_address>0x1792</run_address>
         <size>0x157</size>
         <input_file_ref idref="fl-bd"/>
      </object_component>
      <object_component id="oc-ed">
         <name>.debug_info</name>
         <load_address>0x18e9</load_address>
         <run_address>0x18e9</run_address>
         <size>0x166</size>
         <input_file_ref idref="fl-bd"/>
      </object_component>
      <object_component id="oc-83">
         <name>.debug_info</name>
         <load_address>0x1a4f</load_address>
         <run_address>0x1a4f</run_address>
         <size>0x1ac</size>
         <input_file_ref idref="fl-bd"/>
      </object_component>
      <object_component id="oc-1c4">
         <name>.debug_info</name>
         <load_address>0x1bfb</load_address>
         <run_address>0x1bfb</run_address>
         <size>0xb2</size>
         <input_file_ref idref="fl-bd"/>
      </object_component>
      <object_component id="oc-19b">
         <name>.debug_info</name>
         <load_address>0x1cad</load_address>
         <run_address>0x1cad</run_address>
         <size>0x590</size>
         <input_file_ref idref="fl-be"/>
      </object_component>
      <object_component id="oc-166">
         <name>.debug_info</name>
         <load_address>0x223d</load_address>
         <run_address>0x223d</run_address>
         <size>0x21e</size>
         <input_file_ref idref="fl-be"/>
      </object_component>
      <object_component id="oc-214">
         <name>.debug_info</name>
         <load_address>0x245b</load_address>
         <run_address>0x245b</run_address>
         <size>0x1b3</size>
         <input_file_ref idref="fl-be"/>
      </object_component>
      <object_component id="oc-21a">
         <name>.debug_info</name>
         <load_address>0x260e</load_address>
         <run_address>0x260e</run_address>
         <size>0x21b</size>
         <input_file_ref idref="fl-be"/>
      </object_component>
      <object_component id="oc-171">
         <name>.debug_info</name>
         <load_address>0x2829</load_address>
         <run_address>0x2829</run_address>
         <size>0x3c0</size>
         <input_file_ref idref="fl-be"/>
      </object_component>
      <object_component id="oc-221">
         <name>.debug_info</name>
         <load_address>0x2be9</load_address>
         <run_address>0x2be9</run_address>
         <size>0x30a</size>
         <input_file_ref idref="fl-be"/>
      </object_component>
      <object_component id="oc-227">
         <name>.debug_info</name>
         <load_address>0x2ef3</load_address>
         <run_address>0x2ef3</run_address>
         <size>0x215</size>
         <input_file_ref idref="fl-be"/>
      </object_component>
      <object_component id="oc-177">
         <name>.debug_info</name>
         <load_address>0x3108</load_address>
         <run_address>0x3108</run_address>
         <size>0x215</size>
         <input_file_ref idref="fl-be"/>
      </object_component>
      <object_component id="oc-17d">
         <name>.debug_info</name>
         <load_address>0x331d</load_address>
         <run_address>0x331d</run_address>
         <size>0x304</size>
         <input_file_ref idref="fl-be"/>
      </object_component>
      <object_component id="oc-183">
         <name>.debug_info</name>
         <load_address>0x3621</load_address>
         <run_address>0x3621</run_address>
         <size>0x4b5</size>
         <input_file_ref idref="fl-be"/>
      </object_component>
      <object_component id="oc-e1">
         <name>.debug_info</name>
         <load_address>0x3ad6</load_address>
         <run_address>0x3ad6</run_address>
         <size>0x5f4</size>
         <input_file_ref idref="fl-be"/>
      </object_component>
      <object_component id="oc-19c">
         <name>.debug_info</name>
         <load_address>0x40ca</load_address>
         <run_address>0x40ca</run_address>
         <size>0x86</size>
         <input_file_ref idref="fl-be"/>
      </object_component>
      <object_component id="oc-256">
         <name>.debug_info</name>
         <load_address>0x4150</load_address>
         <run_address>0x4150</run_address>
         <size>0x39</size>
         <input_file_ref idref="fl-be"/>
      </object_component>
      <object_component id="oc-2ce">
         <name>.debug_info</name>
         <load_address>0x4189</load_address>
         <run_address>0x4189</run_address>
         <size>0xb6</size>
         <input_file_ref idref="fl-be"/>
      </object_component>
      <object_component id="oc-25b">
         <name>.debug_info</name>
         <load_address>0x423f</load_address>
         <run_address>0x423f</run_address>
         <size>0x46</size>
         <input_file_ref idref="fl-be"/>
      </object_component>
      <object_component id="oc-1a1">
         <name>.debug_info</name>
         <load_address>0x4285</load_address>
         <run_address>0x4285</run_address>
         <size>0x46</size>
         <input_file_ref idref="fl-be"/>
      </object_component>
      <object_component id="oc-251">
         <name>.debug_info</name>
         <load_address>0x42cb</load_address>
         <run_address>0x42cb</run_address>
         <size>0x2c</size>
         <input_file_ref idref="fl-be"/>
      </object_component>
      <object_component id="oc-280">
         <name>.debug_info</name>
         <load_address>0x42f7</load_address>
         <run_address>0x42f7</run_address>
         <size>0x383</size>
         <input_file_ref idref="fl-bf"/>
      </object_component>
      <object_component id="oc-1bc">
         <name>.debug_info</name>
         <load_address>0x467a</load_address>
         <run_address>0x467a</run_address>
         <size>0x1ea</size>
         <input_file_ref idref="fl-bf"/>
      </object_component>
      <object_component id="oc-27e">
         <name>.debug_info</name>
         <load_address>0x4864</load_address>
         <run_address>0x4864</run_address>
         <size>0x3fc</size>
         <input_file_ref idref="fl-c0"/>
      </object_component>
      <object_component id="oc-1b7">
         <name>.debug_info</name>
         <load_address>0x4c60</load_address>
         <run_address>0x4c60</run_address>
         <size>0x2e2</size>
         <input_file_ref idref="fl-c0"/>
      </object_component>
      <object_component id="oc-112">
         <name>.debug_info</name>
         <load_address>0x4f42</load_address>
         <run_address>0x4f42</run_address>
         <size>0x2c</size>
         <input_file_ref idref="fl-c0"/>
      </object_component>
      <object_component id="oc-2e0">
         <name>.debug_info</name>
         <load_address>0x4f6e</load_address>
         <run_address>0x4f6e</run_address>
         <size>0x300</size>
         <input_file_ref idref="fl-c1"/>
      </object_component>
      <object_component id="oc-269">
         <name>.debug_info</name>
         <load_address>0x526e</load_address>
         <run_address>0x526e</run_address>
         <size>0x19c</size>
         <input_file_ref idref="fl-c1"/>
      </object_component>
      <object_component id="oc-327">
         <name>.debug_info</name>
         <load_address>0x540a</load_address>
         <run_address>0x540a</run_address>
         <size>0xbf</size>
         <input_file_ref idref="fl-c1"/>
      </object_component>
      <object_component id="oc-326">
         <name>.debug_info</name>
         <load_address>0x54c9</load_address>
         <run_address>0x54c9</run_address>
         <size>0x374</size>
         <input_file_ref idref="fl-c2"/>
      </object_component>
      <object_component id="oc-2db">
         <name>.debug_info</name>
         <load_address>0x583d</load_address>
         <run_address>0x583d</run_address>
         <size>0x20b</size>
         <input_file_ref idref="fl-c2"/>
      </object_component>
      <object_component id="oc-2b1">
         <name>.debug_info</name>
         <load_address>0x5a48</load_address>
         <run_address>0x5a48</run_address>
         <size>0x29a</size>
         <input_file_ref idref="fl-c3"/>
      </object_component>
      <object_component id="oc-22f">
         <name>.debug_info</name>
         <load_address>0x5ce2</load_address>
         <run_address>0x5ce2</run_address>
         <size>0x195</size>
         <input_file_ref idref="fl-c3"/>
      </object_component>
      <object_component id="oc-301">
         <name>.debug_info</name>
         <load_address>0x5e77</load_address>
         <run_address>0x5e77</run_address>
         <size>0x39</size>
         <input_file_ref idref="fl-c3"/>
      </object_component>
      <object_component id="oc-2b2">
         <name>.debug_info</name>
         <load_address>0x5eb0</load_address>
         <run_address>0x5eb0</run_address>
         <size>0x2c</size>
         <input_file_ref idref="fl-c3"/>
      </object_component>
      <object_component id="oc-2be">
         <name>.debug_info</name>
         <load_address>0x5edc</load_address>
         <run_address>0x5edc</run_address>
         <size>0x2fd</size>
         <input_file_ref idref="fl-c4"/>
      </object_component>
      <object_component id="oc-237">
         <name>.debug_info</name>
         <load_address>0x61d9</load_address>
         <run_address>0x61d9</run_address>
         <size>0x225</size>
         <input_file_ref idref="fl-c4"/>
      </object_component>
      <object_component id="oc-2b8">
         <name>.debug_info</name>
         <load_address>0x63fe</load_address>
         <run_address>0x63fe</run_address>
         <size>0x161</size>
         <input_file_ref idref="fl-c5"/>
      </object_component>
      <object_component id="oc-1ef">
         <name>.debug_info</name>
         <load_address>0x655f</load_address>
         <run_address>0x655f</run_address>
         <size>0x134</size>
         <input_file_ref idref="fl-c6"/>
      </object_component>
      <object_component id="oc-bc">
         <name>.debug_info</name>
         <load_address>0x6693</load_address>
         <run_address>0x6693</run_address>
         <size>0x147</size>
         <input_file_ref idref="fl-c7"/>
      </object_component>
      <object_component id="oc-210">
         <name>.debug_info</name>
         <load_address>0x67da</load_address>
         <run_address>0x67da</run_address>
         <size>0x14c</size>
         <input_file_ref idref="fl-c8"/>
      </object_component>
      <object_component id="oc-16c">
         <name>.debug_info</name>
         <load_address>0x6926</load_address>
         <run_address>0x6926</run_address>
         <size>0x128</size>
         <input_file_ref idref="fl-c9"/>
      </object_component>
      <object_component id="oc-1fa">
         <name>.debug_info</name>
         <load_address>0x6a4e</load_address>
         <run_address>0x6a4e</run_address>
         <size>0x12a</size>
         <input_file_ref idref="fl-c9"/>
      </object_component>
      <object_component id="oc-8d">
         <name>.debug_info</name>
         <load_address>0x6b78</load_address>
         <run_address>0x6b78</run_address>
         <size>0x13a</size>
         <input_file_ref idref="fl-ca"/>
      </object_component>
      <object_component id="oc-1f5">
         <name>.debug_info</name>
         <load_address>0x6cb2</load_address>
         <run_address>0x6cb2</run_address>
         <size>0x13a</size>
         <input_file_ref idref="fl-cb"/>
      </object_component>
      <object_component id="oc-201">
         <name>.debug_info</name>
         <load_address>0x6dec</load_address>
         <run_address>0x6dec</run_address>
         <size>0x12e</size>
         <input_file_ref idref="fl-cc"/>
      </object_component>
      <object_component id="oc-92">
         <name>.debug_info</name>
         <load_address>0x6f1a</load_address>
         <run_address>0x6f1a</run_address>
         <size>0x13e</size>
         <input_file_ref idref="fl-cd"/>
      </object_component>
      <object_component id="oc-7e">
         <name>.debug_info</name>
         <load_address>0x7058</load_address>
         <run_address>0x7058</run_address>
         <size>0x12c</size>
         <input_file_ref idref="fl-ce"/>
      </object_component>
      <object_component id="oc-20c">
         <name>.debug_info</name>
         <load_address>0x7184</load_address>
         <run_address>0x7184</run_address>
         <size>0x12c</size>
         <input_file_ref idref="fl-cf"/>
      </object_component>
      <object_component id="oc-47">
         <name>.debug_info</name>
         <load_address>0x72b0</load_address>
         <run_address>0x72b0</run_address>
         <size>0x119</size>
         <input_file_ref idref="fl-d0"/>
      </object_component>
      <object_component id="oc-88">
         <name>.debug_info</name>
         <load_address>0x73c9</load_address>
         <run_address>0x73c9</run_address>
         <size>0x12e</size>
         <input_file_ref idref="fl-d1"/>
      </object_component>
      <object_component id="oc-ba">
         <name>.debug_info</name>
         <load_address>0x74f7</load_address>
         <run_address>0x74f7</run_address>
         <size>0x2d4</size>
         <input_file_ref idref="fl-d2"/>
      </object_component>
      <object_component id="oc-54">
         <name>.debug_info</name>
         <load_address>0x77cb</load_address>
         <run_address>0x77cb</run_address>
         <size>0x1d2</size>
         <input_file_ref idref="fl-d2"/>
      </object_component>
      <object_component id="oc-b5">
         <name>.debug_info</name>
         <load_address>0x799d</load_address>
         <run_address>0x799d</run_address>
         <size>0x46</size>
         <input_file_ref idref="fl-d2"/>
      </object_component>
      <object_component id="oc-4f">
         <name>.debug_info</name>
         <load_address>0x79e3</load_address>
         <run_address>0x79e3</run_address>
         <size>0x2a8</size>
         <input_file_ref idref="fl-d3"/>
      </object_component>
      <object_component id="oc-1c">
         <name>.debug_info</name>
         <load_address>0x7c8b</load_address>
         <run_address>0x7c8b</run_address>
         <size>0x1ea</size>
         <input_file_ref idref="fl-d3"/>
      </object_component>
      <object_component id="oc-4a">
         <name>.debug_info</name>
         <load_address>0x7e75</load_address>
         <run_address>0x7e75</run_address>
         <size>0x46</size>
         <input_file_ref idref="fl-d3"/>
      </object_component>
      <object_component id="oc-ad">
         <name>.debug_info</name>
         <load_address>0x7ebb</load_address>
         <run_address>0x7ebb</run_address>
         <size>0x2c</size>
         <input_file_ref idref="fl-d3"/>
      </object_component>
      <object_component id="oc-ab">
         <name>.debug_info</name>
         <load_address>0x7ee7</load_address>
         <run_address>0x7ee7</run_address>
         <size>0x29e</size>
         <input_file_ref idref="fl-d4"/>
      </object_component>
      <object_component id="oc-17">
         <name>.debug_info</name>
         <load_address>0x8185</load_address>
         <run_address>0x8185</run_address>
         <size>0x250</size>
         <input_file_ref idref="fl-d4"/>
      </object_component>
      <object_component id="oc-3a">
         <name>.debug_info</name>
         <load_address>0x83d5</load_address>
         <run_address>0x83d5</run_address>
         <size>0x60</size>
         <input_file_ref idref="fl-d4"/>
      </object_component>
      <object_component id="oc-10b">
         <name>.debug_info</name>
         <load_address>0x8435</load_address>
         <run_address>0x8435</run_address>
         <size>0x46</size>
         <input_file_ref idref="fl-d4"/>
      </object_component>
      <object_component id="oc-a6">
         <name>.debug_info</name>
         <load_address>0x847b</load_address>
         <run_address>0x847b</run_address>
         <size>0x39</size>
         <input_file_ref idref="fl-d4"/>
      </object_component>
      <object_component id="oc-1ce">
         <name>.debug_info</name>
         <load_address>0x84b4</load_address>
         <run_address>0x84b4</run_address>
         <size>0x3ad</size>
         <input_file_ref idref="fl-d5"/>
      </object_component>
      <object_component id="oc-1cb">
         <name>.debug_info</name>
         <load_address>0x8861</load_address>
         <run_address>0x8861</run_address>
         <size>0x190</size>
         <input_file_ref idref="fl-d5"/>
      </object_component>
      <object_component id="oc-11c">
         <name>.debug_info</name>
         <load_address>0x89f1</load_address>
         <run_address>0x89f1</run_address>
         <size>0x122</size>
         <input_file_ref idref="fl-d5"/>
      </object_component>
      <object_component id="oc-124">
         <name>.debug_info</name>
         <load_address>0x8b13</load_address>
         <run_address>0x8b13</run_address>
         <size>0x184</size>
         <input_file_ref idref="fl-d5"/>
      </object_component>
      <object_component id="oc-1ae">
         <name>.debug_info</name>
         <load_address>0x8c97</load_address>
         <run_address>0x8c97</run_address>
         <size>0x2c9</size>
         <input_file_ref idref="fl-d6"/>
      </object_component>
      <object_component id="oc-e7">
         <name>.debug_info</name>
         <load_address>0x8f60</load_address>
         <run_address>0x8f60</run_address>
         <size>0x11e</size>
         <input_file_ref idref="fl-d6"/>
      </object_component>
      <object_component id="oc-1a7">
         <name>.debug_info</name>
         <load_address>0x907e</load_address>
         <run_address>0x907e</run_address>
         <size>0x12e</size>
         <input_file_ref idref="fl-d6"/>
      </object_component>
      <object_component id="oc-2a9">
         <name>.debug_info</name>
         <load_address>0x91ac</load_address>
         <run_address>0x91ac</run_address>
         <size>0x29c</size>
         <input_file_ref idref="fl-d7"/>
      </object_component>
      <object_component id="oc-204">
         <name>.debug_info</name>
         <load_address>0x9448</load_address>
         <run_address>0x9448</run_address>
         <size>0x1da</size>
         <input_file_ref idref="fl-d7"/>
      </object_component>
      <object_component id="oc-1ec">
         <name>.debug_info</name>
         <load_address>0x9622</load_address>
         <run_address>0x9622</run_address>
         <size>0x2b9</size>
         <input_file_ref idref="fl-d8"/>
      </object_component>
      <object_component id="oc-162">
         <name>.debug_info</name>
         <load_address>0x98db</load_address>
         <run_address>0x98db</run_address>
         <size>0x17c</size>
         <input_file_ref idref="fl-d8"/>
      </object_component>
      <object_component id="oc-29c">
         <name>.debug_info</name>
         <load_address>0x9a57</load_address>
         <run_address>0x9a57</run_address>
         <size>0xf9</size>
         <input_file_ref idref="fl-d9"/>
      </object_component>
      <object_component id="oc-1e9">
         <name>.debug_info</name>
         <load_address>0x9b50</load_address>
         <run_address>0x9b50</run_address>
         <size>0x105</size>
         <input_file_ref idref="fl-d9"/>
      </object_component>
      <object_component id="oc-1b2">
         <name>.debug_info</name>
         <load_address>0x9c55</load_address>
         <run_address>0x9c55</run_address>
         <size>0x144</size>
         <input_file_ref idref="fl-da"/>
      </object_component>
      <object_component id="oc-ea">
         <name>.debug_info</name>
         <load_address>0x9d99</load_address>
         <run_address>0x9d99</run_address>
         <size>0x102</size>
         <input_file_ref idref="fl-da"/>
      </object_component>
      <object_component id="oc-363">
         <name>.debug_info</name>
         <load_address>0x9e9b</load_address>
         <run_address>0x9e9b</run_address>
         <size>0x18f</size>
         <input_file_ref idref="fl-da"/>
      </object_component>
      <object_component id="oc-242">
         <name>.debug_info</name>
         <load_address>0xa02a</load_address>
         <run_address>0xa02a</run_address>
         <size>0x2a7</size>
         <input_file_ref idref="fl-db"/>
      </object_component>
      <object_component id="oc-18a">
         <name>.debug_info</name>
         <load_address>0xa2d1</load_address>
         <run_address>0xa2d1</run_address>
         <size>0x1b8</size>
         <input_file_ref idref="fl-db"/>
      </object_component>
      <object_component id="oc-2e2">
         <name>.debug_info</name>
         <load_address>0xa489</load_address>
         <run_address>0xa489</run_address>
         <size>0x2a5</size>
         <input_file_ref idref="fl-dc"/>
      </object_component>
      <object_component id="oc-26d">
         <name>.debug_info</name>
         <load_address>0xa72e</load_address>
         <run_address>0xa72e</run_address>
         <size>0x25d</size>
         <input_file_ref idref="fl-dc"/>
      </object_component>
      <object_component id="oc-76">
         <name>.debug_info</name>
         <load_address>0xa98b</load_address>
         <run_address>0xa98b</run_address>
         <size>0x3b2</size>
         <input_file_ref idref="fl-dd"/>
      </object_component>
      <object_component id="oc-25">
         <name>.debug_info</name>
         <load_address>0xad3d</load_address>
         <run_address>0xad3d</run_address>
         <size>0x10c</size>
         <input_file_ref idref="fl-dd"/>
      </object_component>
      <object_component id="oc-399">
         <name>.debug_info</name>
         <load_address>0xae49</load_address>
         <run_address>0xae49</run_address>
         <size>0x13f</size>
         <input_file_ref idref="fl-dd"/>
      </object_component>
      <object_component id="oc-31b">
         <name>.debug_info</name>
         <load_address>0xaf88</load_address>
         <run_address>0xaf88</run_address>
         <size>0x168</size>
         <input_file_ref idref="fl-dd"/>
      </object_component>
      <object_component id="oc-349">
         <name>.debug_info</name>
         <load_address>0xb0f0</load_address>
         <run_address>0xb0f0</run_address>
         <size>0x18e</size>
         <input_file_ref idref="fl-dd"/>
      </object_component>
      <object_component id="oc-351">
         <name>.debug_info</name>
         <load_address>0xb27e</load_address>
         <run_address>0xb27e</run_address>
         <size>0x19f</size>
         <input_file_ref idref="fl-dd"/>
      </object_component>
      <object_component id="oc-314">
         <name>.debug_info</name>
         <load_address>0xb41d</load_address>
         <run_address>0xb41d</run_address>
         <size>0x203</size>
         <input_file_ref idref="fl-dd"/>
      </object_component>
      <object_component id="oc-39f">
         <name>.debug_info</name>
         <load_address>0xb620</load_address>
         <run_address>0xb620</run_address>
         <size>0x1db</size>
         <input_file_ref idref="fl-dd"/>
      </object_component>
      <object_component id="oc-358">
         <name>.debug_info</name>
         <load_address>0xb7fb</load_address>
         <run_address>0xb7fb</run_address>
         <size>0x299</size>
         <input_file_ref idref="fl-dd"/>
      </object_component>
      <object_component id="oc-da">
         <name>.debug_info</name>
         <load_address>0xba94</load_address>
         <run_address>0xba94</run_address>
         <size>0xb2</size>
         <input_file_ref idref="fl-dd"/>
      </object_component>
      <object_component id="oc-d5">
         <name>.debug_info</name>
         <load_address>0xbb46</load_address>
         <run_address>0xbb46</run_address>
         <size>0x2c</size>
         <input_file_ref idref="fl-dd"/>
      </object_component>
      <object_component id="oc-2c0">
         <name>.debug_info</name>
         <load_address>0xbb72</load_address>
         <run_address>0xbb72</run_address>
         <size>0x29a</size>
         <input_file_ref idref="fl-de"/>
      </object_component>
      <object_component id="oc-23c">
         <name>.debug_info</name>
         <load_address>0xbe0c</load_address>
         <run_address>0xbe0c</run_address>
         <size>0x262</size>
         <input_file_ref idref="fl-de"/>
      </object_component>
      <object_component id="oc-1e7">
         <name>.debug_info</name>
         <load_address>0xc06e</load_address>
         <run_address>0xc06e</run_address>
         <size>0x28f</size>
         <input_file_ref idref="fl-df"/>
      </object_component>
      <object_component id="oc-15c">
         <name>.debug_info</name>
         <load_address>0xc2fd</load_address>
         <run_address>0xc2fd</run_address>
         <size>0x245</size>
         <input_file_ref idref="fl-df"/>
      </object_component>
      <object_component id="oc-24e">
         <name>.debug_info</name>
         <load_address>0xc542</load_address>
         <run_address>0xc542</run_address>
         <size>0x289</size>
         <input_file_ref idref="fl-e0"/>
      </object_component>
      <object_component id="oc-24b">
         <name>.debug_info</name>
         <load_address>0xc7cb</load_address>
         <run_address>0xc7cb</run_address>
         <size>0x10e</size>
         <input_file_ref idref="fl-e0"/>
      </object_component>
      <object_component id="oc-198">
         <name>.debug_info</name>
         <load_address>0xc8d9</load_address>
         <run_address>0xc8d9</run_address>
         <size>0x14e</size>
         <input_file_ref idref="fl-e0"/>
      </object_component>
      <object_component id="oc-28">
         <name>.debug_info</name>
         <load_address>0xca27</load_address>
         <run_address>0xca27</run_address>
         <size>0x10b</size>
         <input_file_ref idref="fl-e1"/>
      </object_component>
      <object_component id="oc-64">
         <name>.debug_info</name>
         <load_address>0xcb32</load_address>
         <run_address>0xcb32</run_address>
         <size>0x1a9</size>
         <input_file_ref idref="fl-e1"/>
      </object_component>
      <object_component id="oc-2e9">
         <name>.debug_info</name>
         <load_address>0xccdb</load_address>
         <run_address>0xccdb</run_address>
         <size>0x397</size>
         <input_file_ref idref="fl-e2"/>
      </object_component>
      <object_component id="oc-279">
         <name>.debug_info</name>
         <load_address>0xd072</load_address>
         <run_address>0xd072</run_address>
         <size>0x18f</size>
         <input_file_ref idref="fl-e2"/>
      </object_component>
      <object_component id="oc-33a">
         <name>.debug_info</name>
         <load_address>0xd201</load_address>
         <run_address>0xd201</run_address>
         <size>0x120</size>
         <input_file_ref idref="fl-e2"/>
      </object_component>
      <object_component id="oc-33f">
         <name>.debug_info</name>
         <load_address>0xd321</load_address>
         <run_address>0xd321</run_address>
         <size>0x2c</size>
         <input_file_ref idref="fl-e2"/>
      </object_component>
      <object_component id="oc-337">
         <name>.debug_info</name>
         <load_address>0xd34d</load_address>
         <run_address>0xd34d</run_address>
         <size>0x337</size>
         <input_file_ref idref="fl-e3"/>
      </object_component>
      <object_component id="oc-333">
         <name>.debug_info</name>
         <load_address>0xd684</load_address>
         <run_address>0xd684</run_address>
         <size>0x109</size>
         <input_file_ref idref="fl-e3"/>
      </object_component>
      <object_component id="oc-2e6">
         <name>.debug_info</name>
         <load_address>0xd78d</load_address>
         <run_address>0xd78d</run_address>
         <size>0x109</size>
         <input_file_ref idref="fl-e3"/>
      </object_component>
      <object_component id="oc-249">
         <name>.debug_info</name>
         <load_address>0xd896</load_address>
         <run_address>0xd896</run_address>
         <size>0x28f</size>
         <input_file_ref idref="fl-e4"/>
      </object_component>
      <object_component id="oc-191">
         <name>.debug_info</name>
         <load_address>0xdb25</load_address>
         <run_address>0xdb25</run_address>
         <size>0x15a</size>
         <input_file_ref idref="fl-e4"/>
      </object_component>
      <object_component id="oc-2c3">
         <name>.debug_info</name>
         <load_address>0xdc7f</load_address>
         <run_address>0xdc7f</run_address>
         <size>0x46</size>
         <input_file_ref idref="fl-e4"/>
      </object_component>
      <object_component id="oc-244">
         <name>.debug_info</name>
         <load_address>0xdcc5</load_address>
         <run_address>0xdcc5</run_address>
         <size>0x39</size>
         <input_file_ref idref="fl-e4"/>
      </object_component>
      <object_component id="oc-2e4">
         <name>.debug_info</name>
         <load_address>0xdcfe</load_address>
         <run_address>0xdcfe</run_address>
         <size>0x347</size>
         <input_file_ref idref="fl-e5"/>
      </object_component>
      <object_component id="oc-272">
         <name>.debug_info</name>
         <load_address>0xe045</load_address>
         <run_address>0xe045</run_address>
         <size>0x18a</size>
         <input_file_ref idref="fl-e5"/>
      </object_component>
      <object_component id="oc-320">
         <name>.debug_info</name>
         <load_address>0xe1cf</load_address>
         <run_address>0xe1cf</run_address>
         <size>0x176</size>
         <input_file_ref idref="fl-e6"/>
      </object_component>
      <object_component id="oc-312">
         <name>.debug_info</name>
         <load_address>0xe345</load_address>
         <run_address>0xe345</run_address>
         <size>0x324</size>
         <input_file_ref idref="fl-e7"/>
      </object_component>
      <object_component id="oc-2d4">
         <name>.debug_info</name>
         <load_address>0xe669</load_address>
         <run_address>0xe669</run_address>
         <size>0x1ec</size>
         <input_file_ref idref="fl-e7"/>
      </object_component>
      <object_component id="oc-2a0">
         <name>.debug_info</name>
         <load_address>0xe855</load_address>
         <run_address>0xe855</run_address>
         <size>0x115</size>
         <input_file_ref idref="fl-e8"/>
      </object_component>
      <object_component id="oc-1d1">
         <name>.debug_info</name>
         <load_address>0xe96a</load_address>
         <run_address>0xe96a</run_address>
         <size>0x4b3</size>
         <input_file_ref idref="fl-e9"/>
      </object_component>
      <object_component id="oc-128">
         <name>.debug_info</name>
         <load_address>0xee1d</load_address>
         <run_address>0xee1d</run_address>
         <size>0x1a6</size>
         <input_file_ref idref="fl-e9"/>
      </object_component>
      <object_component id="oc-287">
         <name>.debug_info</name>
         <load_address>0xefc3</load_address>
         <run_address>0xefc3</run_address>
         <size>0x39</size>
         <input_file_ref idref="fl-e9"/>
      </object_component>
      <object_component id="oc-2ee">
         <name>.debug_info</name>
         <load_address>0xeffc</load_address>
         <run_address>0xeffc</run_address>
         <size>0x39</size>
         <input_file_ref idref="fl-e9"/>
      </object_component>
      <object_component id="oc-28c">
         <name>.debug_info</name>
         <load_address>0xf035</load_address>
         <run_address>0xf035</run_address>
         <size>0x39</size>
         <input_file_ref idref="fl-e9"/>
      </object_component>
      <object_component id="oc-291">
         <name>.debug_info</name>
         <load_address>0xf06e</load_address>
         <run_address>0xf06e</run_address>
         <size>0xcd</size>
         <input_file_ref idref="fl-e9"/>
      </object_component>
      <object_component id="oc-c5">
         <name>.debug_info</name>
         <load_address>0xf13b</load_address>
         <run_address>0xf13b</run_address>
         <size>0x153</size>
         <input_file_ref idref="fl-ea"/>
      </object_component>
      <object_component id="oc-3c6">
         <name>.debug_info</name>
         <load_address>0xf28e</load_address>
         <run_address>0xf28e</run_address>
         <size>0x373</size>
         <input_file_ref idref="fl-ed"/>
      </object_component>
      <object_component id="oc-36f">
         <name>.debug_info</name>
         <load_address>0xf601</load_address>
         <run_address>0xf601</run_address>
         <size>0x1bc</size>
         <input_file_ref idref="fl-ed"/>
      </object_component>
      <object_component id="oc-3cc">
         <name>.debug_info</name>
         <load_address>0xf7bd</load_address>
         <run_address>0xf7bd</run_address>
         <size>0x378</size>
         <input_file_ref idref="fl-ee"/>
      </object_component>
      <object_component id="oc-383">
         <name>.debug_info</name>
         <load_address>0xfb35</load_address>
         <run_address>0xfb35</run_address>
         <size>0x210</size>
         <input_file_ref idref="fl-ee"/>
      </object_component>
      <object_component id="oc-3c2">
         <name>.debug_info</name>
         <load_address>0xfd45</load_address>
         <run_address>0xfd45</run_address>
         <size>0x3a3</size>
         <input_file_ref idref="fl-ef"/>
      </object_component>
      <object_component id="oc-369">
         <name>.debug_info</name>
         <load_address>0x100e8</load_address>
         <run_address>0x100e8</run_address>
         <size>0x20c</size>
         <input_file_ref idref="fl-ef"/>
      </object_component>
      <object_component id="oc-3c8">
         <name>.debug_info</name>
         <load_address>0x102f4</load_address>
         <run_address>0x102f4</run_address>
         <size>0x377</size>
         <input_file_ref idref="fl-f0"/>
      </object_component>
      <object_component id="oc-375">
         <name>.debug_info</name>
         <load_address>0x1066b</load_address>
         <run_address>0x1066b</run_address>
         <size>0x1fb</size>
         <input_file_ref idref="fl-f0"/>
      </object_component>
      <object_component id="oc-3d6">
         <name>.debug_info</name>
         <load_address>0x10866</load_address>
         <run_address>0x10866</run_address>
         <size>0x3d5</size>
         <input_file_ref idref="fl-f1"/>
      </object_component>
      <object_component id="oc-38d">
         <name>.debug_info</name>
         <load_address>0x10c3b</load_address>
         <run_address>0x10c3b</run_address>
         <size>0x236</size>
         <input_file_ref idref="fl-f1"/>
      </object_component>
      <object_component id="oc-3ce">
         <name>.debug_info</name>
         <load_address>0x10e71</load_address>
         <run_address>0x10e71</run_address>
         <size>0x396</size>
         <input_file_ref idref="fl-f2"/>
      </object_component>
      <object_component id="oc-389">
         <name>.debug_info</name>
[...]
      <symbol id="sm-2">
         <name>__start___llvm_prf_cnts</name>
         <value>0x20000000</value>
      </symbol>
      <symbol id="sm-3">
         <name>__stop___llvm_prf_cnts</name>
         <value>0x20000000</value>
      </symbol>
      <symbol id="sm-4">
         <name>__TI_CINIT_Base</name>
         <value>0x30c0</value>
      </symbol>
      <symbol id="sm-5">
         <name>__TI_CINIT_Limit</name>
         <value>0x30d0</value>
      </symbol>
      <symbol id="sm-6">
         <name>__TI_Handler_Table_Base</name>
         <value>0x30a8</value>
      </symbol>
      <symbol id="sm-7">
         <name>__TI_Handler_Table_Limit</name>
         <value>0x30b4</value>
      </symbol>
      <symbol id="sm-8">
         <name>binit</name>
         <value>0xffffffff</value>
      </symbol>
      <symbol id="sm-9">
         <name>__binit__</name>
         <value>0xffffffff</value>
      </symbol>
      <symbol id="sm-a">
         <name>__STACK_SIZE</name>
         <value>0x800</value>
      </symbol>
      <symbol id="sm-b">
         <name>__STACK_END</name>
         <value>0x20000800</value>
      </symbol>
      <symbol id="sm-c">
         <name>__SYSMEM_SIZE</name>
         <value>0x800</value>
      </symbol>
      <symbol id="sm-d">
         <name>__c_args__</name>
         <value>0xffffffff</value>
      </symbol>
      <symbol id="sm-e">
         <name>__TI_pprof_out_hndl</name>
         <value>0xffffffff</value>
      </symbol>
      <symbol id="sm-f">
         <name>__TI_prof_data_start</name>
         <value>0xffffffff</value>
      </symbol>
      <symbol id="sm-10">
         <name>__TI_prof_data_size</name>
         <value>0xffffffff</value>
      </symbol>
      <symbol id="sm-85">
         <name>Timer0A_Handler</name>
         <value>0xc95</value>
         <object_component_ref idref="oc-30"/>
      </symbol>
      <symbol id="sm-86">
         <name>distance_cm</name>
         <value>0x200011e8</value>
         <object_component_ref idref="oc-95"/>
      </symbol>
      <symbol id="sm-87">
         <name>time1A_Init</name>
         <value>0xe01</value>
         <object_component_ref idref="oc-30"/>
      </symbol>
      <symbol id="sm-88">
         <name>time0A_Init</name>
         <value>0xdab</value>
         <object_component_ref idref="oc-30"/>
      </symbol>
      <symbol id="sm-89">
         <name>PortD_Init</name>
         <value>0xd37</value>
         <object_component_ref idref="oc-30"/>
      </symbol>
      <symbol id="sm-8a">
         <name>main</name>
         <value>0xc59</value>
         <object_component_ref idref="oc-30"/>
      </symbol>
      <symbol id="sm-8b">
         <name>GPIOPortD_Handler</name>
         <value>0xcd1</value>
         <object_component_ref idref="oc-30"/>
      </symbol>
      <symbol id="sm-8c">
         <name>elapsed_ticks</name>
         <value>0x200011e4</value>
         <object_component_ref idref="oc-95"/>
      </symbol>
      <symbol id="sm-a8">
         <name>ResetISR</name>
         <value>0x2f11</value>
         <object_component_ref idref="oc-2a"/>
      </symbol>
      <symbol id="sm-a9">
         <name>g_pfnVectors</name>
         <value>0x0</value>
         <object_component_ref idref="oc-12"/>
      </symbol>
      <symbol id="sm-d5">
         <name>printf</name>
         <value>0x2531</value>
         <object_component_ref idref="oc-80"/>
      </symbol>
      <symbol id="sm-23f">
         <name>__TI_printfi</name>
         <value>0x209</value>
         <object_component_ref idref="oc-e0"/>
      </symbol>
      <symbol id="sm-254">
         <name>putc</name>
         <value>0x2021</value>
         <object_component_ref idref="oc-1bb"/>
      </symbol>
      <symbol id="sm-255">
         <name>fputc</name>
         <value>0x2021</value>
         <object_component_ref idref="oc-1bb"/>
      </symbol>
      <symbol id="sm-278">
         <name>fputs</name>
         <value>0x185d</value>
         <object_component_ref idref="oc-1b4"/>
      </symbol>
      <symbol id="sm-290">
         <name>__TI_wrt_ok</name>
         <value>0x2661</value>
         <object_component_ref idref="oc-265"/>
      </symbol>
      <symbol id="sm-2ac">
         <name>setvbuf</name>
         <value>0x1d61</value>
         <object_component_ref idref="oc-2d9"/>
      </symbol>
      <symbol id="sm-2cc">
         <name>frexpl</name>
         <value>0x2599</value>
         <object_component_ref idref="oc-22e"/>
      </symbol>
      <symbol id="sm-2cd">
         <name>frexp</name>
         <value>0x2599</value>
         <object_component_ref idref="oc-22e"/>
      </symbol>
      <symbol id="sm-2ea">
         <name>scalbn</name>
         <value>0x1971</value>
         <object_component_ref idref="oc-234"/>
      </symbol>
      <symbol id="sm-2eb">
         <name>scalbnl</name>
         <value>0x1971</value>
         <object_component_ref idref="oc-234"/>
      </symbol>
      <symbol id="sm-2ec">
         <name>ldexpl</name>
         <value>0x1971</value>
         <object_component_ref idref="oc-234"/>
      </symbol>
      <symbol id="sm-2ed">
         <name>ldexp</name>
         <value>0x1971</value>
         <object_component_ref idref="oc-234"/>
      </symbol>
      <symbol id="sm-2f7">
         <name>copysign</name>
         <value>0x2e81</value>
         <object_component_ref idref="oc-2b7"/>
      </symbol>
      <symbol id="sm-2f8">
         <name>copysignl</name>
         <value>0x2e81</value>
         <object_component_ref idref="oc-2b7"/>
      </symbol>
      <symbol id="sm-305">
         <name>__aeabi_uldivmod</name>
         <value>0x1f8b</value>
         <object_component_ref idref="oc-1ed"/>
      </symbol>
      <symbol id="sm-314">
         <name>__aeabi_memset</name>
         <value>0x21bb</value>
         <object_component_ref idref="oc-bb"/>
      </symbol>
      <symbol id="sm-315">
         <name>memset</name>
         <value>0x21c1</value>
         <object_component_ref idref="oc-bb"/>
      </symbol>
      <symbol id="sm-316">
         <name>__aeabi_memset8</name>
         <value>0x21bb</value>
         <object_component_ref idref="oc-bb"/>
      </symbol>
      <symbol id="sm-317">
         <name>__aeabi_memset4</name>
         <value>0x21bb</value>
         <object_component_ref idref="oc-bb"/>
      </symbol>
      <symbol id="sm-318">
         <name>__aeabi_memclr8</name>
         <value>0x21b9</value>
         <object_component_ref idref="oc-bb"/>
      </symbol>
      <symbol id="sm-319">
         <name>__aeabi_memclr4</name>
         <value>0x21b9</value>
         <object_component_ref idref="oc-bb"/>
      </symbol>
      <symbol id="sm-31a">
         <name>__aeabi_memclr</name>
         <value>0x21b9</value>
         <object_component_ref idref="oc-bb"/>
      </symbol>
      <symbol id="sm-331">
         <name>__aeabi_dsub</name>
         <value>0x130d</value>
         <object_component_ref idref="oc-20e"/>
      </symbol>
      <symbol id="sm-332">
         <name>__aeabi_dadd</name>
         <value>0x1317</value>
         <object_component_ref idref="oc-20e"/>
      </symbol>
      <symbol id="sm-354">
         <name>__aeabi_cdcmpeq</name>
         <value>0x20ad</value>
         <object_component_ref idref="oc-16b"/>
      </symbol>
      <symbol id="sm-355">
         <name>__aeabi_cdcmple</name>
         <value>0x20ad</value>
         <object_component_ref idref="oc-16b"/>
      </symbol>
      <symbol id="sm-356">
         <name>__aeabi_cdrcmple</name>
         <value>0x2133</value>
         <object_component_ref idref="oc-1f9"/>
      </symbol>
      <symbol id="sm-36a">
         <name>__aeabi_ddiv</name>
         <value>0x1601</value>
         <object_component_ref idref="oc-8b"/>
      </symbol>
      <symbol id="sm-375">
         <name>__aeabi_dmul</name>
         <value>0x1b81</value>
         <object_component_ref idref="oc-1f4"/>
      </symbol>
      <symbol id="sm-37f">
         <name>__aeabi_d2iz</name>
         <value>0x2a0d</value>
         <object_component_ref idref="oc-1fe"/>
      </symbol>
      <symbol id="sm-38b">
         <name>__aeabi_d2f</name>
         <value>0x2387</value>
         <object_component_ref idref="oc-90"/>
      </symbol>
      <symbol id="sm-396">
         <name>__aeabi_f2d</name>
         <value>0x2bdd</value>
         <object_component_ref idref="oc-7b"/>
      </symbol>
      <symbol id="sm-3a0">
         <name>__aeabi_i2d</name>
         <value>0x2d19</value>
         <object_component_ref idref="oc-209"/>
      </symbol>
      <symbol id="sm-3bb">
         <name>memcpy</name>
         <value>0x1eef</value>
         <object_component_ref idref="oc-44"/>
      </symbol>
      <symbol id="sm-3bc">
         <name>__aeabi_memcpy</name>
         <value>0x1eef</value>
         <object_component_ref idref="oc-44"/>
      </symbol>
      <symbol id="sm-3bd">
         <name>__aeabi_memcpy8</name>
         <value>0x1eef</value>
         <object_component_ref idref="oc-44"/>
      </symbol>
      <symbol id="sm-3be">
         <name>__aeabi_memcpy4</name>
         <value>0x1eef</value>
         <object_component_ref idref="oc-44"/>
      </symbol>
      <symbol id="sm-3c8">
         <name>__aeabi_ui2d</name>
         <value>0x2e0d</value>
         <object_component_ref idref="oc-86"/>
      </symbol>
      <symbol id="sm-3dc">
         <name>__TI_zero_init_nomemset</name>
         <value>0x2e2d</value>
         <object_component_ref idref="oc-50"/>
      </symbol>
      <symbol id="sm-3f3">
         <name>__TI_decompress_none</name>
         <value>0x2f03</value>
         <object_component_ref idref="oc-1b"/>
      </symbol>
      <symbol id="sm-416">
         <name>__TI_decompress_lzss</name>
         <value>0x24c9</value>
         <object_component_ref idref="oc-15"/>
      </symbol>
      <symbol id="sm-43c">
         <name>C$$EXIT</name>
         <value>0x2f39</value>
         <object_component_ref idref="oc-11b"/>
      </symbol>
      <symbol id="sm-43d">
         <name>abort</name>
         <value>0x2f39</value>
         <object_component_ref idref="oc-11b"/>
      </symbol>
      <symbol id="sm-43e">
         <name>__TI_dtors_ptr</name>
         <value>0x200011cc</value>
         <object_component_ref idref="oc-1ca"/>
      </symbol>
      <symbol id="sm-43f">
         <name>__TI_cleanup_ptr</name>
         <value>0x200011c8</value>
         <object_component_ref idref="oc-1ca"/>
      </symbol>
      <symbol id="sm-440">
         <name>__TI_enable_exit_profile_output</name>
         <value>0x200011d0</value>
         <object_component_ref idref="oc-1ca"/>
      </symbol>
      <symbol id="sm-441">
         <name>exit</name>
         <value>0x29c5</value>
         <object_component_ref idref="oc-121"/>
      </symbol>
      <symbol id="sm-456">
         <name>_nop</name>
         <value>0xc57</value>
         <object_component_ref idref="oc-1a6"/>
      </symbol>
      <symbol id="sm-457">
         <name>_lock</name>
         <value>0x200011d4</value>
         <object_component_ref idref="oc-e6"/>
      </symbol>
      <symbol id="sm-458">
         <name>_unlock</name>
         <value>0x200011d8</value>
         <object_component_ref idref="oc-e6"/>
      </symbol>
      <symbol id="sm-467">
         <name>__TI_ltoa</name>
         <value>0x2887</value>
         <object_component_ref idref="oc-203"/>
      </symbol>
      <symbol id="sm-47d">
         <name>atoi</name>
         <value>0x2979</value>
         <object_component_ref idref="oc-15f"/>
      </symbol>
      <symbol id="sm-488">
         <name>_ctypes_</name>
         <value>0x2f3c</value>
         <object_component_ref idref="oc-1e8"/>
      </symbol>
      <symbol id="sm-49d">
         <name>__TI_tmpnams</name>
         <value>0x20001310</value>
      </symbol>
      <symbol id="sm-49e">
         <name>__aeabi_stdout</name>
         <value>0x200011c0</value>
         <object_component_ref idref="oc-362"/>
      </symbol>
      <symbol id="sm-49f">
         <name>__aeabi_stderr</name>
         <value>0x200011c4</value>
         <object_component_ref idref="oc-362"/>
      </symbol>
      <symbol id="sm-4a0">
         <name>__aeabi_stdin</name>
         <value>0x200011bc</value>
         <object_component_ref idref="oc-362"/>
      </symbol>
      <symbol id="sm-4a1">
         <name>_ftable</name>
         <value>0x20001000</value>
         <object_component_ref idref="oc-e9"/>
      </symbol>
      <symbol id="sm-4a2">
         <name>__TI_ft_end</name>
         <value>0x200011b8</value>
         <object_component_ref idref="oc-362"/>
      </symbol>
      <symbol id="sm-4b2">
         <name>memccpy</name>
         <value>0x2e65</value>
         <object_component_ref idref="oc-188"/>
      </symbol>
      <symbol id="sm-4c2">
         <name>memchr</name>
         <value>0x2ded</value>
         <object_component_ref idref="oc-26b"/>
      </symbol>
      <symbol id="sm-54b">
         <name>_sys_memory</name>
         <value>0x20000800</value>
         <object_component_ref idref="oc-24"/>
      </symbol>
      <symbol id="sm-54c">
         <name>free</name>
         <value>0x1c7d</value>
         <object_component_ref idref="oc-313"/>
      </symbol>
      <symbol id="sm-54d">
         <name>memalign</name>
         <value>0x1a81</value>
         <object_component_ref idref="oc-355"/>
      </symbol>
      <symbol id="sm-54e">
         <name>malloc</name>
         <value>0x2f25</value>
         <object_component_ref idref="oc-319"/>
      </symbol>
      <symbol id="sm-54f">
         <name>aligned_alloc</name>
         <value>0x1a81</value>
         <object_component_ref idref="oc-355"/>
      </symbol>
      <symbol id="sm-55f">
         <name>strchr</name>
         <value>0x2eb3</value>
         <object_component_ref idref="oc-23a"/>
      </symbol>
      <symbol id="sm-56d">
         <name>strlen</name>
         <value>0x2edd</value>
         <object_component_ref idref="oc-159"/>
      </symbol>
      <symbol id="sm-583">
         <name>__aeabi_errno_addr</name>
         <value>0x2f1d</value>
         <object_component_ref idref="oc-194"/>
      </symbol>
      <symbol id="sm-584">
         <name>errno</name>
         <value>0x200011ec</value>
         <object_component_ref idref="oc-24a"/>
      </symbol>
      <symbol id="sm-597">
         <name>__stack</name>
         <value>0x20000000</value>
         <object_component_ref idref="oc-27"/>
      </symbol>
      <symbol id="sm-598">
         <name>_c_int00_noargs</name>
         <value>0x2cb5</value>
         <object_component_ref idref="oc-62"/>
      </symbol>
      <symbol id="sm-5b2">
         <name>write</name>
         <value>0x2dc5</value>
         <object_component_ref idref="oc-277"/>
      </symbol>
      <symbol id="sm-5c3">
         <name>_stream</name>
         <value>0x20001168</value>
         <object_component_ref idref="oc-2e5"/>
      </symbol>
      <symbol id="sm-5c4">
         <name>_device</name>
         <value>0x200010f0</value>
         <object_component_ref idref="oc-332"/>
      </symbol>
      <symbol id="sm-5dd">
         <name>wcslen</name>
         <value>0x2ef1</value>
         <object_component_ref idref="oc-18e"/>
      </symbol>
      <symbol id="sm-5ed">
         <name>__TI_doflush</name>
         <value>0x292d</value>
         <object_component_ref idref="oc-271"/>
      </symbol>
      <symbol id="sm-5fd">
         <name>__TI_cleanup</name>
         <value>0x2c4d</value>
         <object_component_ref idref="oc-31f"/>
      </symbol>
      <symbol id="sm-60f">
         <name>fseek</name>
         <value>0x25fd</value>
         <object_component_ref idref="oc-2d3"/>
      </symbol>
      <symbol id="sm-619">
         <name>__aeabi_idiv0</name>
         <value>0x14c3</value>
         <object_component_ref idref="oc-29f"/>
      </symbol>
      <symbol id="sm-61a">
         <name>__aeabi_ldiv0</name>
         <value>0x14c3</value>
         <object_component_ref idref="oc-29f"/>
      </symbol>
      <symbol id="sm-642">
         <name>__TI_auto_init_nobinit_nopinit</name>
         <value>0x2add</value>
         <object_component_ref idref="oc-127"/>
      </symbol>
      <symbol id="sm-64c">
         <name>_system_pre_init</name>
         <value>0x2f35</value>
         <object_component_ref idref="oc-c1"/>
      </symbol>
      <symbol id="sm-65f">
         <name>HOSTclose</name>
         <value>0x2a55</value>
         <object_component_ref idref="oc-36e"/>
      </symbol>
      <symbol id="sm-670">
         <name>HOSTlseek</name>
         <value>0x2461</value>
         <object_component_ref idref="oc-380"/>
      </symbol>
      <symbol id="sm-682">
         <name>parmbuf</name>
         <value>0x200013b0</value>
      </symbol>
      <symbol id="sm-683">
         <name>HOSTopen</name>
         <value>0x26c5</value>
         <object_component_ref idref="oc-368"/>
      </symbol>
      <symbol id="sm-694">
         <name>HOSTread</name>
         <value>0x2781</value>
         <object_component_ref idref="oc-374"/>
      </symbol>
      <symbol id="sm-6a5">
         <name>HOSTrename</name>
         <value>0x23f5</value>
         <object_component_ref idref="oc-38c"/>
      </symbol>
      <symbol id="sm-6b6">
         <name>HOSTunlink</name>
         <value>0x2a99</value>
         <object_component_ref idref="oc-386"/>
      </symbol>
      <symbol id="sm-6c7">
         <name>HOSTwrite</name>
         <value>0x27d9</value>
         <object_component_ref idref="oc-37a"/>
      </symbol>
      <symbol id="sm-6eb">
         <name>__TI_readmsg</name>
         <value>0x2c81</value>
         <object_component_ref idref="oc-3bb"/>
      </symbol>
      <symbol id="sm-6ec">
         <name>C$$IO$$</name>
         <value>0x2bd3</value>
         <object_component_ref idref="oc-3b5"/>
      </symbol>
      <symbol id="sm-6ed">
         <name>__CIOBUF_</name>
         <value>0x200011f0</value>
         <object_component_ref idref="oc-3e6"/>
      </symbol>
      <symbol id="sm-6ee">
         <name>__TI_writemsg</name>
         <value>0x2ba5</value>
         <object_component_ref idref="oc-3b5"/>
      </symbol>
      <symbol id="sm-6ff">
         <name>lseek</name>
         <value>0x2d9d</value>
         <object_component_ref idref="oc-30b"/>
      </symbol>
      <symbol id="sm-714">
         <name>__TI_closefile</name>
         <value>0x2235</value>
         <object_component_ref idref="oc-35c"/>
      </symbol>
      <symbol id="sm-737">
         <name>finddevice</name>
         <value>0x2ce9</value>
         <object_component_ref idref="oc-404"/>
      </symbol>
      <symbol id="sm-738">
         <name>getdevice</name>
         <value>0x2b21</value>
         <object_component_ref idref="oc-3dc"/>
      </symbol>
      <symbol id="sm-747">
         <name>strcmp</name>
         <value>0x2e9b</value>
         <object_component_ref idref="oc-41b"/>
      </symbol>
      <symbol id="sm-755">
         <name>strcpy</name>
         <value>0x2ec9</value>
         <object_component_ref idref="oc-3cf"/>
      </symbol>
      <symbol id="sm-765">
         <name>strncpy</name>
         <value>0x2c15</value>
         <object_component_ref idref="oc-3fe"/>
      </symbol>
      <symbol id="sm-77a">
         <name>close</name>
         <value>0x2725</value>
         <object_component_ref idref="oc-3a4"/>
      </symbol>
      <symbol id="sm-78a">
         <name>unlink</name>
         <value>0x2d49</value>
         <object_component_ref idref="oc-3aa"/>
      </symbol>
      <symbol id="sm-78b">
         <name>__TI_static_base__</name>
         <value>0x0</value>
      </symbol>
      <symbol id="sm-78e">
         <name>__mpu_init</name>
         <value>0x0</value>
      </symbol>
      <symbol id="sm-78f">
         <name>_system_post_cinit</name>
         <value>0x0</value>
      </symbol>
      <symbol id="sm-790">
         <name>remove</name>
         <value>0x2d49</value>
      </symbol>
   </symbol_table>
   <title>Link successful</title>
</link_info>
