<?xml version="1.0" encoding="ISO-8859-1" ?>
<link_info>
   <banner>TI ARM Linker PC v20.2.4.LTS</banner>
   <copyright>Copyright (c) 1996-2018 Texas Instruments Incorporated</copyright>
   <link_time>0x6a3d19e0</link_time>
   <link_errors>0x0</link_errors>
   <output_file>terminal-com8-test.out</output_file>
   <entry_point>
      <name>_c_int00_noargs</name>
      <address>0x2c51</address>
   </entry_point>
   <input_file_list>
      <input_file id="fl-2">
         <path>.\</path>
         <kind>object</kind>
         <file>main.obj</file>
         <name>main.obj</name>
      </input_file>
      <input_file id="fl-3">
         <path>.\</path>
         <kind>object</kind>
         <file>tm4c1294ncpdt_startup_ccs.obj</file>
         <name>tm4c1294ncpdt_startup_ccs.obj</name>
      </input_file>
      <input_file id="fl-7">
         <kind>object</kind>
         <file>&lt;internal&gt;</file>
         <name>&lt;internal&gt;</name>
      </input_file>
      <input_file id="fl-bd">
         <path>C:\ti\ti-cgt-arm_20.2.4.LTS\lib\</path>
         <kind>archive</kind>
         <file>rtsv7M4_T_le_v4SPD16_eabi.lib</file>
         <name>printf.c.obj</name>
      </input_file>
      <input_file id="fl-be">
         <path>C:\ti\ti-cgt-arm_20.2.4.LTS\lib\</path>
         <kind>archive</kind>
         <file>rtsv7M4_T_le_v4SPD16_eabi.lib</file>
         <name>_printfi.c.obj</name>
      </input_file>
      <input_file id="fl-bf">
         <path>C:\ti\ti-cgt-arm_20.2.4.LTS\lib\</path>
         <kind>archive</kind>
         <file>rtsv7M4_T_le_v4SPD16_eabi.lib</file>
         <name>fputc.c.obj</name>
      </input_file>
      <input_file id="fl-c0">
         <path>C:\ti\ti-cgt-arm_20.2.4.LTS\lib\</path>
         <kind>archive</kind>
         <file>rtsv7M4_T_le_v4SPD16_eabi.lib</file>
         <name>fputs.c.obj</name>
      </input_file>
      <input_file id="fl-c1">
         <path>C:\ti\ti-cgt-arm_20.2.4.LTS\lib\</path>
         <kind>archive</kind>
         <file>rtsv7M4_T_le_v4SPD16_eabi.lib</file>
         <name>_io_perm.c.obj</name>
      </input_file>
      <input_file id="fl-c2">
         <path>C:\ti\ti-cgt-arm_20.2.4.LTS\lib\</path>
         <kind>archive</kind>
         <file>rtsv7M4_T_le_v4SPD16_eabi.lib</file>
         <name>setvbuf.c.obj</name>
      </input_file>
      <input_file id="fl-c3">
         <path>C:\ti\ti-cgt-arm_20.2.4.LTS\lib\</path>
         <kind>archive</kind>
         <file>rtsv7M4_T_le_v4SPD16_eabi.lib</file>
         <name>s_frexp.c.obj</name>
      </input_file>
      <input_file id="fl-c4">
         <path>C:\ti\ti-cgt-arm_20.2.4.LTS\lib\</path>
         <kind>archive</kind>
         <file>rtsv7M4_T_le_v4SPD16_eabi.lib</file>
         <name>s_scalbn.c.obj</name>
      </input_file>
      <input_file id="fl-c5">
         <path>C:\ti\ti-cgt-arm_20.2.4.LTS\lib\</path>
         <kind>archive</kind>
         <file>rtsv7M4_T_le_v4SPD16_eabi.lib</file>
         <name>s_copysign.c.obj</name>
      </input_file>
      <input_file id="fl-c6">
         <path>C:\ti\ti-cgt-arm_20.2.4.LTS\lib\</path>
         <kind>archive</kind>
         <file>rtsv7M4_T_le_v4SPD16_eabi.lib</file>
         <name>ull_div_t2.asm.obj</name>
      </input_file>
      <input_file id="fl-c7">
         <path>C:\ti\ti-cgt-arm_20.2.4.LTS\lib\</path>
         <kind>archive</kind>
         <file>rtsv7M4_T_le_v4SPD16_eabi.lib</file>
         <name>memset_t2.asm.obj</name>
      </input_file>
      <input_file id="fl-c8">
         <path>C:\ti\ti-cgt-arm_20.2.4.LTS\lib\</path>
         <kind>archive</kind>
         <file>rtsv7M4_T_le_v4SPD16_eabi.lib</file>
         <name>fd_add_t2.asm.obj</name>
      </input_file>
      <input_file id="fl-c9">
         <path>C:\ti\ti-cgt-arm_20.2.4.LTS\lib\</path>
         <kind>archive</kind>
         <file>rtsv7M4_T_le_v4SPD16_eabi.lib</file>
         <name>fd_cmp_t2.asm.obj</name>
      </input_file>
      <input_file id="fl-ca">
         <path>C:\ti\ti-cgt-arm_20.2.4.LTS\lib\</path>
         <kind>archive</kind>
         <file>rtsv7M4_T_le_v4SPD16_eabi.lib</file>
         <name>fd_div_t2.asm.obj</name>
      </input_file>
      <input_file id="fl-cb">
         <path>C:\ti\ti-cgt-arm_20.2.4.LTS\lib\</path>
         <kind>archive</kind>
         <file>rtsv7M4_T_le_v4SPD16_eabi.lib</file>
         <name>fd_mul_t2.asm.obj</name>
      </input_file>
      <input_file id="fl-cc">
         <path>C:\ti\ti-cgt-arm_20.2.4.LTS\lib\</path>
         <kind>archive</kind>
         <file>rtsv7M4_T_le_v4SPD16_eabi.lib</file>
         <name>fd_toi_t2.asm.obj</name>
      </input_file>
      <input_file id="fl-cd">
         <path>C:\ti\ti-cgt-arm_20.2.4.LTS\lib\</path>
         <kind>archive</kind>
         <file>rtsv7M4_T_le_v4SPD16_eabi.lib</file>
         <name>i_tofd_t2.asm.obj</name>
      </input_file>
      <input_file id="fl-ce">
         <path>C:\ti\ti-cgt-arm_20.2.4.LTS\lib\</path>
         <kind>archive</kind>
         <file>rtsv7M4_T_le_v4SPD16_eabi.lib</file>
         <name>memcpy_t2.asm.obj</name>
      </input_file>
      <input_file id="fl-cf">
         <path>C:\ti\ti-cgt-arm_20.2.4.LTS\lib\</path>
         <kind>archive</kind>
         <file>rtsv7M4_T_le_v4SPD16_eabi.lib</file>
         <name>copy_zero_init.c.obj</name>
      </input_file>
      <input_file id="fl-d0">
         <path>C:\ti\ti-cgt-arm_20.2.4.LTS\lib\</path>
         <kind>archive</kind>
         <file>rtsv7M4_T_le_v4SPD16_eabi.lib</file>
         <name>copy_decompress_none.c.obj</name>
      </input_file>
      <input_file id="fl-d1">
         <path>C:\ti\ti-cgt-arm_20.2.4.LTS\lib\</path>
         <kind>archive</kind>
         <file>rtsv7M4_T_le_v4SPD16_eabi.lib</file>
         <name>copy_decompress_lzss.c.obj</name>
      </input_file>
      <input_file id="fl-d2">
         <path>C:\ti\ti-cgt-arm_20.2.4.LTS\lib\</path>
         <kind>archive</kind>
         <file>rtsv7M4_T_le_v4SPD16_eabi.lib</file>
         <name>exit.c.obj</name>
      </input_file>
      <input_file id="fl-d3">
         <path>C:\ti\ti-cgt-arm_20.2.4.LTS\lib\</path>
         <kind>archive</kind>
         <file>rtsv7M4_T_le_v4SPD16_eabi.lib</file>
         <name>_lock.c.obj</name>
      </input_file>
      <input_file id="fl-d4">
         <path>C:\ti\ti-cgt-arm_20.2.4.LTS\lib\</path>
         <kind>archive</kind>
         <file>rtsv7M4_T_le_v4SPD16_eabi.lib</file>
         <name>_ltoa.c.obj</name>
      </input_file>
      <input_file id="fl-d5">
         <path>C:\ti\ti-cgt-arm_20.2.4.LTS\lib\</path>
         <kind>archive</kind>
         <file>rtsv7M4_T_le_v4SPD16_eabi.lib</file>
         <name>atoi.c.obj</name>
      </input_file>
      <input_file id="fl-d6">
         <path>C:\ti\ti-cgt-arm_20.2.4.LTS\lib\</path>
         <kind>archive</kind>
         <file>rtsv7M4_T_le_v4SPD16_eabi.lib</file>
         <name>ctype.c.obj</name>
      </input_file>
      <input_file id="fl-d7">
         <path>C:\ti\ti-cgt-arm_20.2.4.LTS\lib\</path>
         <kind>archive</kind>
         <file>rtsv7M4_T_le_v4SPD16_eabi.lib</file>
         <name>defs.c.obj</name>
      </input_file>
      <input_file id="fl-d8">
         <path>C:\ti\ti-cgt-arm_20.2.4.LTS\lib\</path>
         <kind>archive</kind>
         <file>rtsv7M4_T_le_v4SPD16_eabi.lib</file>
         <name>memccpy.c.obj</name>
      </input_file>
      <input_file id="fl-d9">
         <path>C:\ti\ti-cgt-arm_20.2.4.LTS\lib\</path>
         <kind>archive</kind>
         <file>rtsv7M4_T_le_v4SPD16_eabi.lib</file>
         <name>memchr.c.obj</name>
      </input_file>
      <input_file id="fl-da">
         <path>C:\ti\ti-cgt-arm_20.2.4.LTS\lib\</path>
         <kind>archive</kind>
         <file>rtsv7M4_T_le_v4SPD16_eabi.lib</file>
         <name>memory.c.obj</name>
      </input_file>
      <input_file id="fl-db">
         <path>C:\ti\ti-cgt-arm_20.2.4.LTS\lib\</path>
         <kind>archive</kind>
         <file>rtsv7M4_T_le_v4SPD16_eabi.lib</file>
         <name>strchr.c.obj</name>
      </input_file>
      <input_file id="fl-dc">
         <path>C:\ti\ti-cgt-arm_20.2.4.LTS\lib\</path>
         <kind>archive</kind>
         <file>rtsv7M4_T_le_v4SPD16_eabi.lib</file>
         <name>strlen.c.obj</name>
      </input_file>
      <input_file id="fl-dd">
         <path>C:\ti\ti-cgt-arm_20.2.4.LTS\lib\</path>
         <kind>archive</kind>
         <file>rtsv7M4_T_le_v4SPD16_eabi.lib</file>
         <name>errno.c.obj</name>
      </input_file>
      <input_file id="fl-de">
         <path>C:\ti\ti-cgt-arm_20.2.4.LTS\lib\</path>
         <kind>archive</kind>
         <file>rtsv7M4_T_le_v4SPD16_eabi.lib</file>
         <name>boot_cortex_m.c.obj</name>
      </input_file>
      <input_file id="fl-df">
         <path>C:\ti\ti-cgt-arm_20.2.4.LTS\lib\</path>
         <kind>archive</kind>
         <file>rtsv7M4_T_le_v4SPD16_eabi.lib</file>
         <name>write.c.obj</name>
      </input_file>
      <input_file id="fl-e0">
         <path>C:\ti\ti-cgt-arm_20.2.4.LTS\lib\</path>
         <kind>archive</kind>
         <file>rtsv7M4_T_le_v4SPD16_eabi.lib</file>
         <name>host_device.c.obj</name>
      </input_file>
      <input_file id="fl-e1">
         <path>C:\ti\ti-cgt-arm_20.2.4.LTS\lib\</path>
         <kind>archive</kind>
         <file>rtsv7M4_T_le_v4SPD16_eabi.lib</file>
         <name>wcslen.c.obj</name>
      </input_file>
      <input_file id="fl-e2">
         <path>C:\ti\ti-cgt-arm_20.2.4.LTS\lib\</path>
         <kind>archive</kind>
         <file>rtsv7M4_T_le_v4SPD16_eabi.lib</file>
         <name>fflush.c.obj</name>
      </input_file>
      <input_file id="fl-e3">
         <path>C:\ti\ti-cgt-arm_20.2.4.LTS\lib\</path>
         <kind>archive</kind>
         <file>rtsv7M4_T_le_v4SPD16_eabi.lib</file>
         <name>fopen.c.obj</name>
      </input_file>
      <input_file id="fl-e4">
         <path>C:\ti\ti-cgt-arm_20.2.4.LTS\lib\</path>
         <kind>archive</kind>
         <file>rtsv7M4_T_le_v4SPD16_eabi.lib</file>
         <name>fseek.c.obj</name>
      </input_file>
      <input_file id="fl-e5">
         <path>C:\ti\ti-cgt-arm_20.2.4.LTS\lib\</path>
         <kind>archive</kind>
         <file>rtsv7M4_T_le_v4SPD16_eabi.lib</file>
         <name>div0.asm.obj</name>
      </input_file>
      <input_file id="fl-e6">
         <path>C:\ti\ti-cgt-arm_20.2.4.LTS\lib\</path>
         <kind>archive</kind>
         <file>rtsv7M4_T_le_v4SPD16_eabi.lib</file>
         <name>autoinit.c.obj</name>
      </input_file>
      <input_file id="fl-e7">
         <path>C:\ti\ti-cgt-arm_20.2.4.LTS\lib\</path>
         <kind>archive</kind>
         <file>rtsv7M4_T_le_v4SPD16_eabi.lib</file>
         <name>pre_init.c.obj</name>
      </input_file>
      <input_file id="fl-e8">
         <path>C:\ti\ti-cgt-arm_20.2.4.LTS\lib\</path>
         <kind>archive</kind>
         <file>rtsv7M4_T_le_v4SPD16_eabi.lib</file>
         <name>cpy_tbl.c.obj</name>
      </input_file>
      <input_file id="fl-e9">
         <path>C:\ti\ti-cgt-arm_20.2.4.LTS\lib\</path>
         <kind>archive</kind>
         <file>rtsv7M4_T_le_v4SPD16_eabi.lib</file>
         <name>args_main.c.obj</name>
      </input_file>
      <input_file id="fl-ea">
         <path>C:\ti\ti-cgt-arm_20.2.4.LTS\lib\</path>
         <kind>archive</kind>
         <file>rtsv7M4_T_le_v4SPD16_eabi.lib</file>
         <name>hostclose.c.obj</name>
      </input_file>
      <input_file id="fl-eb">
         <path>C:\ti\ti-cgt-arm_20.2.4.LTS\lib\</path>
         <kind>archive</kind>
         <file>rtsv7M4_T_le_v4SPD16_eabi.lib</file>
         <name>hostlseek.c.obj</name>
      </input_file>
      <input_file id="fl-ec">
         <path>C:\ti\ti-cgt-arm_20.2.4.LTS\lib\</path>
         <kind>archive</kind>
         <file>rtsv7M4_T_le_v4SPD16_eabi.lib</file>
         <name>hostopen.c.obj</name>
      </input_file>
      <input_file id="fl-ed">
         <path>C:\ti\ti-cgt-arm_20.2.4.LTS\lib\</path>
         <kind>archive</kind>
         <file>rtsv7M4_T_le_v4SPD16_eabi.lib</file>
         <name>hostread.c.obj</name>
      </input_file>
      <input_file id="fl-ee">
         <path>C:\ti\ti-cgt-arm_20.2.4.LTS\lib\</path>
         <kind>archive</kind>
         <file>rtsv7M4_T_le_v4SPD16_eabi.lib</file>
         <name>hostrename.c.obj</name>
      </input_file>
      <input_file id="fl-ef">
         <path>C:\ti\ti-cgt-arm_20.2.4.LTS\lib\</path>
         <kind>archive</kind>
         <file>rtsv7M4_T_le_v4SPD16_eabi.lib</file>
         <name>hostunlink.c.obj</name>
      </input_file>
      <input_file id="fl-f0">
         <path>C:\ti\ti-cgt-arm_20.2.4.LTS\lib\</path>
         <kind>archive</kind>
         <file>rtsv7M4_T_le_v4SPD16_eabi.lib</file>
         <name>hostwrite.c.obj</name>
      </input_file>
      <input_file id="fl-f1">
         <path>C:\ti\ti-cgt-arm_20.2.4.LTS\lib\</path>
         <kind>archive</kind>
         <file>rtsv7M4_T_le_v4SPD16_eabi.lib</file>
         <name>trgmsg.c.obj</name>
      </input_file>
      <input_file id="fl-f2">
         <path>C:\ti\ti-cgt-arm_20.2.4.LTS\lib\</path>
         <kind>archive</kind>
         <file>rtsv7M4_T_le_v4SPD16_eabi.lib</file>
         <name>open.c.obj</name>
      </input_file>
      <input_file id="fl-f3">
         <path>C:\ti\ti-cgt-arm_20.2.4.LTS\lib\</path>
         <kind>archive</kind>
         <file>rtsv7M4_T_le_v4SPD16_eabi.lib</file>
         <name>lseek.c.obj</name>
      </input_file>
      <input_file id="fl-f4">
         <path>C:\ti\ti-cgt-arm_20.2.4.LTS\lib\</path>
         <kind>archive</kind>
         <file>rtsv7M4_T_le_v4SPD16_eabi.lib</file>
         <name>fclose.c.obj</name>
      </input_file>
      <input_file id="fl-f5">
         <path>C:\ti\ti-cgt-arm_20.2.4.LTS\lib\</path>
         <kind>archive</kind>
         <file>rtsv7M4_T_le_v4SPD16_eabi.lib</file>
         <name>getdevice.c.obj</name>
      </input_file>
      <input_file id="fl-f6">
         <path>C:\ti\ti-cgt-arm_20.2.4.LTS\lib\</path>
         <kind>archive</kind>
         <file>rtsv7M4_T_le_v4SPD16_eabi.lib</file>
         <name>strcmp.c.obj</name>
      </input_file>
      <input_file id="fl-f7">
         <path>C:\ti\ti-cgt-arm_20.2.4.LTS\lib\</path>
         <kind>archive</kind>
         <file>rtsv7M4_T_le_v4SPD16_eabi.lib</file>
         <name>strcpy.c.obj</name>
      </input_file>
      <input_file id="fl-f8">
         <path>C:\ti\ti-cgt-arm_20.2.4.LTS\lib\</path>
         <kind>archive</kind>
         <file>rtsv7M4_T_le_v4SPD16_eabi.lib</file>
         <name>strncpy.c.obj</name>
      </input_file>
      <input_file id="fl-f9">
         <path>C:\ti\ti-cgt-arm_20.2.4.LTS\lib\</path>
         <kind>archive</kind>
         <file>rtsv7M4_T_le_v4SPD16_eabi.lib</file>
         <name>remove.c.obj</name>
      </input_file>
      <input_file id="fl-fa">
         <path>C:\ti\ti-cgt-arm_20.2.4.LTS\lib\</path>
         <kind>archive</kind>
         <file>rtsv7M4_T_le_v4SPD16_eabi.lib</file>
         <name>close.c.obj</name>
      </input_file>
      <input_file id="fl-fb">
         <path>C:\ti\ti-cgt-arm_20.2.4.LTS\lib\</path>
         <kind>archive</kind>
         <file>rtsv7M4_T_le_v4SPD16_eabi.lib</file>
         <name>unlink.c.obj</name>
      </input_file>
   </input_file_list>
   <object_component_list>
      <object_component id="oc-12">
         <name>.intvecs</name>
         <load_address>0x0</load_address>
         <run_address>0x0</run_address>
         <size>0x208</size>
         <input_file_ref idref="fl-3"/>
      </object_component>
      <object_component id="oc-122">
         <name>.text:__TI_printfi</name>
         <load_address>0x208</load_address>
         <run_address>0x208</run_address>
         <size>0xa4e</size>
         <input_file_ref idref="fl-be"/>
      </object_component>
      <object_component id="oc-1ad">
         <name>.text:_nop</name>
         <load_address>0xc56</load_address>
         <run_address>0xc56</run_address>
         <size>0x2</size>
         <input_file_ref idref="fl-d3"/>
      </object_component>
      <object_component id="oc-a2">
         <name>.text</name>
         <load_address>0xc58</load_address>
         <run_address>0xc58</run_address>
         <size>0x2b4</size>
         <input_file_ref idref="fl-2"/>
      </object_component>
      <object_component id="oc-189">
         <name>.text:_pconv_a</name>
         <load_address>0xf0c</load_address>
         <run_address>0xf0c</run_address>
         <size>0x270</size>
         <input_file_ref idref="fl-be"/>
      </object_component>
      <object_component id="oc-177">
         <name>.text:_pconv_g</name>
         <load_address>0x117c</load_address>
         <run_address>0x117c</run_address>
         <size>0x1d0</size>
         <input_file_ref idref="fl-be"/>
      </object_component>
      <object_component id="oc-214">
         <name>.text</name>
         <load_address>0x134c</load_address>
         <run_address>0x134c</run_address>
         <size>0x1b6</size>
         <input_file_ref idref="fl-c8"/>
      </object_component>
      <object_component id="oc-29a">
         <name>.text</name>
         <load_address>0x1502</load_address>
         <run_address>0x1502</run_address>
         <size>0x2</size>
         <input_file_ref idref="fl-e5"/>
      </object_component>
      <object_component id="oc-183">
         <name>.text:_pconv_e</name>
         <load_address>0x1504</load_address>
         <run_address>0x1504</run_address>
         <size>0x13c</size>
         <input_file_ref idref="fl-be"/>
      </object_component>
      <object_component id="oc-1fa">
         <name>.text</name>
         <load_address>0x1640</load_address>
         <run_address>0x1640</run_address>
         <size>0x136</size>
         <input_file_ref idref="fl-ca"/>
      </object_component>
      <object_component id="oc-226">
         <name>.text:fcvt</name>
         <load_address>0x1778</load_address>
         <run_address>0x1778</run_address>
         <size>0x124</size>
         <input_file_ref idref="fl-be"/>
      </object_component>
      <object_component id="oc-1bb">
         <name>.text:fputs</name>
         <load_address>0x189c</load_address>
         <run_address>0x189c</run_address>
         <size>0x114</size>
         <input_file_ref idref="fl-c0"/>
      </object_component>
      <object_component id="oc-23a">
         <name>.text:scalbn</name>
         <load_address>0x19b0</load_address>
         <run_address>0x19b0</run_address>
         <size>0x110</size>
         <input_file_ref idref="fl-c4"/>
      </object_component>
      <object_component id="oc-345">
         <name>.text:aligned_alloc</name>
         <load_address>0x1ac0</load_address>
         <run_address>0x1ac0</run_address>
         <size>0x100</size>
         <input_file_ref idref="fl-da"/>
      </object_component>
      <object_component id="oc-1f5">
         <name>.text</name>
         <load_address>0x1bc0</load_address>
         <run_address>0x1bc0</run_address>
         <size>0xfc</size>
         <input_file_ref idref="fl-cb"/>
      </object_component>
      <object_component id="oc-303">
         <name>.text:free</name>
         <load_address>0x1cbc</load_address>
         <run_address>0x1cbc</run_address>
         <size>0xe4</size>
         <input_file_ref idref="fl-da"/>
      </object_component>
      <object_component id="oc-2d5">
         <name>.text:setvbuf</name>
         <load_address>0x1da0</load_address>
         <run_address>0x1da0</run_address>
         <size>0xdc</size>
         <input_file_ref idref="fl-c2"/>
      </object_component>
      <object_component id="oc-16c">
         <name>.text:_ltostr</name>
         <load_address>0x1e7c</load_address>
         <run_address>0x1e7c</run_address>
         <size>0xb1</size>
         <input_file_ref idref="fl-be"/>
      </object_component>
      <object_component id="oc-3e">
         <name>.text</name>
         <load_address>0x1f2e</load_address>
         <run_address>0x1f2e</run_address>
         <size>0x9c</size>
         <input_file_ref idref="fl-ce"/>
      </object_component>
      <object_component id="oc-1ee">
         <name>.text</name>
         <load_address>0x1fca</load_address>
         <run_address>0x1fca</run_address>
         <size>0x96</size>
         <input_file_ref idref="fl-c6"/>
      </object_component>
      <object_component id="oc-1c2">
         <name>.text:fputc</name>
         <load_address>0x2060</load_address>
         <run_address>0x2060</run_address>
         <size>0x8c</size>
         <input_file_ref idref="fl-bf"/>
      </object_component>
      <object_component id="oc-172">
         <name>.text:__aeabi_cdcmple</name>
         <load_address>0x20ec</load_address>
         <run_address>0x20ec</run_address>
         <size>0x86</size>
         <input_file_ref idref="fl-c9"/>
      </object_component>
      <object_component id="oc-1ff">
         <name>.text:__aeabi_cdrcmple</name>
         <load_address>0x2172</load_address>
         <run_address>0x2172</run_address>
         <size>0x86</size>
         <input_file_ref idref="fl-c9"/>
      </object_component>
      <object_component id="oc-96">
         <name>.text</name>
         <load_address>0x21f8</load_address>
         <run_address>0x21f8</run_address>
         <size>0x7a</size>
         <input_file_ref idref="fl-c7"/>
      </object_component>
      <object_component id="oc-34c">
         <name>.text:__TI_closefile</name>
         <load_address>0x2274</load_address>
         <run_address>0x2274</run_address>
         <size>0x74</size>
         <input_file_ref idref="fl-f4"/>
      </object_component>
      <object_component id="oc-38d">
         <name>.text:split</name>
         <load_address>0x22e8</load_address>
         <run_address>0x22e8</run_address>
         <size>0x70</size>
         <input_file_ref idref="fl-da"/>
      </object_component>
      <object_component id="oc-21f">
         <name>.text:_mcpy</name>
         <load_address>0x2358</load_address>
         <run_address>0x2358</run_address>
         <size>0x6e</size>
         <input_file_ref idref="fl-be"/>
      </object_component>
      <object_component id="oc-37c">
         <name>.text:HOSTrename</name>
         <load_address>0x23c8</load_address>
         <run_address>0x23c8</run_address>
         <size>0x6c</size>
         <input_file_ref idref="fl-ee"/>
      </object_component>
      <object_component id="oc-370">
         <name>.text:HOSTlseek</name>
         <load_address>0x2434</load_address>
         <run_address>0x2434</run_address>
         <size>0x68</size>
         <input_file_ref idref="fl-eb"/>
      </object_component>
      <object_component id="oc-15">
         <name>.text:decompress:lzss:__TI_decompress_lzss</name>
         <load_address>0x249c</load_address>
         <run_address>0x249c</run_address>
         <size>0x68</size>
         <input_file_ref idref="fl-d1"/>
      </object_component>
      <object_component id="oc-d7">
         <name>.text:printf</name>
         <load_address>0x2504</load_address>
         <run_address>0x2504</run_address>
         <size>0x68</size>
         <input_file_ref idref="fl-bd"/>
      </object_component>
      <object_component id="oc-234">
         <name>.text:frexp</name>
         <load_address>0x256c</load_address>
         <run_address>0x256c</run_address>
         <size>0x64</size>
         <input_file_ref idref="fl-c3"/>
      </object_component>
      <object_component id="oc-2cf">
         <name>.text:fseek</name>
         <load_address>0x25d0</load_address>
         <run_address>0x25d0</run_address>
         <size>0x64</size>
         <input_file_ref idref="fl-e4"/>
      </object_component>
      <object_component id="oc-26b">
         <name>.text:__TI_wrt_ok</name>
         <load_address>0x2634</load_address>
         <run_address>0x2634</run_address>
         <size>0x62</size>
         <input_file_ref idref="fl-c1"/>
      </object_component>
      <object_component id="oc-358">
         <name>.text:HOSTopen</name>
         <load_address>0x2698</load_address>
         <run_address>0x2698</run_address>
         <size>0x60</size>
         <input_file_ref idref="fl-ec"/>
      </object_component>
      <object_component id="oc-394">
         <name>.text:close</name>
         <load_address>0x26f8</load_address>
         <run_address>0x26f8</run_address>
         <size>0x5c</size>
         <input_file_ref idref="fl-fa"/>
      </object_component>
      <object_component id="oc-364">
         <name>.text:HOSTread</name>
         <load_address>0x2754</load_address>
         <run_address>0x2754</run_address>
         <size>0x58</size>
         <input_file_ref idref="fl-ed"/>
      </object_component>
      <object_component id="oc-36a">
         <name>.text:HOSTwrite</name>
         <load_address>0x27ac</load_address>
         <run_address>0x27ac</run_address>
         <size>0x58</size>
         <input_file_ref idref="fl-f0"/>
      </object_component>
      <object_component id="oc-17d">
         <name>.text:_pconv_f</name>
         <load_address>0x2804</load_address>
         <run_address>0x2804</run_address>
         <size>0x56</size>
         <input_file_ref idref="fl-be"/>
      </object_component>
      <object_component id="oc-209">
         <name>.text:__TI_ltoa</name>
         <load_address>0x285a</load_address>
         <run_address>0x285a</run_address>
         <size>0x54</size>
         <input_file_ref idref="fl-d4"/>
      </object_component>
      <object_component id="oc-219">
         <name>.text:_ecpy</name>
         <load_address>0x28ae</load_address>
         <run_address>0x28ae</run_address>
         <size>0x52</size>
         <input_file_ref idref="fl-be"/>
      </object_component>
      <object_component id="oc-277">
         <name>.text:__TI_doflush</name>
         <load_address>0x2900</load_address>
         <run_address>0x2900</run_address>
         <size>0x4c</size>
         <input_file_ref idref="fl-e2"/>
      </object_component>
      <object_component id="oc-166">
         <name>.text:atoi</name>
         <load_address>0x294c</load_address>
         <run_address>0x294c</run_address>
         <size>0x4c</size>
         <input_file_ref idref="fl-d5"/>
      </object_component>
      <object_component id="oc-e8">
         <name>.text:exit</name>
         <load_address>0x2998</load_address>
         <run_address>0x2998</run_address>
         <size>0x48</size>
         <input_file_ref idref="fl-d2"/>
      </object_component>
      <object_component id="oc-204">
         <name>.text</name>
         <load_address>0x29e0</load_address>
         <run_address>0x29e0</run_address>
         <size>0x48</size>
         <input_file_ref idref="fl-cc"/>
      </object_component>
      <object_component id="oc-35e">
         <name>.text:HOSTclose</name>
         <load_address>0x2a28</load_address>
         <run_address>0x2a28</run_address>
         <size>0x44</size>
         <input_file_ref idref="fl-ea"/>
      </object_component>
      <object_component id="oc-376">
         <name>.text:HOSTunlink</name>
         <load_address>0x2a6c</load_address>
         <run_address>0x2a6c</run_address>
         <size>0x44</size>
         <input_file_ref idref="fl-ef"/>
      </object_component>
      <object_component id="oc-ee">
         <name>.text:__TI_auto_init_nobinit_nopinit:__TI_auto_init_nobinit_nopinit</name>
         <load_address>0x2ab0</load_address>
         <run_address>0x2ab0</run_address>
         <size>0x44</size>
         <input_file_ref idref="fl-e6"/>
      </object_component>
      <object_component id="oc-3cc">
         <name>.text:getdevice</name>
         <load_address>0x2af4</load_address>
         <run_address>0x2af4</run_address>
         <size>0x44</size>
         <input_file_ref idref="fl-f5"/>
      </object_component>
      <object_component id="oc-22c">
         <name>.text:_fcpy</name>
         <load_address>0x2b38</load_address>
         <run_address>0x2b38</run_address>
         <size>0x3e</size>
         <input_file_ref idref="fl-be"/>
      </object_component>
      <object_component id="oc-3a5">
         <name>.text:__TI_writemsg</name>
         <load_address>0x2b78</load_address>
         <run_address>0x2b78</run_address>
         <size>0x38</size>
         <input_file_ref idref="fl-f1"/>
      </object_component>
      <object_component id="oc-3ee">
         <name>.text:strncpy</name>
         <load_address>0x2bb0</load_address>
         <run_address>0x2bb0</run_address>
         <size>0x36</size>
         <input_file_ref idref="fl-f8"/>
      </object_component>
      <object_component id="oc-30f">
         <name>.text:__TI_cleanup</name>
         <load_address>0x2be8</load_address>
         <run_address>0x2be8</run_address>
         <size>0x34</size>
         <input_file_ref idref="fl-e3"/>
      </object_component>
      <object_component id="oc-3ab">
         <name>.text:__TI_readmsg</name>
         <load_address>0x2c1c</load_address>
         <run_address>0x2c1c</run_address>
         <size>0x34</size>
         <input_file_ref idref="fl-f1"/>
      </object_component>
      <object_component id="oc-5c">
         <name>.text:_c_int00_noargs:_c_int00_noargs</name>
         <load_address>0x2c50</load_address>
         <run_address>0x2c50</run_address>
         <size>0x34</size>
         <input_file_ref idref="fl-de"/>
      </object_component>
      <object_component id="oc-3f4">
         <name>.text:finddevice</name>
         <load_address>0x2c84</load_address>
         <run_address>0x2c84</run_address>
         <size>0x30</size>
         <input_file_ref idref="fl-f5"/>
      </object_component>
      <object_component id="oc-20f">
         <name>.text</name>
         <load_address>0x2cb4</load_address>
         <run_address>0x2cb4</run_address>
         <size>0x2e</size>
         <input_file_ref idref="fl-cd"/>
      </object_component>
      <object_component id="oc-39a">
         <name>.text:unlink</name>
         <load_address>0x2ce4</load_address>
         <run_address>0x2ce4</run_address>
         <size>0x2c</size>
         <input_file_ref idref="fl-fb"/>
      </object_component>
      <object_component id="oc-33e">
         <name>.text:free_list_insert</name>
         <load_address>0x2d10</load_address>
         <run_address>0x2d10</run_address>
         <size>0x28</size>
         <input_file_ref idref="fl-da"/>
      </object_component>
      <object_component id="oc-2fb">
         <name>.text:lseek</name>
         <load_address>0x2d38</load_address>
         <run_address>0x2d38</run_address>
         <size>0x28</size>
         <input_file_ref idref="fl-f3"/>
      </object_component>
      <object_component id="oc-27d">
         <name>.text:write</name>
         <load_address>0x2d60</load_address>
         <run_address>0x2d60</run_address>
         <size>0x28</size>
         <input_file_ref idref="fl-df"/>
      </object_component>
      <object_component id="oc-271">
         <name>.text:memchr</name>
         <load_address>0x2d88</load_address>
         <run_address>0x2d88</run_address>
         <size>0x20</size>
         <input_file_ref idref="fl-d9"/>
      </object_component>
      <object_component id="oc-4a">
         <name>.text:decompress:ZI:__TI_zero_init_nomemset:__TI_zero_init_nomemset</name>
         <load_address>0x2da8</load_address>
         <run_address>0x2da8</run_address>
         <size>0x1c</size>
         <input_file_ref idref="fl-cf"/>
      </object_component>
      <object_component id="oc-338">
         <name>.text:free_list_remove</name>
         <load_address>0x2dc4</load_address>
         <run_address>0x2dc4</run_address>
         <size>0x1c</size>
         <input_file_ref idref="fl-da"/>
      </object_component>
      <object_component id="oc-18f">
         <name>.text:memccpy</name>
         <load_address>0x2de0</load_address>
         <run_address>0x2de0</run_address>
         <size>0x1c</size>
         <input_file_ref idref="fl-d8"/>
      </object_component>
      <object_component id="oc-2b3">
         <name>.text:copysign</name>
         <load_address>0x2dfc</load_address>
         <run_address>0x2dfc</run_address>
         <size>0x1a</size>
         <input_file_ref idref="fl-c5"/>
      </object_component>
      <object_component id="oc-40b">
         <name>.text:strcmp</name>
         <load_address>0x2e16</load_address>
         <run_address>0x2e16</run_address>
         <size>0x18</size>
         <input_file_ref idref="fl-f6"/>
      </object_component>
      <object_component id="oc-240">
         <name>.text:strchr</name>
         <load_address>0x2e2e</load_address>
         <run_address>0x2e2e</run_address>
         <size>0x16</size>
         <input_file_ref idref="fl-db"/>
      </object_component>
      <object_component id="oc-3bf">
         <name>.text:strcpy</name>
         <load_address>0x2e44</load_address>
         <run_address>0x2e44</run_address>
         <size>0x14</size>
         <input_file_ref idref="fl-f7"/>
      </object_component>
      <object_component id="oc-160">
         <name>.text:strlen</name>
         <load_address>0x2e58</load_address>
         <run_address>0x2e58</run_address>
         <size>0x14</size>
         <input_file_ref idref="fl-dc"/>
      </object_component>
      <object_component id="oc-195">
         <name>.text:wcslen</name>
         <load_address>0x2e6c</load_address>
         <run_address>0x2e6c</run_address>
         <size>0x12</size>
         <input_file_ref idref="fl-e1"/>
      </object_component>
      <object_component id="oc-1b">
         <name>.text:decompress:none:__TI_decompress_none</name>
         <load_address>0x2e7e</load_address>
         <run_address>0x2e7e</run_address>
         <size>0xe</size>
         <input_file_ref idref="fl-d0"/>
      </object_component>
      <object_component id="oc-2a">
         <name>.text</name>
         <load_address>0x2e8c</load_address>
         <run_address>0x2e8c</run_address>
         <size>0xc</size>
         <input_file_ref idref="fl-3"/>
      </object_component>
      <object_component id="oc-19b">
         <name>.text:__aeabi_errno_addr</name>
         <load_address>0x2e98</load_address>
         <run_address>0x2e98</run_address>
         <size>0x8</size>
         <input_file_ref idref="fl-dd"/>
      </object_component>
      <object_component id="oc-309">
         <name>.text:malloc</name>
         <load_address>0x2ea0</load_address>
         <run_address>0x2ea0</run_address>
         <size>0x8</size>
         <input_file_ref idref="fl-da"/>
      </object_component>
      <object_component id="oc-134">
         <name>.text:_outc</name>
         <load_address>0x2ea8</load_address>
         <run_address>0x2ea8</run_address>
         <size>0x4</size>
         <input_file_ref idref="fl-bd"/>
      </object_component>
      <object_component id="oc-12e">
         <name>.text:_outs</name>
         <load_address>0x2eac</load_address>
         <run_address>0x2eac</run_address>
         <size>0x4</size>
         <input_file_ref idref="fl-bd"/>
      </object_component>
      <object_component id="oc-9c">
         <name>.text:_system_pre_init</name>
         <load_address>0x2eb0</load_address>
         <run_address>0x2eb0</run_address>
         <size>0x4</size>
         <input_file_ref idref="fl-e7"/>
      </object_component>
      <object_component id="oc-e2">
         <name>.text:abort:abort</name>
         <load_address>0x2eb4</load_address>
         <run_address>0x2eb4</run_address>
         <size>0x4</size>
         <input_file_ref idref="fl-d2"/>
      </object_component>
      <object_component id="oc-1e9">
         <name>.const:.string:_ctypes_</name>
         <load_address>0x2eb8</load_address>
         <run_address>0x2eb8</run_address>
         <size>0x101</size>
         <input_file_ref idref="fl-d6"/>
      </object_component>
      <object_component id="oc-445">
         <name>.cinit..data.load</name>
         <load_address>0x2fc0</load_address>
         <run_address>0x2fc0</run_address>
         <size>0x68</size>
      </object_component>
      <object_component id="oc-443">
         <name>__TI_handler_table</name>
         <load_address>0x3028</load_address>
         <run_address>0x3028</run_address>
         <size>0xc</size>
      </object_component>
      <object_component id="oc-446">
         <name>.cinit..bss.load</name>
         <load_address>0x3038</load_address>
         <run_address>0x3038</run_address>
         <size>0x8</size>
      </object_component>
      <object_component id="oc-444">
         <name>__TI_cinit_table</name>
         <load_address>0x3040</load_address>
         <run_address>0x3040</run_address>
         <size>0x10</size>
      </object_component>
      <object_component id="oc-dd">
         <name>.data</name>
         <load_address>0x200013e0</load_address>
         <run_address>0x200013e0</run_address>
         <size>0x4</size>
         <input_file_ref idref="fl-2"/>
      </object_component>
      <object_component id="oc-144">
         <name>.data:$O1$$</name>
         <load_address>0x200013c4</load_address>
         <run_address>0x200013c4</run_address>
         <size>0xc</size>
         <input_file_ref idref="fl-d2"/>
      </object_component>
      <object_component id="oc-128">
         <name>.data:$O1$$</name>
         <load_address>0x200013d0</load_address>
         <run_address>0x200013d0</run_address>
         <size>0x8</size>
         <input_file_ref idref="fl-d3"/>
      </object_component>
      <object_component id="oc-12b">
         <name>.data:_ftable</name>
         <load_address>0x200011fc</load_address>
         <run_address>0x200011fc</run_address>
         <size>0xf0</size>
         <input_file_ref idref="fl-d7"/>
      </object_component>
      <object_component id="oc-352">
         <name>.data</name>
         <load_address>0x200013b4</load_address>
         <run_address>0x200013b4</run_address>
         <size>0x10</size>
         <input_file_ref idref="fl-d7"/>
      </object_component>
      <object_component id="oc-388">
         <name>.data:$O1$$</name>
         <load_address>0x200013d8</load_address>
         <run_address>0x200013d8</run_address>
         <size>0x8</size>
         <input_file_ref idref="fl-da"/>
      </object_component>
      <object_component id="oc-250">
         <name>.data</name>
         <load_address>0x200013e4</load_address>
         <run_address>0x200013e4</run_address>
         <size>0x4</size>
         <input_file_ref idref="fl-dd"/>
      </object_component>
      <object_component id="oc-322">
         <name>.data:_device</name>
         <load_address>0x200012ec</load_address>
         <run_address>0x200012ec</run_address>
         <size>0x78</size>
         <input_file_ref idref="fl-e0"/>
      </object_component>
      <object_component id="oc-2e1">
         <name>.data:_stream</name>
         <load_address>0x20001364</load_address>
         <run_address>0x20001364</run_address>
         <size>0x50</size>
         <input_file_ref idref="fl-e0"/>
      </object_component>
      <object_component id="oc-3d6">
         <name>.bss:_CIOBUF_</name>
         <uninitialized>true</uninitialized>
         <run_address>0x20001000</run_address>
         <size>0x120</size>
         <input_file_ref idref="fl-f1"/>
      </object_component>
      <object_component id="oc-e0">
         <name>.common:buffer</name>
         <uninitialized>true</uninitialized>
         <run_address>0x200011c0</run_address>
         <size>0x34</size>
      </object_component>
      <object_component id="oc-3a0">
         <name>.common:__TI_tmpnams</name>
         <uninitialized>true</uninitialized>
         <run_address>0x20001120</run_address>
         <size>0xa0</size>
      </object_component>
      <object_component id="oc-3b1">
         <name>.common:parmbuf</name>
         <uninitialized>true</uninitialized>
         <run_address>0x200011f4</run_address>
         <size>0x8</size>
      </object_component>
      <object_component id="oc-24">
         <name>.sysmem</name>
         <uninitialized>true</uninitialized>
         <run_address>0x20000800</run_address>
         <size>0x10</size>
         <input_file_ref idref="fl-da"/>
      </object_component>
      <object_component id="oc-449">
         <name>.sysmem</name>
         <uninitialized>true</uninitialized>
         <run_address>0x20000800</run_address>
         <size>0x0</size>
      </object_component>
      <object_component id="oc-27">
         <name>.stack</name>
         <uninitialized>true</uninitialized>
         <run_address>0x20000000</run_address>
         <size>0x4</size>
         <input_file_ref idref="fl-de"/>
      </object_component>
      <object_component id="oc-448">
         <name>.stack</name>
         <uninitialized>true</uninitialized>
         <run_address>0x20000000</run_address>
         <size>0x0</size>
      </object_component>
      <object_component id="oc-c5">
         <name>.debug_info</name>
         <load_address>0x0</load_address>
         <run_address>0x0</run_address>
         <size>0x2cb</size>
         <input_file_ref idref="fl-2"/>
      </object_component>
      <object_component id="oc-de">
         <name>.debug_info</name>
         <load_address>0x2cb</load_address>
         <run_address>0x2cb</run_address>
         <size>0xd0</size>
         <input_file_ref idref="fl-2"/>
      </object_component>
      <object_component id="oc-a4">
         <name>.debug_info</name>
         <load_address>0x39b</load_address>
         <run_address>0x39b</run_address>
         <size>0x465</size>
         <input_file_ref idref="fl-2"/>
      </object_component>
      <object_component id="oc-77">
         <name>.debug_info</name>
         <load_address>0x800</load_address>
         <run_address>0x800</run_address>
         <size>0x26b</size>
         <input_file_ref idref="fl-2"/>
      </object_component>
      <object_component id="oc-39">
         <name>.debug_info</name>
         <load_address>0xa6b</load_address>
         <run_address>0xa6b</run_address>
         <size>0x84</size>
         <input_file_ref idref="fl-2"/>
      </object_component>
      <object_component id="oc-c0">
         <name>.debug_info</name>
         <load_address>0xaef</load_address>
         <run_address>0xaef</run_address>
         <size>0x2a4</size>
         <input_file_ref idref="fl-2"/>
      </object_component>
      <object_component id="oc-7c">
         <name>.debug_info</name>
         <load_address>0xd93</load_address>
         <run_address>0xd93</run_address>
         <size>0xbb</size>
         <input_file_ref idref="fl-2"/>
      </object_component>
      <object_component id="oc-13c">
         <name>.debug_info</name>
         <load_address>0xe4e</load_address>
         <run_address>0xe4e</run_address>
         <size>0x2c</size>
         <input_file_ref idref="fl-2"/>
      </object_component>
      <object_component id="oc-32">
         <name>.debug_info</name>
         <load_address>0xe7a</load_address>
         <run_address>0xe7a</run_address>
         <size>0x2ba</size>
         <input_file_ref idref="fl-3"/>
      </object_component>
      <object_component id="oc-13">
         <name>.debug_info</name>
         <load_address>0x1134</load_address>
         <run_address>0x1134</run_address>
         <size>0xf9</size>
         <input_file_ref idref="fl-3"/>
      </object_component>
      <object_component id="oc-2b">
         <name>.debug_info</name>
         <load_address>0x122d</load_address>
         <run_address>0x122d</run_address>
         <size>0x278</size>
         <input_file_ref idref="fl-3"/>
      </object_component>
      <object_component id="oc-13b">
         <name>.debug_info</name>
         <load_address>0x14a5</load_address>
         <run_address>0x14a5</run_address>
         <size>0x3e5</size>
         <input_file_ref idref="fl-bd"/>
      </object_component>
      <object_component id="oc-137">
         <name>.debug_info</name>
         <load_address>0x188a</load_address>
         <run_address>0x188a</run_address>
         <size>0x157</size>
         <input_file_ref idref="fl-bd"/>
      </object_component>
      <object_component id="oc-130">
         <name>.debug_info</name>
         <load_address>0x19e1</load_address>
         <run_address>0x19e1</run_address>
         <size>0x166</size>
         <input_file_ref idref="fl-bd"/>
      </object_component>
      <object_component id="oc-d8">
         <name>.debug_info</name>
         <load_address>0x1b47</load_address>
         <run_address>0x1b47</run_address>
         <size>0x1ac</size>
         <input_file_ref idref="fl-bd"/>
      </object_component>
      <object_component id="oc-1cb">
         <name>.debug_info</name>
         <load_address>0x1cf3</load_address>
         <run_address>0x1cf3</run_address>
         <size>0xb2</size>
         <input_file_ref idref="fl-bd"/>
      </object_component>
      <object_component id="oc-1a2">
         <name>.debug_info</name>
         <load_address>0x1da5</load_address>
         <run_address>0x1da5</run_address>
         <size>0x590</size>
         <input_file_ref idref="fl-be"/>
      </object_component>
      <object_component id="oc-16d">
         <name>.debug_info</name>
         <load_address>0x2335</load_address>
         <run_address>0x2335</run_address>
         <size>0x21e</size>
         <input_file_ref idref="fl-be"/>
      </object_component>
      <object_component id="oc-21a">
         <name>.debug_info</name>
         <load_address>0x2553</load_address>
         <run_address>0x2553</run_address>
         <size>0x1b3</size>
         <input_file_ref idref="fl-be"/>
      </object_component>
      <object_component id="oc-220">
         <name>.debug_info</name>
         <load_address>0x2706</load_address>
         <run_address>0x2706</run_address>
         <size>0x21b</size>
         <input_file_ref idref="fl-be"/>
      </object_component>
      <object_component id="oc-178">
         <name>.debug_info</name>
         <load_address>0x2921</load_address>
         <run_address>0x2921</run_address>
         <size>0x3c0</size>
         <input_file_ref idref="fl-be"/>
      </object_component>
      <object_component id="oc-227">
         <name>.debug_info</name>
         <load_address>0x2ce1</load_address>
         <run_address>0x2ce1</run_address>
         <size>0x30a</size>
         <input_file_ref idref="fl-be"/>
      </object_component>
      <object_component id="oc-22d">
         <name>.debug_info</name>
         <load_address>0x2feb</load_address>
         <run_address>0x2feb</run_address>
         <size>0x215</size>
         <input_file_ref idref="fl-be"/>
      </object_component>
      <object_component id="oc-17e">
         <name>.debug_info</name>
         <load_address>0x3200</load_address>
         <run_address>0x3200</run_address>
         <size>0x215</size>
         <input_file_ref idref="fl-be"/>
      </object_component>
      <object_component id="oc-184">
         <name>.debug_info</name>
         <load_address>0x3415</load_address>
         <run_address>0x3415</run_address>
         <size>0x304</size>
         <input_file_ref idref="fl-be"/>
      </object_component>
      <object_component id="oc-18a">
         <name>.debug_info</name>
         <load_address>0x3719</load_address>
         <run_address>0x3719</run_address>
         <size>0x4b5</size>
         <input_file_ref idref="fl-be"/>
      </object_component>
      <object_component id="oc-123">
         <name>.debug_info</name>
         <load_address>0x3bce</load_address>
         <run_address>0x3bce</run_address>
         <size>0x5f4</size>
         <input_file_ref idref="fl-be"/>
      </object_component>
      <object_component id="oc-1a3">
         <name>.debug_info</name>
         <load_address>0x41c2</load_address>
         <run_address>0x41c2</run_address>
         <size>0x86</size>
         <input_file_ref idref="fl-be"/>
      </object_component>
      <object_component id="oc-25c">
         <name>.debug_info</name>
         <load_address>0x4248</load_address>
         <run_address>0x4248</run_address>
         <size>0x39</size>
         <input_file_ref idref="fl-be"/>
      </object_component>
      <object_component id="oc-2ca">
         <name>.debug_info</name>
         <load_address>0x4281</load_address>
         <run_address>0x4281</run_address>
         <size>0xb6</size>
         <input_file_ref idref="fl-be"/>
      </object_component>
      <object_component id="oc-261">
         <name>.debug_info</name>
         <load_address>0x4337</load_address>
         <run_address>0x4337</run_address>
         <size>0x46</size>
         <input_file_ref idref="fl-be"/>
      </object_component>
      <object_component id="oc-1a8">
         <name>.debug_info</name>
         <load_address>0x437d</load_address>
         <run_address>0x437d</run_address>
         <size>0x46</size>
         <input_file_ref idref="fl-be"/>
      </object_component>
      <object_component id="oc-257">
         <name>.debug_info</name>
         <load_address>0x43c3</load_address>
         <run_address>0x43c3</run_address>
         <size>0x2c</size>
         <input_file_ref idref="fl-be"/>
      </object_component>
      <object_component id="oc-286">
         <name>.debug_info</name>
         <load_address>0x43ef</load_address>
         <run_address>0x43ef</run_address>
         <size>0x383</size>
         <input_file_ref idref="fl-bf"/>
      </object_component>
      <object_component id="oc-1c6">
         <name>.debug_info</name>
         <load_address>0x4772</load_address>
         <run_address>0x4772</run_address>
         <size>0x1ea</size>
         <input_file_ref idref="fl-bf"/>
      </object_component>
      <object_component id="oc-284">
         <name>.debug_info</name>
         <load_address>0x495c</load_address>
         <run_address>0x495c</run_address>
         <size>0x3fc</size>
         <input_file_ref idref="fl-c0"/>
      </object_component>
      <object_component id="oc-1bf">
         <name>.debug_info</name>
         <load_address>0x4d58</load_address>
         <run_address>0x4d58</run_address>
         <size>0x2e2</size>
         <input_file_ref idref="fl-c0"/>
      </object_component>
      <object_component id="oc-ce">
         <name>.debug_info</name>
         <load_address>0x503a</load_address>
         <run_address>0x503a</run_address>
         <size>0x2c</size>
         <input_file_ref idref="fl-c0"/>
      </object_component>
      <object_component id="oc-2dc">
         <name>.debug_info</name>
         <load_address>0x5066</load_address>
         <run_address>0x5066</run_address>
         <size>0x300</size>
         <input_file_ref idref="fl-c1"/>
      </object_component>
      <object_component id="oc-26d">
         <name>.debug_info</name>
         <load_address>0x5366</load_address>
         <run_address>0x5366</run_address>
         <size>0x19c</size>
         <input_file_ref idref="fl-c1"/>
      </object_component>
      <object_component id="oc-317">
         <name>.debug_info</name>
         <load_address>0x5502</load_address>
         <run_address>0x5502</run_address>
         <size>0xbf</size>
         <input_file_ref idref="fl-c1"/>
      </object_component>
      <object_component id="oc-316">
         <name>.debug_info</name>
         <load_address>0x55c1</load_address>
         <run_address>0x55c1</run_address>
         <size>0x374</size>
         <input_file_ref idref="fl-c2"/>
      </object_component>
      <object_component id="oc-2d8">
         <name>.debug_info</name>
         <load_address>0x5935</load_address>
         <run_address>0x5935</run_address>
         <size>0x20b</size>
         <input_file_ref idref="fl-c2"/>
      </object_component>
      <object_component id="oc-2ad">
         <name>.debug_info</name>
         <load_address>0x5b40</load_address>
         <run_address>0x5b40</run_address>
         <size>0x29a</size>
         <input_file_ref idref="fl-c3"/>
      </object_component>
      <object_component id="oc-235">
         <name>.debug_info</name>
         <load_address>0x5dda</load_address>
         <run_address>0x5dda</run_address>
         <size>0x195</size>
         <input_file_ref idref="fl-c3"/>
      </object_component>
      <object_component id="oc-2f1">
         <name>.debug_info</name>
         <load_address>0x5f6f</load_address>
         <run_address>0x5f6f</run_address>
         <size>0x39</size>
         <input_file_ref idref="fl-c3"/>
      </object_component>
      <object_component id="oc-2ae">
         <name>.debug_info</name>
         <load_address>0x5fa8</load_address>
         <run_address>0x5fa8</run_address>
         <size>0x2c</size>
         <input_file_ref idref="fl-c3"/>
      </object_component>
      <object_component id="oc-2ba">
         <name>.debug_info</name>
         <load_address>0x5fd4</load_address>
         <run_address>0x5fd4</run_address>
         <size>0x2fd</size>
         <input_file_ref idref="fl-c4"/>
      </object_component>
      <object_component id="oc-23e">
         <name>.debug_info</name>
         <load_address>0x62d1</load_address>
         <run_address>0x62d1</run_address>
         <size>0x225</size>
         <input_file_ref idref="fl-c4"/>
      </object_component>
      <object_component id="oc-2b4">
         <name>.debug_info</name>
         <load_address>0x64f6</load_address>
         <run_address>0x64f6</run_address>
         <size>0x161</size>
         <input_file_ref idref="fl-c5"/>
      </object_component>
      <object_component id="oc-1f0">
         <name>.debug_info</name>
         <load_address>0x6657</load_address>
         <run_address>0x6657</run_address>
         <size>0x134</size>
         <input_file_ref idref="fl-c6"/>
      </object_component>
      <object_component id="oc-98">
         <name>.debug_info</name>
         <load_address>0x678b</load_address>
         <run_address>0x678b</run_address>
         <size>0x147</size>
         <input_file_ref idref="fl-c7"/>
      </object_component>
      <object_component id="oc-215">
         <name>.debug_info</name>
         <load_address>0x68d2</load_address>
         <run_address>0x68d2</run_address>
         <size>0x14c</size>
         <input_file_ref idref="fl-c8"/>
      </object_component>
      <object_component id="oc-173">
         <name>.debug_info</name>
         <load_address>0x6a1e</load_address>
         <run_address>0x6a1e</run_address>
         <size>0x128</size>
         <input_file_ref idref="fl-c9"/>
      </object_component>
      <object_component id="oc-200">
         <name>.debug_info</name>
         <load_address>0x6b46</load_address>
         <run_address>0x6b46</run_address>
         <size>0x12a</size>
         <input_file_ref idref="fl-c9"/>
      </object_component>
      <object_component id="oc-1fc">
         <name>.debug_info</name>
         <load_address>0x6c70</load_address>
         <run_address>0x6c70</run_address>
         <size>0x13a</size>
         <input_file_ref idref="fl-ca"/>
      </object_component>
      <object_component id="oc-1f6">
         <name>.debug_info</name>
         <load_address>0x6daa</load_address>
         <run_address>0x6daa</run_address>
         <size>0x13a</size>
         <input_file_ref idref="fl-cb"/>
      </object_component>
      <object_component id="oc-205">
         <name>.debug_info</name>
         <load_address>0x6ee4</load_address>
         <run_address>0x6ee4</run_address>
         <size>0x12e</size>
         <input_file_ref idref="fl-cc"/>
      </object_component>
      <object_component id="oc-211">
         <name>.debug_info</name>
         <load_address>0x7012</load_address>
         <run_address>0x7012</run_address>
         <size>0x12c</size>
         <input_file_ref idref="fl-cd"/>
      </object_component>
      <object_component id="oc-41">
         <name>.debug_info</name>
         <load_address>0x713e</load_address>
         <run_address>0x713e</run_address>
         <size>0x119</size>
         <input_file_ref idref="fl-ce"/>
      </object_component>
      <object_component id="oc-95">
         <name>.debug_info</name>
         <load_address>0x7257</load_address>
         <run_address>0x7257</run_address>
         <size>0x2d4</size>
         <input_file_ref idref="fl-cf"/>
      </object_component>
      <object_component id="oc-4b">
         <name>.debug_info</name>
         <load_address>0x752b</load_address>
         <run_address>0x752b</run_address>
         <size>0x1d2</size>
         <input_file_ref idref="fl-cf"/>
      </object_component>
      <object_component id="oc-90">
         <name>.debug_info</name>
         <load_address>0x76fd</load_address>
         <run_address>0x76fd</run_address>
         <size>0x46</size>
         <input_file_ref idref="fl-cf"/>
      </object_component>
      <object_component id="oc-49">
         <name>.debug_info</name>
         <load_address>0x7743</load_address>
         <run_address>0x7743</run_address>
         <size>0x2a8</size>
         <input_file_ref idref="fl-d0"/>
      </object_component>
      <object_component id="oc-1e">
         <name>.debug_info</name>
         <load_address>0x79eb</load_address>
         <run_address>0x79eb</run_address>
         <size>0x1ea</size>
         <input_file_ref idref="fl-d0"/>
      </object_component>
      <object_component id="oc-44">
         <name>.debug_info</name>
         <load_address>0x7bd5</load_address>
         <run_address>0x7bd5</run_address>
         <size>0x46</size>
         <input_file_ref idref="fl-d0"/>
      </object_component>
      <object_component id="oc-88">
         <name>.debug_info</name>
         <load_address>0x7c1b</load_address>
         <run_address>0x7c1b</run_address>
         <size>0x2c</size>
         <input_file_ref idref="fl-d0"/>
      </object_component>
      <object_component id="oc-86">
         <name>.debug_info</name>
         <load_address>0x7c47</load_address>
         <run_address>0x7c47</run_address>
         <size>0x29e</size>
         <input_file_ref idref="fl-d1"/>
      </object_component>
      <object_component id="oc-16">
         <name>.debug_info</name>
         <load_address>0x7ee5</load_address>
         <run_address>0x7ee5</run_address>
         <size>0x250</size>
         <input_file_ref idref="fl-d1"/>
      </object_component>
      <object_component id="oc-34">
         <name>.debug_info</name>
         <load_address>0x8135</load_address>
         <run_address>0x8135</run_address>
         <size>0x60</size>
         <input_file_ref idref="fl-d1"/>
      </object_component>
      <object_component id="oc-c7">
         <name>.debug_info</name>
         <load_address>0x8195</load_address>
         <run_address>0x8195</run_address>
         <size>0x46</size>
         <input_file_ref idref="fl-d1"/>
      </object_component>
      <object_component id="oc-81">
         <name>.debug_info</name>
         <load_address>0x81db</load_address>
         <run_address>0x81db</run_address>
         <size>0x39</size>
         <input_file_ref idref="fl-d1"/>
      </object_component>
      <object_component id="oc-148">
         <name>.debug_info</name>
         <load_address>0x8214</load_address>
         <run_address>0x8214</run_address>
         <size>0x3ad</size>
         <input_file_ref idref="fl-d2"/>
      </object_component>
      <object_component id="oc-145">
         <name>.debug_info</name>
         <load_address>0x85c1</load_address>
         <run_address>0x85c1</run_address>
         <size>0x190</size>
         <input_file_ref idref="fl-d2"/>
      </object_component>
      <object_component id="oc-e3">
         <name>.debug_info</name>
         <load_address>0x8751</load_address>
         <run_address>0x8751</run_address>
         <size>0x122</size>
         <input_file_ref idref="fl-d2"/>
      </object_component>
      <object_component id="oc-e9">
         <name>.debug_info</name>
         <load_address>0x8873</load_address>
         <run_address>0x8873</run_address>
         <size>0x184</size>
         <input_file_ref idref="fl-d2"/>
      </object_component>
      <object_component id="oc-1b5">
         <name>.debug_info</name>
         <load_address>0x89f7</load_address>
         <run_address>0x89f7</run_address>
         <size>0x2c9</size>
         <input_file_ref idref="fl-d3"/>
      </object_component>
      <object_component id="oc-129">
         <name>.debug_info</name>
         <load_address>0x8cc0</load_address>
         <run_address>0x8cc0</run_address>
         <size>0x11e</size>
         <input_file_ref idref="fl-d3"/>
      </object_component>
      <object_component id="oc-1ae">
         <name>.debug_info</name>
         <load_address>0x8dde</load_address>
         <run_address>0x8dde</run_address>
         <size>0x12e</size>
         <input_file_ref idref="fl-d3"/>
      </object_component>
      <object_component id="oc-2a5">
         <name>.debug_info</name>
         <load_address>0x8f0c</load_address>
         <run_address>0x8f0c</run_address>
         <size>0x29c</size>
         <input_file_ref idref="fl-d4"/>
      </object_component>
      <object_component id="oc-20a">
         <name>.debug_info</name>
         <load_address>0x91a8</load_address>
         <run_address>0x91a8</run_address>
         <size>0x1da</size>
         <input_file_ref idref="fl-d4"/>
      </object_component>
      <object_component id="oc-1ed">
         <name>.debug_info</name>
         <load_address>0x9382</load_address>
         <run_address>0x9382</run_address>
         <size>0x2b9</size>
         <input_file_ref idref="fl-d5"/>
      </object_component>
      <object_component id="oc-168">
         <name>.debug_info</name>
         <load_address>0x963b</load_address>
         <run_address>0x963b</run_address>
         <size>0x17c</size>
         <input_file_ref idref="fl-d5"/>
      </object_component>
      <object_component id="oc-297">
         <name>.debug_info</name>
         <load_address>0x97b7</load_address>
         <run_address>0x97b7</run_address>
         <size>0xf9</size>
         <input_file_ref idref="fl-d6"/>
      </object_component>
      <object_component id="oc-1ea">
         <name>.debug_info</name>
         <load_address>0x98b0</load_address>
         <run_address>0x98b0</run_address>
         <size>0x105</size>
         <input_file_ref idref="fl-d6"/>
      </object_component>
      <object_component id="oc-1b9">
         <name>.debug_info</name>
         <load_address>0x99b5</load_address>
         <run_address>0x99b5</run_address>
         <size>0x144</size>
         <input_file_ref idref="fl-d7"/>
      </object_component>
      <object_component id="oc-12c">
         <name>.debug_info</name>
         <load_address>0x9af9</load_address>
         <run_address>0x9af9</run_address>
         <size>0x102</size>
         <input_file_ref idref="fl-d7"/>
      </object_component>
      <object_component id="oc-353">
         <name>.debug_info</name>
         <load_address>0x9bfb</load_address>
         <run_address>0x9bfb</run_address>
         <size>0x18f</size>
         <input_file_ref idref="fl-d7"/>
      </object_component>
      <object_component id="oc-248">
         <name>.debug_info</name>
         <load_address>0x9d8a</load_address>
         <run_address>0x9d8a</run_address>
         <size>0x2a7</size>
         <input_file_ref idref="fl-d8"/>
      </object_component>
      <object_component id="oc-192">
         <name>.debug_info</name>
         <load_address>0xa031</load_address>
         <run_address>0xa031</run_address>
         <size>0x1b8</size>
         <input_file_ref idref="fl-d8"/>
      </object_component>
      <object_component id="oc-2de">
         <name>.debug_info</name>
         <load_address>0xa1e9</load_address>
         <run_address>0xa1e9</run_address>
         <size>0x2a5</size>
         <input_file_ref idref="fl-d9"/>
      </object_component>
      <object_component id="oc-273">
         <name>.debug_info</name>
         <load_address>0xa48e</load_address>
         <run_address>0xa48e</run_address>
         <size>0x25d</size>
         <input_file_ref idref="fl-d9"/>
      </object_component>
      <object_component id="oc-70">
         <name>.debug_info</name>
         <load_address>0xa6eb</load_address>
         <run_address>0xa6eb</run_address>
         <size>0x3b2</size>
         <input_file_ref idref="fl-da"/>
      </object_component>
      <object_component id="oc-25">
         <name>.debug_info</name>
         <load_address>0xaa9d</load_address>
         <run_address>0xaa9d</run_address>
         <size>0x10c</size>
         <input_file_ref idref="fl-da"/>
      </object_component>
      <object_component id="oc-389">
         <name>.debug_info</name>
         <load_address>0xaba9</load_address>
         <run_address>0xaba9</run_address>
         <size>0x13f</size>
         <input_file_ref idref="fl-da"/>
      </object_component>
      <object_component id="oc-30b">
         <name>.debug_info</name>
         <load_address>0xace8</load_address>
         <run_address>0xace8</run_address>
         <size>0x168</size>
         <input_file_ref idref="fl-da"/>
      </object_component>
      <object_component id="oc-33a">
         <name>.debug_info</name>
         <load_address>0xae50</load_address>
         <run_address>0xae50</run_address>
         <size>0x18e</size>
         <input_file_ref idref="fl-da"/>
      </object_component>
      <object_component id="oc-340">
         <name>.debug_info</name>
         <load_address>0xafde</load_address>
         <run_address>0xafde</run_address>
         <size>0x19f</size>
         <input_file_ref idref="fl-da"/>
      </object_component>
      <object_component id="oc-306">
         <name>.debug_info</name>
         <load_address>0xb17d</load_address>
         <run_address>0xb17d</run_address>
         <size>0x203</size>
         <input_file_ref idref="fl-da"/>
      </object_component>
      <object_component id="oc-38e">
         <name>.debug_info</name>
         <load_address>0xb380</load_address>
         <run_address>0xb380</run_address>
         <size>0x1db</size>
         <input_file_ref idref="fl-da"/>
      </object_component>
      <object_component id="oc-347">
         <name>.debug_info</name>
         <load_address>0xb55b</load_address>
         <run_address>0xb55b</run_address>
         <size>0x299</size>
         <input_file_ref idref="fl-da"/>
      </object_component>
      <object_component id="oc-bb">
         <name>.debug_info</name>
         <load_address>0xb7f4</load_address>
         <run_address>0xb7f4</run_address>
         <size>0xb2</size>
         <input_file_ref idref="fl-da"/>
      </object_component>
      <object_component id="oc-b6">
         <name>.debug_info</name>
         <load_address>0xb8a6</load_address>
         <run_address>0xb8a6</run_address>
         <size>0x2c</size>
         <input_file_ref idref="fl-da"/>
      </object_component>
      <object_component id="oc-2bc">
         <name>.debug_info</name>
         <load_address>0xb8d2</load_address>
         <run_address>0xb8d2</run_address>
         <size>0x29a</size>
         <input_file_ref idref="fl-db"/>
      </object_component>
      <object_component id="oc-244">
         <name>.debug_info</name>
         <load_address>0xbb6c</load_address>
         <run_address>0xbb6c</run_address>
         <size>0x262</size>
         <input_file_ref idref="fl-db"/>
      </object_component>
      <object_component id="oc-1e8">
         <name>.debug_info</name>
         <load_address>0xbdce</load_address>
         <run_address>0xbdce</run_address>
         <size>0x28f</size>
         <input_file_ref idref="fl-dc"/>
      </object_component>
      <object_component id="oc-162">
         <name>.debug_info</name>
         <load_address>0xc05d</load_address>
         <run_address>0xc05d</run_address>
         <size>0x245</size>
         <input_file_ref idref="fl-dc"/>
      </object_component>
      <object_component id="oc-254">
         <name>.debug_info</name>
         <load_address>0xc2a2</load_address>
         <run_address>0xc2a2</run_address>
         <size>0x289</size>
         <input_file_ref idref="fl-dd"/>
      </object_component>
      <object_component id="oc-251">
         <name>.debug_info</name>
         <load_address>0xc52b</load_address>
         <run_address>0xc52b</run_address>
         <size>0x10e</size>
         <input_file_ref idref="fl-dd"/>
      </object_component>
      <object_component id="oc-19d">
         <name>.debug_info</name>
         <load_address>0xc639</load_address>
         <run_address>0xc639</run_address>
         <size>0x14e</size>
         <input_file_ref idref="fl-dd"/>
      </object_component>
      <object_component id="oc-28">
         <name>.debug_info</name>
         <load_address>0xc787</load_address>
         <run_address>0xc787</run_address>
         <size>0x10b</size>
         <input_file_ref idref="fl-de"/>
      </object_component>
      <object_component id="oc-5e">
         <name>.debug_info</name>
         <load_address>0xc892</load_address>
         <run_address>0xc892</run_address>
         <size>0x1a9</size>
         <input_file_ref idref="fl-de"/>
      </object_component>
      <object_component id="oc-2e5">
         <name>.debug_info</name>
         <load_address>0xca3b</load_address>
         <run_address>0xca3b</run_address>
         <size>0x397</size>
         <input_file_ref idref="fl-df"/>
      </object_component>
      <object_component id="oc-27e">
         <name>.debug_info</name>
         <load_address>0xcdd2</load_address>
         <run_address>0xcdd2</run_address>
         <size>0x18f</size>
         <input_file_ref idref="fl-df"/>
      </object_component>
      <object_component id="oc-32a">
         <name>.debug_info</name>
         <load_address>0xcf61</load_address>
         <run_address>0xcf61</run_address>
         <size>0x120</size>
         <input_file_ref idref="fl-df"/>
      </object_component>
      <object_component id="oc-32f">
         <name>.debug_info</name>
         <load_address>0xd081</load_address>
         <run_address>0xd081</run_address>
         <size>0x2c</size>
         <input_file_ref idref="fl-df"/>
      </object_component>
      <object_component id="oc-327">
         <name>.debug_info</name>
         <load_address>0xd0ad</load_address>
         <run_address>0xd0ad</run_address>
         <size>0x337</size>
         <input_file_ref idref="fl-e0"/>
      </object_component>
      <object_component id="oc-323">
         <name>.debug_info</name>
         <load_address>0xd3e4</load_address>
         <run_address>0xd3e4</run_address>
         <size>0x109</size>
         <input_file_ref idref="fl-e0"/>
      </object_component>
      <object_component id="oc-2e2">
         <name>.debug_info</name>
         <load_address>0xd4ed</load_address>
         <run_address>0xd4ed</run_address>
         <size>0x109</size>
         <input_file_ref idref="fl-e0"/>
      </object_component>
      <object_component id="oc-24f">
         <name>.debug_info</name>
         <load_address>0xd5f6</load_address>
         <run_address>0xd5f6</run_address>
         <size>0x28f</size>
         <input_file_ref idref="fl-e1"/>
      </object_component>
      <object_component id="oc-199">
         <name>.debug_info</name>
         <load_address>0xd885</load_address>
         <run_address>0xd885</run_address>
         <size>0x15a</size>
         <input_file_ref idref="fl-e1"/>
      </object_component>
      <object_component id="oc-2bf">
         <name>.debug_info</name>
         <load_address>0xd9df</load_address>
         <run_address>0xd9df</run_address>
         <size>0x46</size>
         <input_file_ref idref="fl-e1"/>
      </object_component>
      <object_component id="oc-24a">
         <name>.debug_info</name>
         <load_address>0xda25</load_address>
         <run_address>0xda25</run_address>
         <size>0x39</size>
         <input_file_ref idref="fl-e1"/>
      </object_component>
      <object_component id="oc-2e0">
         <name>.debug_info</name>
         <load_address>0xda5e</load_address>
         <run_address>0xda5e</run_address>
         <size>0x347</size>
         <input_file_ref idref="fl-e2"/>
      </object_component>
      <object_component id="oc-27b">
         <name>.debug_info</name>
         <load_address>0xdda5</load_address>
         <run_address>0xdda5</run_address>
         <size>0x18a</size>
         <input_file_ref idref="fl-e2"/>
      </object_component>
      <object_component id="oc-312">
         <name>.debug_info</name>
         <load_address>0xdf2f</load_address>
         <run_address>0xdf2f</run_address>
         <size>0x176</size>
         <input_file_ref idref="fl-e3"/>
      </object_component>
      <object_component id="oc-302">
         <name>.debug_info</name>
         <load_address>0xe0a5</load_address>
         <run_address>0xe0a5</run_address>
         <size>0x324</size>
         <input_file_ref idref="fl-e4"/>
      </object_component>
      <object_component id="oc-2d0">
         <name>.debug_info</name>
         <load_address>0xe3c9</load_address>
         <run_address>0xe3c9</run_address>
         <size>0x1ec</size>
         <input_file_ref idref="fl-e4"/>
      </object_component>
      <object_component id="oc-29c">
         <name>.debug_info</name>
         <load_address>0xe5b5</load_address>
         <run_address>0xe5b5</run_address>
         <size>0x115</size>
         <input_file_ref idref="fl-e5"/>
      </object_component>
      <object_component id="oc-14b">
         <name>.debug_info</name>
         <load_address>0xe6ca</load_address>
         <run_address>0xe6ca</run_address>
         <size>0x4b3</size>
         <input_file_ref idref="fl-e6"/>
      </object_component>
      <object_component id="oc-f0">
         <name>.debug_info</name>
         <load_address>0xeb7d</load_address>
         <run_address>0xeb7d</run_address>
         <size>0x1a6</size>
         <input_file_ref idref="fl-e6"/>
      </object_component>
      <object_component id="oc-1d6">
         <name>.debug_info</name>
         <load_address>0xed23</load_address>
         <run_address>0xed23</run_address>
         <size>0x39</size>
         <input_file_ref idref="fl-e6"/>
      </object_component>
      <object_component id="oc-287">
         <name>.debug_info</name>
         <load_address>0xed5c</load_address>
         <run_address>0xed5c</run_address>
         <size>0x39</size>
         <input_file_ref idref="fl-e6"/>
      </object_component>
      <object_component id="oc-1db">
         <name>.debug_info</name>
         <load_address>0xed95</load_address>
         <run_address>0xed95</run_address>
         <size>0x39</size>
         <input_file_ref idref="fl-e6"/>
      </object_component>
      <object_component id="oc-1e0">
         <name>.debug_info</name>
         <load_address>0xedce</load_address>
         <run_address>0xedce</run_address>
         <size>0xcd</size>
         <input_file_ref idref="fl-e6"/>
      </object_component>
      <object_component id="oc-9d">
         <name>.debug_info</name>
         <load_address>0xee9b</load_address>
         <run_address>0xee9b</run_address>
         <size>0x153</size>
         <input_file_ref idref="fl-e7"/>
      </object_component>
      <object_component id="oc-3b6">
         <name>.debug_info</name>
         <load_address>0xefee</load_address>
         <run_address>0xefee</run_address>
         <size>0x373</size>
         <input_file_ref idref="fl-ea"/>
      </object_component>
      <object_component id="oc-362">
         <name>.debug_info</name>
         <load_address>0xf361</load_address>
         <run_address>0xf361</run_address>
         <size>0x1bc</size>
         <input_file_ref idref="fl-ea"/>
      </object_component>
      <object_component id="oc-3bc">
         <name>.debug_info</name>
         <load_address>0xf51d</load_address>
         <run_address>0xf51d</run_address>
         <size>0x378</size>
         <input_file_ref idref="fl-eb"/>
      </object_component>
      <object_component id="oc-372">
         <name>.debug_info</name>
         <load_address>0xf895</load_address>
         <run_address>0xf895</run_address>
         <size>0x210</size>
         <input_file_ref idref="fl-eb"/>
      </object_component>
      <object_component id="oc-3b2">
         <name>.debug_info</name>
         <load_address>0xfaa5</load_address>
         <run_address>0xfaa5</run_address>
         <size>0x3a3</size>
         <input_file_ref idref="fl-ec"/>
      </object_component>
      <object_component id="oc-35b">
         <name>.debug_info</name>
         <load_address>0xfe48</load_address>
         <run_address>0xfe48</run_address>
         <size>0x20c</size>
         <input_file_ref idref="fl-ec"/>
      </object_component>
      <object_component id="oc-3b8">
         <name>.debug_info</name>
         <load_address>0x10054</load_address>
         <run_address>0x10054</run_address>
         <size>0x377</size>
         <input_file_ref idref="fl-ed"/>
      </object_component>
      <object_component id="oc-368">
         <name>.debug_info</name>
         <load_address>0x103cb</load_address>
         <run_address>0x103cb</run_address>
         <size>0x1fb</size>
         <input_file_ref idref="fl-ed"/>
      </object_component>
      <object_component id="oc-3c6">
         <name>.debug_info</name>
         <load_address>0x105c6</load_address>
         <run_address>0x105c6</run_address>
         <size>0x3d5</size>
         <input_file_ref idref="fl-ee"/>
      </object_component>
      <object_component id="oc-37f">
         <name>.debug_info</name>
         <load_address>0x1099b</load_address>
         <run_address>0x1099b</run_address>
         <size>0x236</size>
         <input_file_ref idref="fl-ee"/>
      </object_component>
      <object_component id="oc-3be">
         <name>.debug_info</name>
         <load_address>0x10bd1</load_address>
         <run_address>0x10bd1</run_address>
         <size>0x396</size>
         <input_file_ref idref="fl-ef"/>
      </object_component>
      <object_component id="oc-377">
         <name>.debug_info</name>
         <load_address>0x10f67</load_address>
         <run_address>0x10f67</run_address>
         <size>0x1c6</size>
         <input_file_ref idref="fl-ef"/>
      </object_component>
      <object_component id="oc-3ba">
         <name>.debug_info</name>
         <load_address>0x1112d</load_address>
         <run_address>0x1112d</run_address>
         <size>0x378</size>
         <input_file_ref idref="fl-f0"/>
      </object_component>
      <object_component id="oc-36b">
         <name>.debug_info</name>
         <load_address>0x114a5</load_address>
         <run_address>0x114a5</run_address>
         <size>0x200</size>
         <input_file_ref idref="fl-f0"/>
      </object_component>
      <object_component id="oc-3da">
         <name>.debug_info</name>
         <load_address>0x116a5</load_address>
         <run_address>0x116a5</run_address>
         <size>0x2bb</size>
         <input_file_ref idref="fl-f1"/>
      </object_component>
      <object_component id="oc-3d7">
         <name>.debug_info</name>
         <load_address>0x11960</load_address>
         <run_address>0x11960</run_address>
         <size>0x108</size>
         <input_file_ref idref="fl-f1"/>
      </object_component>
      <object_component id="oc-3a6">
         <name>.debug_info</name>
         <load_address>0x11a68</load_address>
         <run_address>0x11a68</run_address>
         <size>0x1df</size>
         <input_file_ref idref="fl-f1"/>
      </object_component>
      <object_component id="oc-3ad">
         <name>.debug_info</name>
         <load_address>0x11c47</load_address>
         <run_address>0x11c47</run_address>
         <size>0x19a</size>
         <input_file_ref idref="fl-f1"/>
      </object_component>
      <object_component id="oc-335">
         <name>.debug_info</name>
         <load_address>0x11de1</load_address>
         <run_address>0x11de1</run_address>
         <size>0x397</size>
         <input_file_ref idref="fl-f3"/>
[...]
         <name>__STACK_TOP</name>
         <value>0x20000200</value>
      </symbol>
      <symbol id="sm-2">
         <name>__start___llvm_prf_cnts</name>
         <value>0x20000000</value>
      </symbol>
      <symbol id="sm-3">
         <name>__stop___llvm_prf_cnts</name>
         <value>0x20000000</value>
      </symbol>
      <symbol id="sm-4">
         <name>__TI_CINIT_Base</name>
         <value>0x3040</value>
      </symbol>
      <symbol id="sm-5">
         <name>__TI_CINIT_Limit</name>
         <value>0x3050</value>
      </symbol>
      <symbol id="sm-6">
         <name>__TI_Handler_Table_Base</name>
         <value>0x3028</value>
      </symbol>
      <symbol id="sm-7">
         <name>__TI_Handler_Table_Limit</name>
         <value>0x3034</value>
      </symbol>
      <symbol id="sm-8">
         <name>binit</name>
         <value>0xffffffff</value>
      </symbol>
      <symbol id="sm-9">
         <name>__binit__</name>
         <value>0xffffffff</value>
      </symbol>
      <symbol id="sm-a">
         <name>__STACK_SIZE</name>
         <value>0x800</value>
      </symbol>
      <symbol id="sm-b">
         <name>__STACK_END</name>
         <value>0x20000800</value>
      </symbol>
      <symbol id="sm-c">
         <name>__SYSMEM_SIZE</name>
         <value>0x800</value>
      </symbol>
      <symbol id="sm-d">
         <name>__c_args__</name>
         <value>0xffffffff</value>
      </symbol>
      <symbol id="sm-e">
         <name>__TI_pprof_out_hndl</name>
         <value>0xffffffff</value>
      </symbol>
      <symbol id="sm-f">
         <name>__TI_prof_data_start</name>
         <value>0xffffffff</value>
      </symbol>
      <symbol id="sm-10">
         <name>__TI_prof_data_size</name>
         <value>0xffffffff</value>
      </symbol>
      <symbol id="sm-8a">
         <name>buffer</name>
         <value>0x200011c0</value>
      </symbol>
      <symbol id="sm-8b">
         <name>read_char</name>
         <value>0xe13</value>
         <object_component_ref idref="oc-a2"/>
      </symbol>
      <symbol id="sm-8c">
         <name>wt</name>
         <value>0x200013e0</value>
         <object_component_ref idref="oc-dd"/>
      </symbol>
      <symbol id="sm-8d">
         <name>config_leds</name>
         <value>0xcb3</value>
         <object_component_ref idref="oc-a2"/>
      </symbol>
      <symbol id="sm-8e">
         <name>idle</name>
         <value>0xe23</value>
         <object_component_ref idref="oc-a2"/>
      </symbol>
      <symbol id="sm-8f">
         <name>decode_command</name>
         <value>0xcdb</value>
         <object_component_ref idref="oc-a2"/>
      </symbol>
      <symbol id="sm-90">
         <name>main</name>
         <value>0xe41</value>
         <object_component_ref idref="oc-a2"/>
      </symbol>
      <symbol id="sm-91">
         <name>config_port</name>
         <value>0xc59</value>
         <object_component_ref idref="oc-a2"/>
      </symbol>
      <symbol id="sm-92">
         <name>config_uart</name>
         <value>0xda5</value>
         <object_component_ref idref="oc-a2"/>
      </symbol>
      <symbol id="sm-93">
         <name>send_prompt</name>
         <value>0xdfd</value>
         <object_component_ref idref="oc-a2"/>
      </symbol>
      <symbol id="sm-94">
         <name>send_char</name>
         <value>0xde1</value>
         <object_component_ref idref="oc-a2"/>
      </symbol>
      <symbol id="sm-b0">
         <name>ResetISR</name>
         <value>0x2e8d</value>
         <object_component_ref idref="oc-2a"/>
      </symbol>
      <symbol id="sm-b1">
         <name>g_pfnVectors</name>
         <value>0x0</value>
         <object_component_ref idref="oc-12"/>
      </symbol>
      <symbol id="sm-dd">
         <name>printf</name>
         <value>0x2505</value>
         <object_component_ref idref="oc-d7"/>
      </symbol>
      <symbol id="sm-247">
         <name>__TI_printfi</name>
         <value>0x209</value>
         <object_component_ref idref="oc-122"/>
      </symbol>
      <symbol id="sm-25c">
         <name>putc</name>
         <value>0x2061</value>
         <object_component_ref idref="oc-1c2"/>
      </symbol>
      <symbol id="sm-25d">
         <name>fputc</name>
         <value>0x2061</value>
         <object_component_ref idref="oc-1c2"/>
      </symbol>
      <symbol id="sm-280">
         <name>fputs</name>
         <value>0x189d</value>
         <object_component_ref idref="oc-1bb"/>
      </symbol>
      <symbol id="sm-298">
         <name>__TI_wrt_ok</name>
         <value>0x2635</value>
         <object_component_ref idref="oc-26b"/>
      </symbol>
      <symbol id="sm-2b4">
         <name>setvbuf</name>
         <value>0x1da1</value>
         <object_component_ref idref="oc-2d5"/>
      </symbol>
      <symbol id="sm-2d4">
         <name>frexpl</name>
         <value>0x256d</value>
         <object_component_ref idref="oc-234"/>
      </symbol>
      <symbol id="sm-2d5">
         <name>frexp</name>
         <value>0x256d</value>
         <object_component_ref idref="oc-234"/>
      </symbol>
      <symbol id="sm-2f2">
         <name>scalbn</name>
         <value>0x19b1</value>
         <object_component_ref idref="oc-23a"/>
      </symbol>
      <symbol id="sm-2f3">
         <name>scalbnl</name>
         <value>0x19b1</value>
         <object_component_ref idref="oc-23a"/>
      </symbol>
      <symbol id="sm-2f4">
         <name>ldexpl</name>
         <value>0x19b1</value>
         <object_component_ref idref="oc-23a"/>
      </symbol>
      <symbol id="sm-2f5">
         <name>ldexp</name>
         <value>0x19b1</value>
         <object_component_ref idref="oc-23a"/>
      </symbol>
      <symbol id="sm-2ff">
         <name>copysign</name>
         <value>0x2dfd</value>
         <object_component_ref idref="oc-2b3"/>
      </symbol>
      <symbol id="sm-300">
         <name>copysignl</name>
         <value>0x2dfd</value>
         <object_component_ref idref="oc-2b3"/>
      </symbol>
      <symbol id="sm-30d">
         <name>__aeabi_uldivmod</name>
         <value>0x1fcb</value>
         <object_component_ref idref="oc-1ee"/>
      </symbol>
      <symbol id="sm-31c">
         <name>__aeabi_memset</name>
         <value>0x21fb</value>
         <object_component_ref idref="oc-96"/>
      </symbol>
      <symbol id="sm-31d">
         <name>memset</name>
         <value>0x2201</value>
         <object_component_ref idref="oc-96"/>
      </symbol>
      <symbol id="sm-31e">
         <name>__aeabi_memset8</name>
         <value>0x21fb</value>
         <object_component_ref idref="oc-96"/>
      </symbol>
      <symbol id="sm-31f">
         <name>__aeabi_memset4</name>
         <value>0x21fb</value>
         <object_component_ref idref="oc-96"/>
      </symbol>
      <symbol id="sm-320">
         <name>__aeabi_memclr8</name>
         <value>0x21f9</value>
         <object_component_ref idref="oc-96"/>
      </symbol>
      <symbol id="sm-321">
         <name>__aeabi_memclr4</name>
         <value>0x21f9</value>
         <object_component_ref idref="oc-96"/>
      </symbol>
      <symbol id="sm-322">
         <name>__aeabi_memclr</name>
         <value>0x21f9</value>
         <object_component_ref idref="oc-96"/>
      </symbol>
      <symbol id="sm-339">
         <name>__aeabi_dsub</name>
         <value>0x134d</value>
         <object_component_ref idref="oc-214"/>
      </symbol>
      <symbol id="sm-33a">
         <name>__aeabi_dadd</name>
         <value>0x1357</value>
         <object_component_ref idref="oc-214"/>
      </symbol>
      <symbol id="sm-35c">
         <name>__aeabi_cdcmpeq</name>
         <value>0x20ed</value>
         <object_component_ref idref="oc-172"/>
      </symbol>
      <symbol id="sm-35d">
         <name>__aeabi_cdcmple</name>
         <value>0x20ed</value>
         <object_component_ref idref="oc-172"/>
      </symbol>
      <symbol id="sm-35e">
         <name>__aeabi_cdrcmple</name>
         <value>0x2173</value>
         <object_component_ref idref="oc-1ff"/>
      </symbol>
      <symbol id="sm-372">
         <name>__aeabi_ddiv</name>
         <value>0x1641</value>
         <object_component_ref idref="oc-1fa"/>
      </symbol>
      <symbol id="sm-37d">
         <name>__aeabi_dmul</name>
         <value>0x1bc1</value>
         <object_component_ref idref="oc-1f5"/>
      </symbol>
      <symbol id="sm-387">
         <name>__aeabi_d2iz</name>
         <value>0x29e1</value>
         <object_component_ref idref="oc-204"/>
      </symbol>
      <symbol id="sm-391">
         <name>__aeabi_i2d</name>
         <value>0x2cb5</value>
         <object_component_ref idref="oc-20f"/>
      </symbol>
      <symbol id="sm-3ac">
         <name>memcpy</name>
         <value>0x1f2f</value>
         <object_component_ref idref="oc-3e"/>
      </symbol>
      <symbol id="sm-3ad">
         <name>__aeabi_memcpy</name>
         <value>0x1f2f</value>
         <object_component_ref idref="oc-3e"/>
      </symbol>
      <symbol id="sm-3ae">
         <name>__aeabi_memcpy8</name>
         <value>0x1f2f</value>
         <object_component_ref idref="oc-3e"/>
      </symbol>
      <symbol id="sm-3af">
         <name>__aeabi_memcpy4</name>
         <value>0x1f2f</value>
         <object_component_ref idref="oc-3e"/>
      </symbol>
      <symbol id="sm-3c3">
         <name>__TI_zero_init_nomemset</name>
         <value>0x2da9</value>
         <object_component_ref idref="oc-4a"/>
      </symbol>
      <symbol id="sm-3da">
         <name>__TI_decompress_none</name>
         <value>0x2e7f</value>
         <object_component_ref idref="oc-1b"/>
      </symbol>
      <symbol id="sm-3fd">
         <name>__TI_decompress_lzss</name>
         <value>0x249d</value>
         <object_component_ref idref="oc-15"/>
      </symbol>
      <symbol id="sm-423">
         <name>C$$EXIT</name>
         <value>0x2eb5</value>
         <object_component_ref idref="oc-e2"/>
      </symbol>
      <symbol id="sm-424">
         <name>abort</name>
         <value>0x2eb5</value>
         <object_component_ref idref="oc-e2"/>
      </symbol>
      <symbol id="sm-425">
         <name>__TI_dtors_ptr</name>
         <value>0x200013c8</value>
         <object_component_ref idref="oc-144"/>
      </symbol>
      <symbol id="sm-426">
         <name>__TI_cleanup_ptr</name>
         <value>0x200013c4</value>
         <object_component_ref idref="oc-144"/>
      </symbol>
      <symbol id="sm-427">
         <name>__TI_enable_exit_profile_output</name>
         <value>0x200013cc</value>
         <object_component_ref idref="oc-144"/>
      </symbol>
      <symbol id="sm-428">
         <name>exit</name>
         <value>0x2999</value>
         <object_component_ref idref="oc-e8"/>
      </symbol>
      <symbol id="sm-43d">
         <name>_nop</name>
         <value>0xc57</value>
         <object_component_ref idref="oc-1ad"/>
      </symbol>
      <symbol id="sm-43e">
         <name>_lock</name>
         <value>0x200013d0</value>
         <object_component_ref idref="oc-128"/>
      </symbol>
      <symbol id="sm-43f">
         <name>_unlock</name>
         <value>0x200013d4</value>
         <object_component_ref idref="oc-128"/>
      </symbol>
      <symbol id="sm-44e">
         <name>__TI_ltoa</name>
         <value>0x285b</value>
         <object_component_ref idref="oc-209"/>
      </symbol>
      <symbol id="sm-464">
         <name>atoi</name>
         <value>0x294d</value>
         <object_component_ref idref="oc-166"/>
      </symbol>
      <symbol id="sm-46f">
         <name>_ctypes_</name>
         <value>0x2eb8</value>
         <object_component_ref idref="oc-1e9"/>
      </symbol>
      <symbol id="sm-484">
         <name>__TI_tmpnams</name>
         <value>0x20001120</value>
      </symbol>
      <symbol id="sm-485">
         <name>__aeabi_stdout</name>
         <value>0x200013bc</value>
         <object_component_ref idref="oc-352"/>
      </symbol>
      <symbol id="sm-486">
         <name>__aeabi_stderr</name>
         <value>0x200013c0</value>
         <object_component_ref idref="oc-352"/>
      </symbol>
      <symbol id="sm-487">
         <name>__aeabi_stdin</name>
         <value>0x200013b8</value>
         <object_component_ref idref="oc-352"/>
      </symbol>
      <symbol id="sm-488">
         <name>_ftable</name>
         <value>0x200011fc</value>
         <object_component_ref idref="oc-12b"/>
      </symbol>
      <symbol id="sm-489">
         <name>__TI_ft_end</name>
         <value>0x200013b4</value>
         <object_component_ref idref="oc-352"/>
      </symbol>
      <symbol id="sm-499">
         <name>memccpy</name>
         <value>0x2de1</value>
         <object_component_ref idref="oc-18f"/>
      </symbol>
      <symbol id="sm-4a9">
         <name>memchr</name>
         <value>0x2d89</value>
         <object_component_ref idref="oc-271"/>
      </symbol>
      <symbol id="sm-532">
         <name>_sys_memory</name>
         <value>0x20000800</value>
         <object_component_ref idref="oc-24"/>
      </symbol>
      <symbol id="sm-533">
         <name>free</name>
         <value>0x1cbd</value>
         <object_component_ref idref="oc-303"/>
      </symbol>
      <symbol id="sm-534">
         <name>memalign</name>
         <value>0x1ac1</value>
         <object_component_ref idref="oc-345"/>
      </symbol>
      <symbol id="sm-535">
         <name>malloc</name>
         <value>0x2ea1</value>
         <object_component_ref idref="oc-309"/>
      </symbol>
      <symbol id="sm-536">
         <name>aligned_alloc</name>
         <value>0x1ac1</value>
         <object_component_ref idref="oc-345"/>
      </symbol>
      <symbol id="sm-546">
         <name>strchr</name>
         <value>0x2e2f</value>
         <object_component_ref idref="oc-240"/>
      </symbol>
      <symbol id="sm-554">
         <name>strlen</name>
         <value>0x2e59</value>
         <object_component_ref idref="oc-160"/>
      </symbol>
      <symbol id="sm-56a">
         <name>__aeabi_errno_addr</name>
         <value>0x2e99</value>
         <object_component_ref idref="oc-19b"/>
      </symbol>
      <symbol id="sm-56b">
         <name>errno</name>
         <value>0x200013e4</value>
         <object_component_ref idref="oc-250"/>
      </symbol>
      <symbol id="sm-57e">
         <name>__stack</name>
         <value>0x20000000</value>
         <object_component_ref idref="oc-27"/>
      </symbol>
      <symbol id="sm-57f">
         <name>_c_int00_noargs</name>
         <value>0x2c51</value>
         <object_component_ref idref="oc-5c"/>
      </symbol>
      <symbol id="sm-599">
         <name>write</name>
         <value>0x2d61</value>
         <object_component_ref idref="oc-27d"/>
      </symbol>
      <symbol id="sm-5aa">
         <name>_stream</name>
         <value>0x20001364</value>
         <object_component_ref idref="oc-2e1"/>
      </symbol>
      <symbol id="sm-5ab">
         <name>_device</name>
         <value>0x200012ec</value>
         <object_component_ref idref="oc-322"/>
      </symbol>
      <symbol id="sm-5c4">
         <name>wcslen</name>
         <value>0x2e6d</value>
         <object_component_ref idref="oc-195"/>
      </symbol>
      <symbol id="sm-5d4">
         <name>__TI_doflush</name>
         <value>0x2901</value>
         <object_component_ref idref="oc-277"/>
      </symbol>
      <symbol id="sm-5e4">
         <name>__TI_cleanup</name>
         <value>0x2be9</value>
         <object_component_ref idref="oc-30f"/>
      </symbol>
      <symbol id="sm-5f6">
         <name>fseek</name>
         <value>0x25d1</value>
         <object_component_ref idref="oc-2cf"/>
      </symbol>
      <symbol id="sm-600">
         <name>__aeabi_idiv0</name>
         <value>0x1503</value>
         <object_component_ref idref="oc-29a"/>
      </symbol>
      <symbol id="sm-601">
         <name>__aeabi_ldiv0</name>
         <value>0x1503</value>
         <object_component_ref idref="oc-29a"/>
      </symbol>
      <symbol id="sm-629">
         <name>__TI_auto_init_nobinit_nopinit</name>
         <value>0x2ab1</value>
         <object_component_ref idref="oc-ee"/>
      </symbol>
      <symbol id="sm-633">
         <name>_system_pre_init</name>
         <value>0x2eb1</value>
         <object_component_ref idref="oc-9c"/>
      </symbol>
      <symbol id="sm-646">
         <name>HOSTclose</name>
         <value>0x2a29</value>
         <object_component_ref idref="oc-35e"/>
      </symbol>
      <symbol id="sm-657">
         <name>HOSTlseek</name>
         <value>0x2435</value>
         <object_component_ref idref="oc-370"/>
      </symbol>
      <symbol id="sm-669">
         <name>parmbuf</name>
         <value>0x200011f4</value>
      </symbol>
      <symbol id="sm-66a">
         <name>HOSTopen</name>
         <value>0x2699</value>
         <object_component_ref idref="oc-358"/>
      </symbol>
      <symbol id="sm-67b">
         <name>HOSTread</name>
         <value>0x2755</value>
         <object_component_ref idref="oc-364"/>
      </symbol>
      <symbol id="sm-68c">
         <name>HOSTrename</name>
         <value>0x23c9</value>
         <object_component_ref idref="oc-37c"/>
      </symbol>
      <symbol id="sm-69d">
         <name>HOSTunlink</name>
         <value>0x2a6d</value>
         <object_component_ref idref="oc-376"/>
      </symbol>
      <symbol id="sm-6ae">
         <name>HOSTwrite</name>
         <value>0x27ad</value>
         <object_component_ref idref="oc-36a"/>
      </symbol>
      <symbol id="sm-6d2">
         <name>__TI_readmsg</name>
         <value>0x2c1d</value>
         <object_component_ref idref="oc-3ab"/>
      </symbol>
      <symbol id="sm-6d3">
         <name>C$$IO$$</name>
         <value>0x2ba7</value>
         <object_component_ref idref="oc-3a5"/>
      </symbol>
      <symbol id="sm-6d4">
         <name>__CIOBUF_</name>
         <value>0x20001000</value>
         <object_component_ref idref="oc-3d6"/>
      </symbol>
      <symbol id="sm-6d5">
         <name>__TI_writemsg</name>
         <value>0x2b79</value>
         <object_component_ref idref="oc-3a5"/>
      </symbol>
      <symbol id="sm-6e6">
         <name>lseek</name>
         <value>0x2d39</value>
         <object_component_ref idref="oc-2fb"/>
      </symbol>
      <symbol id="sm-6fb">
         <name>__TI_closefile</name>
         <value>0x2275</value>
         <object_component_ref idref="oc-34c"/>
      </symbol>
      <symbol id="sm-71e">
         <name>finddevice</name>
         <value>0x2c85</value>
         <object_component_ref idref="oc-3f4"/>
      </symbol>
      <symbol id="sm-71f">
         <name>getdevice</name>
         <value>0x2af5</value>
         <object_component_ref idref="oc-3cc"/>
      </symbol>
      <symbol id="sm-72e">
         <name>strcmp</name>
         <value>0x2e17</value>
         <object_component_ref idref="oc-40b"/>
      </symbol>
      <symbol id="sm-73c">
         <name>strcpy</name>
         <value>0x2e45</value>
         <object_component_ref idref="oc-3bf"/>
      </symbol>
      <symbol id="sm-74c">
         <name>strncpy</name>
         <value>0x2bb1</value>
         <object_component_ref idref="oc-3ee"/>
      </symbol>
      <symbol id="sm-761">
         <name>close</name>
         <value>0x26f9</value>
         <object_component_ref idref="oc-394"/>
      </symbol>
      <symbol id="sm-771">
         <name>unlink</name>
         <value>0x2ce5</value>
         <object_component_ref idref="oc-39a"/>
      </symbol>
      <symbol id="sm-772">
         <name>__TI_static_base__</name>
         <value>0x0</value>
      </symbol>
      <symbol id="sm-775">
         <name>__mpu_init</name>
         <value>0x0</value>
      </symbol>
      <symbol id="sm-776">
         <name>_system_post_cinit</name>
         <value>0x0</value>
      </symbol>
      <symbol id="sm-777">
         <name>remove</name>
         <value>0x2ce5</value>
      </symbol>
   </symbol_table>
   <title>Link successful</title>
</link_info>
