******************************************************************************
                  TI ARM Linker PC v20.2.4                     
******************************************************************************
>> Linked Thu Jun 25 14:06:56 2026

OUTPUT FILE NAME:   <terminal-com8-test.out>
ENTRY POINT SYMBOL: "_c_int00_noargs"  address: 00002c51


MEMORY CONFIGURATION

         name            origin    length      used     unused   attr    fill
----------------------  --------  ---------  --------  --------  ----  --------
  FLASH                 00000000   00100000  00003049  000fcfb7  R  X
  SRAM                  20000000   00040000  000013e8  0003ec18  RW X


SEGMENT ALLOCATION MAP

run origin  load origin   length   init length attrs members
----------  ----------- ---------- ----------- ----- -------
00000000    00000000    00003050   00003050    r-x
  00000000    00000000    00000208   00000208    r-- .intvecs
  00000208    00000208    00002cb0   00002cb0    r-x .text
  00002eb8    00002eb8    00000101   00000101    r-- .const
  00002fc0    00002fc0    00000090   00000090    r-- .cinit
20000000    20000000    000013e8   00000000    rw-
  20000000    20000000    00000800   00000000    rw- .stack
  20000800    20000800    00000800   00000000    rw- .sysmem
  20001000    20001000    000001fc   00000000    rw- .bss
  200011fc    200011fc    000001ec   00000000    rw- .data


SECTION ALLOCATION MAP

 output                                  attributes/
section   page    origin      length       input sections
--------  ----  ----------  ----------   ----------------
.intvecs   0    00000000    00000208     
                  00000000    00000208     tm4c1294ncpdt_startup_ccs.obj (.intvecs)

.text      0    00000208    00002cb0     
                  00000208    00000a4e     rtsv7M4_T_le_v4SPD16_eabi.lib : _printfi.c.obj (.text:__TI_printfi)
                  00000c56    00000002                                   : _lock.c.obj (.text:_nop)
                  00000c58    000002b4     main.obj (.text)
                  00000f0c    00000270     rtsv7M4_T_le_v4SPD16_eabi.lib : _printfi.c.obj (.text:_pconv_a)
                  0000117c    000001d0                                   : _printfi.c.obj (.text:_pconv_g)
                  0000134c    000001b6                                   : fd_add_t2.asm.obj (.text)
                  00001502    00000002                                   : div0.asm.obj (.text)
                  00001504    0000013c                                   : _printfi.c.obj (.text:_pconv_e)
                  00001640    00000136                                   : fd_div_t2.asm.obj (.text)
                  00001776    00000002     --HOLE-- [fill = 0]
                  00001778    00000124                                   : _printfi.c.obj (.text:fcvt)
                  0000189c    00000114                                   : fputs.c.obj (.text:fputs)
                  000019b0    00000110                                   : s_scalbn.c.obj (.text:scalbn)
                  00001ac0    00000100                                   : memory.c.obj (.text:aligned_alloc)
                  00001bc0    000000fc                                   : fd_mul_t2.asm.obj (.text)
                  00001cbc    000000e4                                   : memory.c.obj (.text:free)
                  00001da0    000000dc                                   : setvbuf.c.obj (.text:setvbuf)
                  00001e7c    000000b1                                   : _printfi.c.obj (.text:_ltostr)
                  00001f2d    00000001     --HOLE-- [fill = 0]
                  00001f2e    0000009c                                   : memcpy_t2.asm.obj (.text)
                  00001fca    00000096                                   : ull_div_t2.asm.obj (.text)
                  00002060    0000008c                                   : fputc.c.obj (.text:fputc)
                  000020ec    00000086                                   : fd_cmp_t2.asm.obj (.text:__aeabi_cdcmple)
                  00002172    00000086                                   : fd_cmp_t2.asm.obj (.text:__aeabi_cdrcmple)
                  000021f8    0000007a                                   : memset_t2.asm.obj (.text)
                  00002272    00000002     --HOLE-- [fill = 0]
                  00002274    00000074                                   : fclose.c.obj (.text:__TI_closefile)
                  000022e8    00000070                                   : memory.c.obj (.text:split)
                  00002358    0000006e                                   : _printfi.c.obj (.text:_mcpy)
                  000023c6    00000002     --HOLE-- [fill = 0]
                  000023c8    0000006c                                   : hostrename.c.obj (.text:HOSTrename)
                  00002434    00000068                                   : hostlseek.c.obj (.text:HOSTlseek)
                  0000249c    00000068                                   : copy_decompress_lzss.c.obj (.text:decompress:lzss:__TI_decompress_lzss)
                  00002504    00000068                                   : printf.c.obj (.text:printf)
                  0000256c    00000064                                   : s_frexp.c.obj (.text:frexp)
                  000025d0    00000064                                   : fseek.c.obj (.text:fseek)
                  00002634    00000062                                   : _io_perm.c.obj (.text:__TI_wrt_ok)
                  00002696    00000002     --HOLE-- [fill = 0]
                  00002698    00000060                                   : hostopen.c.obj (.text:HOSTopen)
                  000026f8    0000005c                                   : close.c.obj (.text:close)
                  00002754    00000058                                   : hostread.c.obj (.text:HOSTread)
                  000027ac    00000058                                   : hostwrite.c.obj (.text:HOSTwrite)
                  00002804    00000056                                   : _printfi.c.obj (.text:_pconv_f)
                  0000285a    00000054                                   : _ltoa.c.obj (.text:__TI_ltoa)
                  000028ae    00000052                                   : _printfi.c.obj (.text:_ecpy)
                  00002900    0000004c                                   : fflush.c.obj (.text:__TI_doflush)
                  0000294c    0000004c                                   : atoi.c.obj (.text:atoi)
                  00002998    00000048                                   : exit.c.obj (.text:exit)
                  000029e0    00000048                                   : fd_toi_t2.asm.obj (.text)
                  00002a28    00000044                                   : hostclose.c.obj (.text:HOSTclose)
                  00002a6c    00000044                                   : hostunlink.c.obj (.text:HOSTunlink)
                  00002ab0    00000044                                   : autoinit.c.obj (.text:__TI_auto_init_nobinit_nopinit:__TI_auto_init_nobinit_nopinit)
                  00002af4    00000044                                   : getdevice.c.obj (.text:getdevice)
                  00002b38    0000003e                                   : _printfi.c.obj (.text:_fcpy)
                  00002b76    00000002     --HOLE-- [fill = 0]
                  00002b78    00000038                                   : trgmsg.c.obj (.text:__TI_writemsg)
                  00002bb0    00000036                                   : strncpy.c.obj (.text:strncpy)
                  00002be6    00000002     --HOLE-- [fill = 0]
                  00002be8    00000034                                   : fopen.c.obj (.text:__TI_cleanup)
                  00002c1c    00000034                                   : trgmsg.c.obj (.text:__TI_readmsg)
                  00002c50    00000034                                   : boot_cortex_m.c.obj (.text:_c_int00_noargs:_c_int00_noargs)
                  00002c84    00000030                                   : getdevice.c.obj (.text:finddevice)
                  00002cb4    0000002e                                   : i_tofd_t2.asm.obj (.text)
                  00002ce2    00000002     --HOLE-- [fill = 0]
                  00002ce4    0000002c                                   : unlink.c.obj (.text:unlink)
                  00002d10    00000028                                   : memory.c.obj (.text:free_list_insert)
                  00002d38    00000028                                   : lseek.c.obj (.text:lseek)
                  00002d60    00000028                                   : write.c.obj (.text:write)
                  00002d88    00000020                                   : memchr.c.obj (.text:memchr)
                  00002da8    0000001c                                   : copy_zero_init.c.obj (.text:decompress:ZI:__TI_zero_init_nomemset:__TI_zero_init_nomemset)
                  00002dc4    0000001c                                   : memory.c.obj (.text:free_list_remove)
                  00002de0    0000001c                                   : memccpy.c.obj (.text:memccpy)
                  00002dfc    0000001a                                   : s_copysign.c.obj (.text:copysign)
                  00002e16    00000018                                   : strcmp.c.obj (.text:strcmp)
                  00002e2e    00000016                                   : strchr.c.obj (.text:strchr)
                  00002e44    00000014                                   : strcpy.c.obj (.text:strcpy)
                  00002e58    00000014                                   : strlen.c.obj (.text:strlen)
                  00002e6c    00000012                                   : wcslen.c.obj (.text:wcslen)
                  00002e7e    0000000e                                   : copy_decompress_none.c.obj (.text:decompress:none:__TI_decompress_none)
                  00002e8c    0000000c     tm4c1294ncpdt_startup_ccs.obj (.text)
                  00002e98    00000008     rtsv7M4_T_le_v4SPD16_eabi.lib : errno.c.obj (.text:__aeabi_errno_addr)
                  00002ea0    00000008                                   : memory.c.obj (.text:malloc)
                  00002ea8    00000004                                   : printf.c.obj (.text:_outc)
                  00002eac    00000004                                   : printf.c.obj (.text:_outs)
                  00002eb0    00000004                                   : pre_init.c.obj (.text:_system_pre_init)
                  00002eb4    00000004                                   : exit.c.obj (.text:abort:abort)

.const     0    00002eb8    00000101     
                  00002eb8    00000101     rtsv7M4_T_le_v4SPD16_eabi.lib : ctype.c.obj (.const:.string:_ctypes_)

.cinit     0    00002fc0    00000090     
                  00002fc0    00000068     (.cinit..data.load) [load image, compression = lzss]
                  00003028    0000000c     (__TI_handler_table)
                  00003034    00000004     --HOLE-- [fill = 0]
                  00003038    00000008     (.cinit..bss.load) [load image, compression = zero_init]
                  00003040    00000010     (__TI_cinit_table)

.init_array 
*          0    00000000    00000000     UNINITIALIZED

.stack     0    20000000    00000800     UNINITIALIZED
                  20000000    00000004     rtsv7M4_T_le_v4SPD16_eabi.lib : boot_cortex_m.c.obj (.stack)
                  20000004    000007fc     --HOLE--

.sysmem    0    20000800    00000800     UNINITIALIZED
                  20000800    00000010     rtsv7M4_T_le_v4SPD16_eabi.lib : memory.c.obj (.sysmem)
                  20000810    000007f0     --HOLE--

.bss       0    20001000    000001fc     UNINITIALIZED
                  20001000    00000120     rtsv7M4_T_le_v4SPD16_eabi.lib : trgmsg.c.obj (.bss:_CIOBUF_)
                  20001120    000000a0     (.common:__TI_tmpnams)
                  200011c0    00000034     (.common:buffer)
                  200011f4    00000008     (.common:parmbuf)

.data      0    200011fc    000001ec     UNINITIALIZED
                  200011fc    000000f0     rtsv7M4_T_le_v4SPD16_eabi.lib : defs.c.obj (.data:_ftable)
                  200012ec    00000078                                   : host_device.c.obj (.data:_device)
                  20001364    00000050                                   : host_device.c.obj (.data:_stream)
                  200013b4    00000010                                   : defs.c.obj (.data)
                  200013c4    0000000c                                   : exit.c.obj (.data:$O1$$)
                  200013d0    00000008                                   : _lock.c.obj (.data:$O1$$)
                  200013d8    00000008                                   : memory.c.obj (.data:$O1$$)
                  200013e0    00000004     main.obj (.data)
                  200013e4    00000004     rtsv7M4_T_le_v4SPD16_eabi.lib : errno.c.obj (.data)

__llvm_prf_cnts 
*          0    20000000    00000000     UNINITIALIZED

MODULE SUMMARY

       Module                          code    ro data   rw data
       ------                          ----    -------   -------
    .\
       main.obj                        692     0         56     
       tm4c1294ncpdt_startup_ccs.obj   12      520       0      
    +--+-------------------------------+-------+---------+---------+
       Total:                          704     520       56     
                                                                
    C:\ti\ti-cgt-arm_20.2.4.LTS\lib\rtsv7M4_T_le_v4SPD16_eabi.lib
       _printfi.c.obj                  4851    0         0      
       memory.c.obj                    672     0         8      
       fd_add_t2.asm.obj               438     0         0      
       defs.c.obj                      0       0         416    
       trgmsg.c.obj                    108     0         288    
       fd_div_t2.asm.obj               310     0         0      
       fputs.c.obj                     276     0         0      
       s_scalbn.c.obj                  272     0         0      
       fd_cmp_t2.asm.obj               268     0         0      
       ctype.c.obj                     0       257       0      
       fd_mul_t2.asm.obj               252     0         0      
       setvbuf.c.obj                   220     0         0      
       host_device.c.obj               0       0         200    
       memcpy_t2.asm.obj               156     0         0      
       ull_div_t2.asm.obj              150     0         0      
       fputc.c.obj                     140     0         0      
       memset_t2.asm.obj               122     0         0      
       fclose.c.obj                    116     0         0      
       getdevice.c.obj                 116     0         0      
       printf.c.obj                    112     0         0      
       hostrename.c.obj                108     0         0      
       copy_decompress_lzss.c.obj      104     0         0      
       hostlseek.c.obj                 104     0         0      
       hostopen.c.obj                  96      0         8      
       fseek.c.obj                     100     0         0      
       s_frexp.c.obj                   100     0         0      
       _io_perm.c.obj                  98      0         0      
       close.c.obj                     92      0         0      
       exit.c.obj                      76      0         12     
       hostread.c.obj                  88      0         0      
       hostwrite.c.obj                 88      0         0      
       _ltoa.c.obj                     84      0         0      
       atoi.c.obj                      76      0         0      
       fflush.c.obj                    76      0         0      
       fd_toi_t2.asm.obj               72      0         0      
       autoinit.c.obj                  68      0         0      
       hostclose.c.obj                 68      0         0      
       hostunlink.c.obj                68      0         0      
       strncpy.c.obj                   54      0         0      
       boot_cortex_m.c.obj             52      0         0      
       fopen.c.obj                     52      0         0      
       i_tofd_t2.asm.obj               46      0         0      
       unlink.c.obj                    44      0         0      
       lseek.c.obj                     40      0         0      
       write.c.obj                     40      0         0      
       memchr.c.obj                    32      0         0      
       copy_zero_init.c.obj            28      0         0      
       memccpy.c.obj                   28      0         0      
       s_copysign.c.obj                26      0         0      
       strcmp.c.obj                    24      0         0      
       strchr.c.obj                    22      0         0      
       strcpy.c.obj                    20      0         0      
       strlen.c.obj                    20      0         0      
       wcslen.c.obj                    18      0         0      
       copy_decompress_none.c.obj      14      0         0      
       errno.c.obj                     8       0         4      
       _lock.c.obj                     2       0         8      
       pre_init.c.obj                  4       0         0      
       div0.asm.obj                    2       0         0      
    +--+-------------------------------+-------+---------+---------+
       Total:                          10721   257       944    
                                                                
       Heap:                           0       0         2048   
       Stack:                          0       0         2048   
       Linker Generated:               0       140       0      
    +--+-------------------------------+-------+---------+---------+
       Grand Total:                    11425   917       5096   


LINKER GENERATED COPY TABLES

__TI_cinit_table @ 00003040 records: 2, size/record: 8, table size: 16
	.data: load addr=00002fc0, load size=00000068 bytes, run addr=200011fc, run size=000001ec bytes, compression=lzss
	.bss: load addr=00003038, load size=00000008 bytes, run addr=20001000, run size=000001fc bytes, compression=zero_init


LINKER GENERATED HANDLER TABLE

__TI_handler_table @ 00003028 records: 3, size/record: 4, table size: 12
	index: 0, handler: __TI_decompress_lzss
	index: 1, handler: __TI_decompress_none
	index: 2, handler: __TI_zero_init


GLOBAL SYMBOLS: SORTED ALPHABETICALLY BY Name 

address   name                           
-------   ----                           
00002eb5  C$$EXIT                        
00002ba7  C$$IO$$                        
00002a29  HOSTclose                      
00002435  HOSTlseek                      
00002699  HOSTopen                       
00002755  HOSTread                       
000023c9  HOSTrename                     
00002a6d  HOSTunlink                     
000027ad  HOSTwrite                      
00002e8d  ResetISR                       
20001000  __CIOBUF_                      
20000800  __STACK_END                    
00000800  __STACK_SIZE                   
20000200  __STACK_TOP                    
00000800  __SYSMEM_SIZE                  
00003040  __TI_CINIT_Base                
00003050  __TI_CINIT_Limit               
00003028  __TI_Handler_Table_Base        
00003034  __TI_Handler_Table_Limit       
00002ab1  __TI_auto_init_nobinit_nopinit 
00002be9  __TI_cleanup                   
200013c4  __TI_cleanup_ptr               
00002275  __TI_closefile                 
0000249d  __TI_decompress_lzss           
00002e7f  __TI_decompress_none           
00002901  __TI_doflush                   
200013c8  __TI_dtors_ptr                 
200013cc  __TI_enable_exit_profile_output
200013b4  __TI_ft_end                    
0000285b  __TI_ltoa                      
ffffffff  __TI_pprof_out_hndl            
00000209  __TI_printfi                   
ffffffff  __TI_prof_data_size            
ffffffff  __TI_prof_data_start           
00002c1d  __TI_readmsg                   
00000000  __TI_static_base__             
20001120  __TI_tmpnams                   
00002b79  __TI_writemsg                  
00002635  __TI_wrt_ok                    
00002da9  __TI_zero_init_nomemset        
000020ed  __aeabi_cdcmpeq                
000020ed  __aeabi_cdcmple                
00002173  __aeabi_cdrcmple               
000029e1  __aeabi_d2iz                   
00001357  __aeabi_dadd                   
00001641  __aeabi_ddiv                   
00001bc1  __aeabi_dmul                   
0000134d  __aeabi_dsub                   
00002e99  __aeabi_errno_addr             
00002cb5  __aeabi_i2d                    
00001503  __aeabi_idiv0                  
00001503  __aeabi_ldiv0                  
000021f9  __aeabi_memclr                 
000021f9  __aeabi_memclr4                
000021f9  __aeabi_memclr8                
00001f2f  __aeabi_memcpy                 
00001f2f  __aeabi_memcpy4                
00001f2f  __aeabi_memcpy8                
000021fb  __aeabi_memset                 
000021fb  __aeabi_memset4                
000021fb  __aeabi_memset8                
200013c0  __aeabi_stderr                 
200013b8  __aeabi_stdin                  
200013bc  __aeabi_stdout                 
00001fcb  __aeabi_uldivmod               
ffffffff  __binit__                      
ffffffff  __c_args__                     
UNDEFED   __mpu_init                     
20000000  __stack                        
20000000  __start___llvm_prf_cnts        
20000000  __stop___llvm_prf_cnts         
00002c51  _c_int00_noargs                
00002eb8  _ctypes_                       
200012ec  _device                        
200011fc  _ftable                        
200013d0  _lock                          
00000c57  _nop                           
20001364  _stream                        
20000800  _sys_memory                    
UNDEFED   _system_post_cinit             
00002eb1  _system_pre_init               
200013d4  _unlock                        
00002eb5  abort                          
00001ac1  aligned_alloc                  
0000294d  atoi                           
ffffffff  binit                          
200011c0  buffer                         
000026f9  close                          
00000cb3  config_leds                    
00000c59  config_port                    
00000da5  config_uart                    
00002dfd  copysign                       
00002dfd  copysignl                      
00000cdb  decode_command                 
200013e4  errno                          
00002999  exit                           
00002c85  finddevice                     
00002061  fputc                          
0000189d  fputs                          
00001cbd  free                           
0000256d  frexp                          
0000256d  frexpl                         
000025d1  fseek                          
00000000  g_pfnVectors                   
00002af5  getdevice                      
00000e23  idle                           
000019b1  ldexp                          
000019b1  ldexpl                         
00002d39  lseek                          
00000e41  main                           
00002ea1  malloc                         
00001ac1  memalign                       
00002de1  memccpy                        
00002d89  memchr                         
00001f2f  memcpy                         
00002201  memset                         
200011f4  parmbuf                        
00002505  printf                         
00002061  putc                           
00000e13  read_char                      
00002ce5  remove                         
000019b1  scalbn                         
000019b1  scalbnl                        
00000de1  send_char                      
00000dfd  send_prompt                    
00001da1  setvbuf                        
00002e2f  strchr                         
00002e17  strcmp                         
00002e45  strcpy                         
00002e59  strlen                         
00002bb1  strncpy                        
00002ce5  unlink                         
00002e6d  wcslen                         
00002d61  write                          
200013e0  wt                             


GLOBAL SYMBOLS: SORTED BY Symbol Address 

address   name                           
-------   ----                           
00000000  __TI_static_base__             
00000000  g_pfnVectors                   
00000209  __TI_printfi                   
00000800  __STACK_SIZE                   
00000800  __SYSMEM_SIZE                  
00000c57  _nop                           
00000c59  config_port                    
00000cb3  config_leds                    
00000cdb  decode_command                 
00000da5  config_uart                    
00000de1  send_char                      
00000dfd  send_prompt                    
00000e13  read_char                      
00000e23  idle                           
00000e41  main                           
0000134d  __aeabi_dsub                   
00001357  __aeabi_dadd                   
00001503  __aeabi_idiv0                  
00001503  __aeabi_ldiv0                  
00001641  __aeabi_ddiv                   
0000189d  fputs                          
000019b1  ldexp                          
000019b1  ldexpl                         
000019b1  scalbn                         
000019b1  scalbnl                        
00001ac1  aligned_alloc                  
00001ac1  memalign                       
00001bc1  __aeabi_dmul                   
00001cbd  free                           
00001da1  setvbuf                        
00001f2f  __aeabi_memcpy                 
00001f2f  __aeabi_memcpy4                
00001f2f  __aeabi_memcpy8                
00001f2f  memcpy                         
00001fcb  __aeabi_uldivmod               
00002061  fputc                          
00002061  putc                           
000020ed  __aeabi_cdcmpeq                
000020ed  __aeabi_cdcmple                
00002173  __aeabi_cdrcmple               
000021f9  __aeabi_memclr                 
000021f9  __aeabi_memclr4                
000021f9  __aeabi_memclr8                
000021fb  __aeabi_memset                 
000021fb  __aeabi_memset4                
000021fb  __aeabi_memset8                
00002201  memset                         
00002275  __TI_closefile                 
000023c9  HOSTrename                     
00002435  HOSTlseek                      
0000249d  __TI_decompress_lzss           
00002505  printf                         
0000256d  frexp                          
0000256d  frexpl                         
000025d1  fseek                          
00002635  __TI_wrt_ok                    
00002699  HOSTopen                       
000026f9  close                          
00002755  HOSTread                       
000027ad  HOSTwrite                      
0000285b  __TI_ltoa                      
00002901  __TI_doflush                   
0000294d  atoi                           
00002999  exit                           
000029e1  __aeabi_d2iz                   
00002a29  HOSTclose                      
00002a6d  HOSTunlink                     
00002ab1  __TI_auto_init_nobinit_nopinit 
00002af5  getdevice                      
00002b79  __TI_writemsg                  
00002ba7  C$$IO$$                        
00002bb1  strncpy                        
00002be9  __TI_cleanup                   
00002c1d  __TI_readmsg                   
00002c51  _c_int00_noargs                
00002c85  finddevice                     
00002cb5  __aeabi_i2d                    
00002ce5  remove                         
00002ce5  unlink                         
00002d39  lseek                          
00002d61  write                          
00002d89  memchr                         
00002da9  __TI_zero_init_nomemset        
00002de1  memccpy                        
00002dfd  copysign                       
00002dfd  copysignl                      
00002e17  strcmp                         
00002e2f  strchr                         
00002e45  strcpy                         
00002e59  strlen                         
00002e6d  wcslen                         
00002e7f  __TI_decompress_none           
00002e8d  ResetISR                       
00002e99  __aeabi_errno_addr             
00002ea1  malloc                         
00002eb1  _system_pre_init               
00002eb5  C$$EXIT                        
00002eb5  abort                          
00002eb8  _ctypes_                       
00003028  __TI_Handler_Table_Base        
00003034  __TI_Handler_Table_Limit       
00003040  __TI_CINIT_Base                
00003050  __TI_CINIT_Limit               
20000000  __stack                        
20000000  __start___llvm_prf_cnts        
20000000  __stop___llvm_prf_cnts         
20000200  __STACK_TOP                    
20000800  __STACK_END                    
20000800  _sys_memory                    
20001000  __CIOBUF_                      
20001120  __TI_tmpnams                   
200011c0  buffer                         
200011f4  parmbuf                        
200011fc  _ftable                        
200012ec  _device                        
20001364  _stream                        
200013b4  __TI_ft_end                    
200013b8  __aeabi_stdin                  
200013bc  __aeabi_stdout                 
200013c0  __aeabi_stderr                 
200013c4  __TI_cleanup_ptr               
200013c8  __TI_dtors_ptr                 
200013cc  __TI_enable_exit_profile_output
200013d0  _lock                          
200013d4  _unlock                        
200013e0  wt                             
200013e4  errno                          
ffffffff  __TI_pprof_out_hndl            
ffffffff  __TI_prof_data_size            
ffffffff  __TI_prof_data_start           
ffffffff  __binit__                      
ffffffff  __c_args__                     
ffffffff  binit                          
UNDEFED   __mpu_init                     
UNDEFED   _system_post_cinit             

[135 symbols]
