<?xml version="1.0" encoding="ISO-8859-1" ?>
<link_info>
   <banner>TI ARM Linker PC v20.2.4.LTS</banner>
   <copyright>Copyright (c) 1996-2018 Texas Instruments Incorporated</copyright>
   <link_time>0x6a368498</link_time>
   <link_errors>0x0</link_errors>
   <output_file>uart-char-TxRx-port.out</output_file>
   <entry_point>
      <name>_c_int00_noargs</name>
      <address>0x2b0d</address>
   </entry_point>
   <input_file_list>
      <input_file id="fl-2">
         <path>.\</path>
         <kind>object</kind>
         <file>main.obj</file>
         <name>main.obj</name>
      </input_file>
      <input_file id="fl-3">
         <path>.\</path>
         <kind>object</kind>
         <file>tm4c1294ncpdt_startup_ccs.obj</file>
         <name>tm4c1294ncpdt_startup_ccs.obj</name>
      </input_file>
      <input_file id="fl-7">
         <kind>object</kind>
         <file>&lt;internal&gt;</file>
         <name>&lt;internal&gt;</name>
      </input_file>
      <input_file id="fl-bd">
         <path>C:\TI\ti-cgt-arm_20.2.4.LTS\lib\</path>
         <kind>archive</kind>
         <file>rtsv7M4_T_le_v4SPD16_eabi.lib</file>
         <name>printf.c.obj</name>
      </input_file>
      <input_file id="fl-be">
         <path>C:\TI\ti-cgt-arm_20.2.4.LTS\lib\</path>
         <kind>archive</kind>
         <file>rtsv7M4_T_le_v4SPD16_eabi.lib</file>
         <name>_printfi.c.obj</name>
      </input_file>
      <input_file id="fl-bf">
         <path>C:\TI\ti-cgt-arm_20.2.4.LTS\lib\</path>
         <kind>archive</kind>
         <file>rtsv7M4_T_le_v4SPD16_eabi.lib</file>
         <name>fputc.c.obj</name>
      </input_file>
      <input_file id="fl-c0">
         <path>C:\TI\ti-cgt-arm_20.2.4.LTS\lib\</path>
         <kind>archive</kind>
         <file>rtsv7M4_T_le_v4SPD16_eabi.lib</file>
         <name>fputs.c.obj</name>
      </input_file>
      <input_file id="fl-c1">
         <path>C:\TI\ti-cgt-arm_20.2.4.LTS\lib\</path>
         <kind>archive</kind>
         <file>rtsv7M4_T_le_v4SPD16_eabi.lib</file>
         <name>_io_perm.c.obj</name>
      </input_file>
      <input_file id="fl-c2">
         <path>C:\TI\ti-cgt-arm_20.2.4.LTS\lib\</path>
         <kind>archive</kind>
         <file>rtsv7M4_T_le_v4SPD16_eabi.lib</file>
         <name>setvbuf.c.obj</name>
      </input_file>
      <input_file id="fl-c3">
         <path>C:\TI\ti-cgt-arm_20.2.4.LTS\lib\</path>
         <kind>archive</kind>
         <file>rtsv7M4_T_le_v4SPD16_eabi.lib</file>
         <name>s_frexp.c.obj</name>
      </input_file>
      <input_file id="fl-c4">
         <path>C:\TI\ti-cgt-arm_20.2.4.LTS\lib\</path>
         <kind>archive</kind>
         <file>rtsv7M4_T_le_v4SPD16_eabi.lib</file>
         <name>s_scalbn.c.obj</name>
      </input_file>
      <input_file id="fl-c5">
         <path>C:\TI\ti-cgt-arm_20.2.4.LTS\lib\</path>
         <kind>archive</kind>
         <file>rtsv7M4_T_le_v4SPD16_eabi.lib</file>
         <name>s_copysign.c.obj</name>
      </input_file>
      <input_file id="fl-c6">
         <path>C:\TI\ti-cgt-arm_20.2.4.LTS\lib\</path>
         <kind>archive</kind>
         <file>rtsv7M4_T_le_v4SPD16_eabi.lib</file>
         <name>ull_div_t2.asm.obj</name>
      </input_file>
      <input_file id="fl-c7">
         <path>C:\TI\ti-cgt-arm_20.2.4.LTS\lib\</path>
         <kind>archive</kind>
         <file>rtsv7M4_T_le_v4SPD16_eabi.lib</file>
         <name>memset_t2.asm.obj</name>
      </input_file>
      <input_file id="fl-c8">
         <path>C:\TI\ti-cgt-arm_20.2.4.LTS\lib\</path>
         <kind>archive</kind>
         <file>rtsv7M4_T_le_v4SPD16_eabi.lib</file>
         <name>fd_add_t2.asm.obj</name>
      </input_file>
      <input_file id="fl-c9">
         <path>C:\TI\ti-cgt-arm_20.2.4.LTS\lib\</path>
         <kind>archive</kind>
         <file>rtsv7M4_T_le_v4SPD16_eabi.lib</file>
         <name>fd_cmp_t2.asm.obj</name>
      </input_file>
      <input_file id="fl-ca">
         <path>C:\TI\ti-cgt-arm_20.2.4.LTS\lib\</path>
         <kind>archive</kind>
         <file>rtsv7M4_T_le_v4SPD16_eabi.lib</file>
         <name>fd_div_t2.asm.obj</name>
      </input_file>
      <input_file id="fl-cb">
         <path>C:\TI\ti-cgt-arm_20.2.4.LTS\lib\</path>
         <kind>archive</kind>
         <file>rtsv7M4_T_le_v4SPD16_eabi.lib</file>
         <name>fd_mul_t2.asm.obj</name>
      </input_file>
      <input_file id="fl-cc">
         <path>C:\TI\ti-cgt-arm_20.2.4.LTS\lib\</path>
         <kind>archive</kind>
         <file>rtsv7M4_T_le_v4SPD16_eabi.lib</file>
         <name>fd_toi_t2.asm.obj</name>
      </input_file>
      <input_file id="fl-cd">
         <path>C:\TI\ti-cgt-arm_20.2.4.LTS\lib\</path>
         <kind>archive</kind>
         <file>rtsv7M4_T_le_v4SPD16_eabi.lib</file>
         <name>i_tofd_t2.asm.obj</name>
      </input_file>
      <input_file id="fl-ce">
         <path>C:\TI\ti-cgt-arm_20.2.4.LTS\lib\</path>
         <kind>archive</kind>
         <file>rtsv7M4_T_le_v4SPD16_eabi.lib</file>
         <name>memcpy_t2.asm.obj</name>
      </input_file>
      <input_file id="fl-cf">
         <path>C:\TI\ti-cgt-arm_20.2.4.LTS\lib\</path>
         <kind>archive</kind>
         <file>rtsv7M4_T_le_v4SPD16_eabi.lib</file>
         <name>copy_zero_init.c.obj</name>
      </input_file>
      <input_file id="fl-d0">
         <path>C:\TI\ti-cgt-arm_20.2.4.LTS\lib\</path>
         <kind>archive</kind>
         <file>rtsv7M4_T_le_v4SPD16_eabi.lib</file>
         <name>copy_decompress_none.c.obj</name>
      </input_file>
      <input_file id="fl-d1">
         <path>C:\TI\ti-cgt-arm_20.2.4.LTS\lib\</path>
         <kind>archive</kind>
         <file>rtsv7M4_T_le_v4SPD16_eabi.lib</file>
         <name>copy_decompress_lzss.c.obj</name>
      </input_file>
      <input_file id="fl-d2">
         <path>C:\TI\ti-cgt-arm_20.2.4.LTS\lib\</path>
         <kind>archive</kind>
         <file>rtsv7M4_T_le_v4SPD16_eabi.lib</file>
         <name>exit.c.obj</name>
      </input_file>
      <input_file id="fl-d3">
         <path>C:\TI\ti-cgt-arm_20.2.4.LTS\lib\</path>
         <kind>archive</kind>
         <file>rtsv7M4_T_le_v4SPD16_eabi.lib</file>
         <name>_lock.c.obj</name>
      </input_file>
      <input_file id="fl-d4">
         <path>C:\TI\ti-cgt-arm_20.2.4.LTS\lib\</path>
         <kind>archive</kind>
         <file>rtsv7M4_T_le_v4SPD16_eabi.lib</file>
         <name>_ltoa.c.obj</name>
      </input_file>
      <input_file id="fl-d5">
         <path>C:\TI\ti-cgt-arm_20.2.4.LTS\lib\</path>
         <kind>archive</kind>
         <file>rtsv7M4_T_le_v4SPD16_eabi.lib</file>
         <name>atoi.c.obj</name>
      </input_file>
      <input_file id="fl-d6">
         <path>C:\TI\ti-cgt-arm_20.2.4.LTS\lib\</path>
         <kind>archive</kind>
         <file>rtsv7M4_T_le_v4SPD16_eabi.lib</file>
         <name>ctype.c.obj</name>
      </input_file>
      <input_file id="fl-d7">
         <path>C:\TI\ti-cgt-arm_20.2.4.LTS\lib\</path>
         <kind>archive</kind>
         <file>rtsv7M4_T_le_v4SPD16_eabi.lib</file>
         <name>defs.c.obj</name>
      </input_file>
      <input_file id="fl-d8">
         <path>C:\TI\ti-cgt-arm_20.2.4.LTS\lib\</path>
         <kind>archive</kind>
         <file>rtsv7M4_T_le_v4SPD16_eabi.lib</file>
         <name>memccpy.c.obj</name>
      </input_file>
      <input_file id="fl-d9">
         <path>C:\TI\ti-cgt-arm_20.2.4.LTS\lib\</path>
         <kind>archive</kind>
         <file>rtsv7M4_T_le_v4SPD16_eabi.lib</file>
         <name>memchr.c.obj</name>
      </input_file>
      <input_file id="fl-da">
         <path>C:\TI\ti-cgt-arm_20.2.4.LTS\lib\</path>
         <kind>archive</kind>
         <file>rtsv7M4_T_le_v4SPD16_eabi.lib</file>
         <name>memory.c.obj</name>
      </input_file>
      <input_file id="fl-db">
         <path>C:\TI\ti-cgt-arm_20.2.4.LTS\lib\</path>
         <kind>archive</kind>
         <file>rtsv7M4_T_le_v4SPD16_eabi.lib</file>
         <name>strchr.c.obj</name>
      </input_file>
      <input_file id="fl-dc">
         <path>C:\TI\ti-cgt-arm_20.2.4.LTS\lib\</path>
         <kind>archive</kind>
         <file>rtsv7M4_T_le_v4SPD16_eabi.lib</file>
         <name>strlen.c.obj</name>
      </input_file>
      <input_file id="fl-dd">
         <path>C:\TI\ti-cgt-arm_20.2.4.LTS\lib\</path>
         <kind>archive</kind>
         <file>rtsv7M4_T_le_v4SPD16_eabi.lib</file>
         <name>errno.c.obj</name>
      </input_file>
      <input_file id="fl-de">
         <path>C:\TI\ti-cgt-arm_20.2.4.LTS\lib\</path>
         <kind>archive</kind>
         <file>rtsv7M4_T_le_v4SPD16_eabi.lib</file>
         <name>boot_cortex_m.c.obj</name>
      </input_file>
      <input_file id="fl-df">
         <path>C:\TI\ti-cgt-arm_20.2.4.LTS\lib\</path>
         <kind>archive</kind>
         <file>rtsv7M4_T_le_v4SPD16_eabi.lib</file>
         <name>write.c.obj</name>
      </input_file>
      <input_file id="fl-e0">
         <path>C:\TI\ti-cgt-arm_20.2.4.LTS\lib\</path>
         <kind>archive</kind>
         <file>rtsv7M4_T_le_v4SPD16_eabi.lib</file>
         <name>host_device.c.obj</name>
      </input_file>
      <input_file id="fl-e1">
         <path>C:\TI\ti-cgt-arm_20.2.4.LTS\lib\</path>
         <kind>archive</kind>
         <file>rtsv7M4_T_le_v4SPD16_eabi.lib</file>
         <name>wcslen.c.obj</name>
      </input_file>
      <input_file id="fl-e2">
         <path>C:\TI\ti-cgt-arm_20.2.4.LTS\lib\</path>
         <kind>archive</kind>
         <file>rtsv7M4_T_le_v4SPD16_eabi.lib</file>
         <name>fflush.c.obj</name>
      </input_file>
      <input_file id="fl-e3">
         <path>C:\TI\ti-cgt-arm_20.2.4.LTS\lib\</path>
         <kind>archive</kind>
         <file>rtsv7M4_T_le_v4SPD16_eabi.lib</file>
         <name>fopen.c.obj</name>
      </input_file>
      <input_file id="fl-e4">
         <path>C:\TI\ti-cgt-arm_20.2.4.LTS\lib\</path>
         <kind>archive</kind>
         <file>rtsv7M4_T_le_v4SPD16_eabi.lib</file>
         <name>fseek.c.obj</name>
      </input_file>
      <input_file id="fl-e5">
         <path>C:\TI\ti-cgt-arm_20.2.4.LTS\lib\</path>
         <kind>archive</kind>
         <file>rtsv7M4_T_le_v4SPD16_eabi.lib</file>
         <name>div0.asm.obj</name>
      </input_file>
      <input_file id="fl-e6">
         <path>C:\TI\ti-cgt-arm_20.2.4.LTS\lib\</path>
         <kind>archive</kind>
         <file>rtsv7M4_T_le_v4SPD16_eabi.lib</file>
         <name>autoinit.c.obj</name>
      </input_file>
      <input_file id="fl-e7">
         <path>C:\TI\ti-cgt-arm_20.2.4.LTS\lib\</path>
         <kind>archive</kind>
         <file>rtsv7M4_T_le_v4SPD16_eabi.lib</file>
         <name>pre_init.c.obj</name>
      </input_file>
      <input_file id="fl-e8">
         <path>C:\TI\ti-cgt-arm_20.2.4.LTS\lib\</path>
         <kind>archive</kind>
         <file>rtsv7M4_T_le_v4SPD16_eabi.lib</file>
         <name>cpy_tbl.c.obj</name>
      </input_file>
      <input_file id="fl-e9">
         <path>C:\TI\ti-cgt-arm_20.2.4.LTS\lib\</path>
         <kind>archive</kind>
         <file>rtsv7M4_T_le_v4SPD16_eabi.lib</file>
         <name>args_main.c.obj</name>
      </input_file>
      <input_file id="fl-ea">
         <path>C:\TI\ti-cgt-arm_20.2.4.LTS\lib\</path>
         <kind>archive</kind>
         <file>rtsv7M4_T_le_v4SPD16_eabi.lib</file>
         <name>hostclose.c.obj</name>
      </input_file>
      <input_file id="fl-eb">
         <path>C:\TI\ti-cgt-arm_20.2.4.LTS\lib\</path>
         <kind>archive</kind>
         <file>rtsv7M4_T_le_v4SPD16_eabi.lib</file>
         <name>hostlseek.c.obj</name>
      </input_file>
      <input_file id="fl-ec">
         <path>C:\TI\ti-cgt-arm_20.2.4.LTS\lib\</path>
         <kind>archive</kind>
         <file>rtsv7M4_T_le_v4SPD16_eabi.lib</file>
         <name>hostopen.c.obj</name>
      </input_file>
      <input_file id="fl-ed">
         <path>C:\TI\ti-cgt-arm_20.2.4.LTS\lib\</path>
         <kind>archive</kind>
         <file>rtsv7M4_T_le_v4SPD16_eabi.lib</file>
         <name>hostread.c.obj</name>
      </input_file>
      <input_file id="fl-ee">
         <path>C:\TI\ti-cgt-arm_20.2.4.LTS\lib\</path>
         <kind>archive</kind>
         <file>rtsv7M4_T_le_v4SPD16_eabi.lib</file>
         <name>hostrename.c.obj</name>
      </input_file>
      <input_file id="fl-ef">
         <path>C:\TI\ti-cgt-arm_20.2.4.LTS\lib\</path>
         <kind>archive</kind>
         <file>rtsv7M4_T_le_v4SPD16_eabi.lib</file>
         <name>hostunlink.c.obj</name>
      </input_file>
      <input_file id="fl-f0">
         <path>C:\TI\ti-cgt-arm_20.2.4.LTS\lib\</path>
         <kind>archive</kind>
         <file>rtsv7M4_T_le_v4SPD16_eabi.lib</file>
         <name>hostwrite.c.obj</name>
      </input_file>
      <input_file id="fl-f1">
         <path>C:\TI\ti-cgt-arm_20.2.4.LTS\lib\</path>
         <kind>archive</kind>
         <file>rtsv7M4_T_le_v4SPD16_eabi.lib</file>
         <name>trgmsg.c.obj</name>
      </input_file>
      <input_file id="fl-f2">
         <path>C:\TI\ti-cgt-arm_20.2.4.LTS\lib\</path>
         <kind>archive</kind>
         <file>rtsv7M4_T_le_v4SPD16_eabi.lib</file>
         <name>open.c.obj</name>
      </input_file>
      <input_file id="fl-f3">
         <path>C:\TI\ti-cgt-arm_20.2.4.LTS\lib\</path>
         <kind>archive</kind>
         <file>rtsv7M4_T_le_v4SPD16_eabi.lib</file>
         <name>lseek.c.obj</name>
      </input_file>
      <input_file id="fl-f4">
         <path>C:\TI\ti-cgt-arm_20.2.4.LTS\lib\</path>
         <kind>archive</kind>
         <file>rtsv7M4_T_le_v4SPD16_eabi.lib</file>
         <name>fclose.c.obj</name>
      </input_file>
      <input_file id="fl-f5">
         <path>C:\TI\ti-cgt-arm_20.2.4.LTS\lib\</path>
         <kind>archive</kind>
         <file>rtsv7M4_T_le_v4SPD16_eabi.lib</file>
         <name>getdevice.c.obj</name>
      </input_file>
      <input_file id="fl-f6">
         <path>C:\TI\ti-cgt-arm_20.2.4.LTS\lib\</path>
         <kind>archive</kind>
         <file>rtsv7M4_T_le_v4SPD16_eabi.lib</file>
         <name>strcmp.c.obj</name>
      </input_file>
      <input_file id="fl-f7">
         <path>C:\TI\ti-cgt-arm_20.2.4.LTS\lib\</path>
         <kind>archive</kind>
         <file>rtsv7M4_T_le_v4SPD16_eabi.lib</file>
         <name>strcpy.c.obj</name>
      </input_file>
      <input_file id="fl-f8">
         <path>C:\TI\ti-cgt-arm_20.2.4.LTS\lib\</path>
         <kind>archive</kind>
         <file>rtsv7M4_T_le_v4SPD16_eabi.lib</file>
         <name>strncpy.c.obj</name>
      </input_file>
      <input_file id="fl-f9">
         <path>C:\TI\ti-cgt-arm_20.2.4.LTS\lib\</path>
         <kind>archive</kind>
         <file>rtsv7M4_T_le_v4SPD16_eabi.lib</file>
         <name>remove.c.obj</name>
      </input_file>
      <input_file id="fl-fa">
         <path>C:\TI\ti-cgt-arm_20.2.4.LTS\lib\</path>
         <kind>archive</kind>
         <file>rtsv7M4_T_le_v4SPD16_eabi.lib</file>
         <name>close.c.obj</name>
      </input_file>
      <input_file id="fl-fb">
         <path>C:\TI\ti-cgt-arm_20.2.4.LTS\lib\</path>
         <kind>archive</kind>
         <file>rtsv7M4_T_le_v4SPD16_eabi.lib</file>
         <name>unlink.c.obj</name>
      </input_file>
   </input_file_list>
   <object_component_list>
      <object_component id="oc-12">
         <name>.intvecs</name>
         <load_address>0x0</load_address>
         <run_address>0x0</run_address>
         <size>0x208</size>
         <input_file_ref idref="fl-3"/>
      </object_component>
      <object_component id="oc-11f">
         <name>.text:__TI_printfi</name>
         <load_address>0x208</load_address>
         <run_address>0x208</run_address>
         <size>0xa4e</size>
         <input_file_ref idref="fl-be"/>
      </object_component>
      <object_component id="oc-1a8">
         <name>.text:_nop</name>
         <load_address>0xc56</load_address>
         <run_address>0xc56</run_address>
         <size>0x2</size>
         <input_file_ref idref="fl-d3"/>
      </object_component>
      <object_component id="oc-184">
         <name>.text:_pconv_a</name>
         <load_address>0xc58</load_address>
         <run_address>0xc58</run_address>
         <size>0x270</size>
         <input_file_ref idref="fl-be"/>
      </object_component>
      <object_component id="oc-172">
         <name>.text:_pconv_g</name>
         <load_address>0xec8</load_address>
         <run_address>0xec8</run_address>
         <size>0x1d0</size>
         <input_file_ref idref="fl-be"/>
      </object_component>
      <object_component id="oc-20f">
         <name>.text</name>
         <load_address>0x1098</load_address>
         <run_address>0x1098</run_address>
         <size>0x1b6</size>
         <input_file_ref idref="fl-c8"/>
      </object_component>
      <object_component id="oc-295">
         <name>.text</name>
         <load_address>0x124e</load_address>
         <run_address>0x124e</run_address>
         <size>0x2</size>
         <input_file_ref idref="fl-e5"/>
      </object_component>
      <object_component id="oc-a2">
         <name>.text</name>
         <load_address>0x1250</load_address>
         <run_address>0x1250</run_address>
         <size>0x170</size>
         <input_file_ref idref="fl-2"/>
      </object_component>
      <object_component id="oc-17e">
         <name>.text:_pconv_e</name>
         <load_address>0x13c0</load_address>
         <run_address>0x13c0</run_address>
         <size>0x13c</size>
         <input_file_ref idref="fl-be"/>
      </object_component>
      <object_component id="oc-1f5">
         <name>.text</name>
         <load_address>0x14fc</load_address>
         <run_address>0x14fc</run_address>
         <size>0x136</size>
         <input_file_ref idref="fl-ca"/>
      </object_component>
      <object_component id="oc-221">
         <name>.text:fcvt</name>
         <load_address>0x1634</load_address>
         <run_address>0x1634</run_address>
         <size>0x124</size>
         <input_file_ref idref="fl-be"/>
      </object_component>
      <object_component id="oc-1b6">
         <name>.text:fputs</name>
         <load_address>0x1758</load_address>
         <run_address>0x1758</run_address>
         <size>0x114</size>
         <input_file_ref idref="fl-c0"/>
      </object_component>
      <object_component id="oc-235">
         <name>.text:scalbn</name>
         <load_address>0x186c</load_address>
         <run_address>0x186c</run_address>
         <size>0x110</size>
         <input_file_ref idref="fl-c4"/>
      </object_component>
      <object_component id="oc-340">
         <name>.text:aligned_alloc</name>
         <load_address>0x197c</load_address>
         <run_address>0x197c</run_address>
         <size>0x100</size>
         <input_file_ref idref="fl-da"/>
      </object_component>
      <object_component id="oc-1f0">
         <name>.text</name>
         <load_address>0x1a7c</load_address>
         <run_address>0x1a7c</run_address>
         <size>0xfc</size>
         <input_file_ref idref="fl-cb"/>
      </object_component>
      <object_component id="oc-2fe">
         <name>.text:free</name>
         <load_address>0x1b78</load_address>
         <run_address>0x1b78</run_address>
         <size>0xe4</size>
         <input_file_ref idref="fl-da"/>
      </object_component>
      <object_component id="oc-2d0">
         <name>.text:setvbuf</name>
         <load_address>0x1c5c</load_address>
         <run_address>0x1c5c</run_address>
         <size>0xdc</size>
         <input_file_ref idref="fl-c2"/>
      </object_component>
      <object_component id="oc-167">
         <name>.text:_ltostr</name>
         <load_address>0x1d38</load_address>
         <run_address>0x1d38</run_address>
         <size>0xb1</size>
         <input_file_ref idref="fl-be"/>
      </object_component>
      <object_component id="oc-3e">
         <name>.text</name>
         <load_address>0x1dea</load_address>
         <run_address>0x1dea</run_address>
         <size>0x9c</size>
         <input_file_ref idref="fl-ce"/>
      </object_component>
      <object_component id="oc-1e9">
         <name>.text</name>
         <load_address>0x1e86</load_address>
         <run_address>0x1e86</run_address>
         <size>0x96</size>
         <input_file_ref idref="fl-c6"/>
      </object_component>
      <object_component id="oc-1bd">
         <name>.text:fputc</name>
         <load_address>0x1f1c</load_address>
         <run_address>0x1f1c</run_address>
         <size>0x8c</size>
         <input_file_ref idref="fl-bf"/>
      </object_component>
      <object_component id="oc-16d">
         <name>.text:__aeabi_cdcmple</name>
         <load_address>0x1fa8</load_address>
         <run_address>0x1fa8</run_address>
         <size>0x86</size>
         <input_file_ref idref="fl-c9"/>
      </object_component>
      <object_component id="oc-1fa">
         <name>.text:__aeabi_cdrcmple</name>
         <load_address>0x202e</load_address>
         <run_address>0x202e</run_address>
         <size>0x86</size>
         <input_file_ref idref="fl-c9"/>
      </object_component>
      <object_component id="oc-96">
         <name>.text</name>
         <load_address>0x20b4</load_address>
         <run_address>0x20b4</run_address>
         <size>0x7a</size>
         <input_file_ref idref="fl-c7"/>
      </object_component>
      <object_component id="oc-347">
         <name>.text:__TI_closefile</name>
         <load_address>0x2130</load_address>
         <run_address>0x2130</run_address>
         <size>0x74</size>
         <input_file_ref idref="fl-f4"/>
      </object_component>
      <object_component id="oc-388">
         <name>.text:split</name>
         <load_address>0x21a4</load_address>
         <run_address>0x21a4</run_address>
         <size>0x70</size>
         <input_file_ref idref="fl-da"/>
      </object_component>
      <object_component id="oc-21a">
         <name>.text:_mcpy</name>
         <load_address>0x2214</load_address>
         <run_address>0x2214</run_address>
         <size>0x6e</size>
         <input_file_ref idref="fl-be"/>
      </object_component>
      <object_component id="oc-377">
         <name>.text:HOSTrename</name>
         <load_address>0x2284</load_address>
         <run_address>0x2284</run_address>
         <size>0x6c</size>
         <input_file_ref idref="fl-ee"/>
      </object_component>
      <object_component id="oc-36b">
         <name>.text:HOSTlseek</name>
         <load_address>0x22f0</load_address>
         <run_address>0x22f0</run_address>
         <size>0x68</size>
         <input_file_ref idref="fl-eb"/>
      </object_component>
      <object_component id="oc-15">
         <name>.text:decompress:lzss:__TI_decompress_lzss</name>
         <load_address>0x2358</load_address>
         <run_address>0x2358</run_address>
         <size>0x68</size>
         <input_file_ref idref="fl-d1"/>
      </object_component>
      <object_component id="oc-d7">
         <name>.text:printf</name>
         <load_address>0x23c0</load_address>
         <run_address>0x23c0</run_address>
         <size>0x68</size>
         <input_file_ref idref="fl-bd"/>
      </object_component>
      <object_component id="oc-22f">
         <name>.text:frexp</name>
         <load_address>0x2428</load_address>
         <run_address>0x2428</run_address>
         <size>0x64</size>
         <input_file_ref idref="fl-c3"/>
      </object_component>
      <object_component id="oc-2ca">
         <name>.text:fseek</name>
         <load_address>0x248c</load_address>
         <run_address>0x248c</run_address>
         <size>0x64</size>
         <input_file_ref idref="fl-e4"/>
      </object_component>
      <object_component id="oc-266">
         <name>.text:__TI_wrt_ok</name>
         <load_address>0x24f0</load_address>
         <run_address>0x24f0</run_address>
         <size>0x62</size>
         <input_file_ref idref="fl-c1"/>
      </object_component>
      <object_component id="oc-353">
         <name>.text:HOSTopen</name>
         <load_address>0x2554</load_address>
         <run_address>0x2554</run_address>
         <size>0x60</size>
         <input_file_ref idref="fl-ec"/>
      </object_component>
      <object_component id="oc-38f">
         <name>.text:close</name>
         <load_address>0x25b4</load_address>
         <run_address>0x25b4</run_address>
         <size>0x5c</size>
         <input_file_ref idref="fl-fa"/>
      </object_component>
      <object_component id="oc-35f">
         <name>.text:HOSTread</name>
         <load_address>0x2610</load_address>
         <run_address>0x2610</run_address>
         <size>0x58</size>
         <input_file_ref idref="fl-ed"/>
      </object_component>
      <object_component id="oc-365">
         <name>.text:HOSTwrite</name>
         <load_address>0x2668</load_address>
         <run_address>0x2668</run_address>
         <size>0x58</size>
         <input_file_ref idref="fl-f0"/>
      </object_component>
      <object_component id="oc-178">
         <name>.text:_pconv_f</name>
         <load_address>0x26c0</load_address>
         <run_address>0x26c0</run_address>
         <size>0x56</size>
         <input_file_ref idref="fl-be"/>
      </object_component>
      <object_component id="oc-204">
         <name>.text:__TI_ltoa</name>
         <load_address>0x2716</load_address>
         <run_address>0x2716</run_address>
         <size>0x54</size>
         <input_file_ref idref="fl-d4"/>
      </object_component>
      <object_component id="oc-214">
         <name>.text:_ecpy</name>
         <load_address>0x276a</load_address>
         <run_address>0x276a</run_address>
         <size>0x52</size>
         <input_file_ref idref="fl-be"/>
      </object_component>
      <object_component id="oc-272">
         <name>.text:__TI_doflush</name>
         <load_address>0x27bc</load_address>
         <run_address>0x27bc</run_address>
         <size>0x4c</size>
         <input_file_ref idref="fl-e2"/>
      </object_component>
      <object_component id="oc-161">
         <name>.text:atoi</name>
         <load_address>0x2808</load_address>
         <run_address>0x2808</run_address>
         <size>0x4c</size>
         <input_file_ref idref="fl-d5"/>
      </object_component>
      <object_component id="oc-e5">
         <name>.text:exit</name>
         <load_address>0x2854</load_address>
         <run_address>0x2854</run_address>
         <size>0x48</size>
         <input_file_ref idref="fl-d2"/>
      </object_component>
      <object_component id="oc-1ff">
         <name>.text</name>
         <load_address>0x289c</load_address>
         <run_address>0x289c</run_address>
         <size>0x48</size>
         <input_file_ref idref="fl-cc"/>
      </object_component>
      <object_component id="oc-359">
         <name>.text:HOSTclose</name>
         <load_address>0x28e4</load_address>
         <run_address>0x28e4</run_address>
         <size>0x44</size>
         <input_file_ref idref="fl-ea"/>
      </object_component>
      <object_component id="oc-371">
         <name>.text:HOSTunlink</name>
         <load_address>0x2928</load_address>
         <run_address>0x2928</run_address>
         <size>0x44</size>
         <input_file_ref idref="fl-ef"/>
      </object_component>
      <object_component id="oc-eb">
         <name>.text:__TI_auto_init_nobinit_nopinit:__TI_auto_init_nobinit_nopinit</name>
         <load_address>0x296c</load_address>
         <run_address>0x296c</run_address>
         <size>0x44</size>
         <input_file_ref idref="fl-e6"/>
      </object_component>
      <object_component id="oc-3c7">
         <name>.text:getdevice</name>
         <load_address>0x29b0</load_address>
         <run_address>0x29b0</run_address>
         <size>0x44</size>
         <input_file_ref idref="fl-f5"/>
      </object_component>
      <object_component id="oc-227">
         <name>.text:_fcpy</name>
         <load_address>0x29f4</load_address>
         <run_address>0x29f4</run_address>
         <size>0x3e</size>
         <input_file_ref idref="fl-be"/>
      </object_component>
      <object_component id="oc-3a0">
         <name>.text:__TI_writemsg</name>
         <load_address>0x2a34</load_address>
         <run_address>0x2a34</run_address>
         <size>0x38</size>
         <input_file_ref idref="fl-f1"/>
      </object_component>
      <object_component id="oc-3e9">
         <name>.text:strncpy</name>
         <load_address>0x2a6c</load_address>
         <run_address>0x2a6c</run_address>
         <size>0x36</size>
         <input_file_ref idref="fl-f8"/>
      </object_component>
      <object_component id="oc-30a">
         <name>.text:__TI_cleanup</name>
         <load_address>0x2aa4</load_address>
         <run_address>0x2aa4</run_address>
         <size>0x34</size>
         <input_file_ref idref="fl-e3"/>
      </object_component>
      <object_component id="oc-3a6">
         <name>.text:__TI_readmsg</name>
         <load_address>0x2ad8</load_address>
         <run_address>0x2ad8</run_address>
         <size>0x34</size>
         <input_file_ref idref="fl-f1"/>
      </object_component>
      <object_component id="oc-5c">
         <name>.text:_c_int00_noargs:_c_int00_noargs</name>
         <load_address>0x2b0c</load_address>
         <run_address>0x2b0c</run_address>
         <size>0x34</size>
         <input_file_ref idref="fl-de"/>
      </object_component>
      <object_component id="oc-3ef">
         <name>.text:finddevice</name>
         <load_address>0x2b40</load_address>
         <run_address>0x2b40</run_address>
         <size>0x30</size>
         <input_file_ref idref="fl-f5"/>
      </object_component>
      <object_component id="oc-20a">
         <name>.text</name>
         <load_address>0x2b70</load_address>
         <run_address>0x2b70</run_address>
         <size>0x2e</size>
         <input_file_ref idref="fl-cd"/>
      </object_component>
      <object_component id="oc-395">
         <name>.text:unlink</name>
         <load_address>0x2ba0</load_address>
         <run_address>0x2ba0</run_address>
         <size>0x2c</size>
         <input_file_ref idref="fl-fb"/>
      </object_component>
      <object_component id="oc-339">
         <name>.text:free_list_insert</name>
         <load_address>0x2bcc</load_address>
         <run_address>0x2bcc</run_address>
         <size>0x28</size>
         <input_file_ref idref="fl-da"/>
      </object_component>
      <object_component id="oc-2f6">
         <name>.text:lseek</name>
         <load_address>0x2bf4</load_address>
         <run_address>0x2bf4</run_address>
         <size>0x28</size>
         <input_file_ref idref="fl-f3"/>
      </object_component>
      <object_component id="oc-278">
         <name>.text:write</name>
         <load_address>0x2c1c</load_address>
         <run_address>0x2c1c</run_address>
         <size>0x28</size>
         <input_file_ref idref="fl-df"/>
      </object_component>
      <object_component id="oc-26c">
         <name>.text:memchr</name>
         <load_address>0x2c44</load_address>
         <run_address>0x2c44</run_address>
         <size>0x20</size>
         <input_file_ref idref="fl-d9"/>
      </object_component>
      <object_component id="oc-4a">
         <name>.text:decompress:ZI:__TI_zero_init_nomemset:__TI_zero_init_nomemset</name>
         <load_address>0x2c64</load_address>
         <run_address>0x2c64</run_address>
         <size>0x1c</size>
         <input_file_ref idref="fl-cf"/>
      </object_component>
      <object_component id="oc-333">
         <name>.text:free_list_remove</name>
         <load_address>0x2c80</load_address>
         <run_address>0x2c80</run_address>
         <size>0x1c</size>
         <input_file_ref idref="fl-da"/>
      </object_component>
      <object_component id="oc-18a">
         <name>.text:memccpy</name>
         <load_address>0x2c9c</load_address>
         <run_address>0x2c9c</run_address>
         <size>0x1c</size>
         <input_file_ref idref="fl-d8"/>
      </object_component>
      <object_component id="oc-2ae">
         <name>.text:copysign</name>
         <load_address>0x2cb8</load_address>
         <run_address>0x2cb8</run_address>
         <size>0x1a</size>
         <input_file_ref idref="fl-c5"/>
      </object_component>
      <object_component id="oc-406">
         <name>.text:strcmp</name>
         <load_address>0x2cd2</load_address>
         <run_address>0x2cd2</run_address>
         <size>0x18</size>
         <input_file_ref idref="fl-f6"/>
      </object_component>
      <object_component id="oc-23b">
         <name>.text:strchr</name>
         <load_address>0x2cea</load_address>
         <run_address>0x2cea</run_address>
         <size>0x16</size>
         <input_file_ref idref="fl-db"/>
      </object_component>
      <object_component id="oc-3ba">
         <name>.text:strcpy</name>
         <load_address>0x2d00</load_address>
         <run_address>0x2d00</run_address>
         <size>0x14</size>
         <input_file_ref idref="fl-f7"/>
      </object_component>
      <object_component id="oc-15b">
         <name>.text:strlen</name>
         <load_address>0x2d14</load_address>
         <run_address>0x2d14</run_address>
         <size>0x14</size>
         <input_file_ref idref="fl-dc"/>
      </object_component>
      <object_component id="oc-190">
         <name>.text:wcslen</name>
         <load_address>0x2d28</load_address>
         <run_address>0x2d28</run_address>
         <size>0x12</size>
         <input_file_ref idref="fl-e1"/>
      </object_component>
      <object_component id="oc-1b">
         <name>.text:decompress:none:__TI_decompress_none</name>
         <load_address>0x2d3a</load_address>
         <run_address>0x2d3a</run_address>
         <size>0xe</size>
         <input_file_ref idref="fl-d0"/>
      </object_component>
      <object_component id="oc-2a">
         <name>.text</name>
         <load_address>0x2d48</load_address>
         <run_address>0x2d48</run_address>
         <size>0xc</size>
         <input_file_ref idref="fl-3"/>
      </object_component>
      <object_component id="oc-196">
         <name>.text:__aeabi_errno_addr</name>
         <load_address>0x2d54</load_address>
         <run_address>0x2d54</run_address>
         <size>0x8</size>
         <input_file_ref idref="fl-dd"/>
      </object_component>
      <object_component id="oc-304">
         <name>.text:malloc</name>
         <load_address>0x2d5c</load_address>
         <run_address>0x2d5c</run_address>
         <size>0x8</size>
         <input_file_ref idref="fl-da"/>
      </object_component>
      <object_component id="oc-131">
         <name>.text:_outc</name>
         <load_address>0x2d64</load_address>
         <run_address>0x2d64</run_address>
         <size>0x4</size>
         <input_file_ref idref="fl-bd"/>
      </object_component>
      <object_component id="oc-12b">
         <name>.text:_outs</name>
         <load_address>0x2d68</load_address>
         <run_address>0x2d68</run_address>
         <size>0x4</size>
         <input_file_ref idref="fl-bd"/>
      </object_component>
      <object_component id="oc-9c">
         <name>.text:_system_pre_init</name>
         <load_address>0x2d6c</load_address>
         <run_address>0x2d6c</run_address>
         <size>0x4</size>
         <input_file_ref idref="fl-e7"/>
      </object_component>
      <object_component id="oc-df">
         <name>.text:abort:abort</name>
         <load_address>0x2d70</load_address>
         <run_address>0x2d70</run_address>
         <size>0x4</size>
         <input_file_ref idref="fl-d2"/>
      </object_component>
      <object_component id="oc-1e4">
         <name>.const:.string:_ctypes_</name>
         <load_address>0x2d74</load_address>
         <run_address>0x2d74</run_address>
         <size>0x101</size>
         <input_file_ref idref="fl-d6"/>
      </object_component>
      <object_component id="oc-440">
         <name>.cinit..data.load</name>
         <load_address>0x2e78</load_address>
         <run_address>0x2e78</run_address>
         <size>0x6a</size>
      </object_component>
      <object_component id="oc-43e">
         <name>__TI_handler_table</name>
         <load_address>0x2ee4</load_address>
         <run_address>0x2ee4</run_address>
         <size>0xc</size>
      </object_component>
      <object_component id="oc-441">
         <name>.cinit..bss.load</name>
         <load_address>0x2ef0</load_address>
         <run_address>0x2ef0</run_address>
         <size>0x8</size>
      </object_component>
      <object_component id="oc-43f">
         <name>__TI_cinit_table</name>
         <load_address>0x2ef8</load_address>
         <run_address>0x2ef8</run_address>
         <size>0x10</size>
      </object_component>
      <object_component id="oc-13f">
         <name>.data:$O1$$</name>
         <load_address>0x200013c4</load_address>
         <run_address>0x200013c4</run_address>
         <size>0xc</size>
         <input_file_ref idref="fl-d2"/>
      </object_component>
      <object_component id="oc-125">
         <name>.data:$O1$$</name>
         <load_address>0x200013d0</load_address>
         <run_address>0x200013d0</run_address>
         <size>0x8</size>
         <input_file_ref idref="fl-d3"/>
      </object_component>
      <object_component id="oc-128">
         <name>.data:_ftable</name>
         <load_address>0x200011fc</load_address>
         <run_address>0x200011fc</run_address>
         <size>0xf0</size>
         <input_file_ref idref="fl-d7"/>
      </object_component>
      <object_component id="oc-34d">
         <name>.data</name>
         <load_address>0x200013b4</load_address>
         <run_address>0x200013b4</run_address>
         <size>0x10</size>
         <input_file_ref idref="fl-d7"/>
      </object_component>
      <object_component id="oc-383">
         <name>.data:$O1$$</name>
         <load_address>0x200013d8</load_address>
         <run_address>0x200013d8</run_address>
         <size>0x8</size>
         <input_file_ref idref="fl-da"/>
      </object_component>
      <object_component id="oc-24b">
         <name>.data</name>
         <load_address>0x200013e0</load_address>
         <run_address>0x200013e0</run_address>
         <size>0x4</size>
         <input_file_ref idref="fl-dd"/>
      </object_component>
      <object_component id="oc-31d">
         <name>.data:_device</name>
         <load_address>0x200012ec</load_address>
         <run_address>0x200012ec</run_address>
         <size>0x78</size>
         <input_file_ref idref="fl-e0"/>
      </object_component>
      <object_component id="oc-2dc">
         <name>.data:_stream</name>
         <load_address>0x20001364</load_address>
         <run_address>0x20001364</run_address>
         <size>0x50</size>
         <input_file_ref idref="fl-e0"/>
      </object_component>
      <object_component id="oc-3d1">
         <name>.bss:_CIOBUF_</name>
         <uninitialized>true</uninitialized>
         <run_address>0x20001000</run_address>
         <size>0x120</size>
         <input_file_ref idref="fl-f1"/>
      </object_component>
      <object_component id="oc-dd">
         <name>.common:buffer</name>
         <uninitialized>true</uninitialized>
         <run_address>0x200011c0</run_address>
         <size>0x34</size>
      </object_component>
      <object_component id="oc-39b">
         <name>.common:__TI_tmpnams</name>
         <uninitialized>true</uninitialized>
         <run_address>0x20001120</run_address>
         <size>0xa0</size>
      </object_component>
      <object_component id="oc-3ac">
         <name>.common:parmbuf</name>
         <uninitialized>true</uninitialized>
         <run_address>0x200011f4</run_address>
         <size>0x8</size>
      </object_component>
      <object_component id="oc-24">
         <name>.sysmem</name>
         <uninitialized>true</uninitialized>
         <run_address>0x20000800</run_address>
         <size>0x10</size>
         <input_file_ref idref="fl-da"/>
      </object_component>
      <object_component id="oc-444">
         <name>.sysmem</name>
         <uninitialized>true</uninitialized>
         <run_address>0x20000800</run_address>
         <size>0x0</size>
      </object_component>
      <object_component id="oc-27">
         <name>.stack</name>
         <uninitialized>true</uninitialized>
         <run_address>0x20000000</run_address>
         <size>0x4</size>
         <input_file_ref idref="fl-de"/>
      </object_component>
      <object_component id="oc-443">
         <name>.stack</name>
         <uninitialized>true</uninitialized>
         <run_address>0x20000000</run_address>
         <size>0x0</size>
      </object_component>
      <object_component id="oc-c5">
         <name>.debug_info</name>
         <load_address>0x0</load_address>
         <run_address>0x0</run_address>
         <size>0x2ca</size>
         <input_file_ref idref="fl-2"/>
      </object_component>
      <object_component id="oc-a3">
         <name>.debug_info</name>
         <load_address>0x2ca</load_address>
         <run_address>0x2ca</run_address>
         <size>0x362</size>
         <input_file_ref idref="fl-2"/>
      </object_component>
      <object_component id="oc-77">
         <name>.debug_info</name>
         <load_address>0x62c</load_address>
         <run_address>0x62c</run_address>
         <size>0x26b</size>
         <input_file_ref idref="fl-2"/>
      </object_component>
      <object_component id="oc-39">
         <name>.debug_info</name>
         <load_address>0x897</load_address>
         <run_address>0x897</run_address>
         <size>0x84</size>
         <input_file_ref idref="fl-2"/>
      </object_component>
      <object_component id="oc-c0">
         <name>.debug_info</name>
         <load_address>0x91b</load_address>
         <run_address>0x91b</run_address>
         <size>0x2a4</size>
         <input_file_ref idref="fl-2"/>
      </object_component>
      <object_component id="oc-7c">
         <name>.debug_info</name>
         <load_address>0xbbf</load_address>
         <run_address>0xbbf</run_address>
         <size>0xbb</size>
         <input_file_ref idref="fl-2"/>
      </object_component>
      <object_component id="oc-139">
         <name>.debug_info</name>
         <load_address>0xc7a</load_address>
         <run_address>0xc7a</run_address>
         <size>0x2c</size>
         <input_file_ref idref="fl-2"/>
      </object_component>
      <object_component id="oc-32">
         <name>.debug_info</name>
         <load_address>0xca6</load_address>
         <run_address>0xca6</run_address>
         <size>0x2b9</size>
         <input_file_ref idref="fl-3"/>
      </object_component>
      <object_component id="oc-13">
         <name>.debug_info</name>
         <load_address>0xf5f</load_address>
         <run_address>0xf5f</run_address>
         <size>0xf8</size>
         <input_file_ref idref="fl-3"/>
      </object_component>
      <object_component id="oc-2b">
         <name>.debug_info</name>
         <load_address>0x1057</load_address>
         <run_address>0x1057</run_address>
         <size>0x277</size>
         <input_file_ref idref="fl-3"/>
      </object_component>
      <object_component id="oc-138">
         <name>.debug_info</name>
         <load_address>0x12ce</load_address>
         <run_address>0x12ce</run_address>
         <size>0x3e5</size>
         <input_file_ref idref="fl-bd"/>
      </object_component>
      <object_component id="oc-133">
         <name>.debug_info</name>
         <load_address>0x16b3</load_address>
         <run_address>0x16b3</run_address>
         <size>0x157</size>
         <input_file_ref idref="fl-bd"/>
      </object_component>
      <object_component id="oc-12c">
         <name>.debug_info</name>
         <load_address>0x180a</load_address>
         <run_address>0x180a</run_address>
         <size>0x166</size>
         <input_file_ref idref="fl-bd"/>
      </object_component>
      <object_component id="oc-d8">
         <name>.debug_info</name>
         <load_address>0x1970</load_address>
         <run_address>0x1970</run_address>
         <size>0x1ac</size>
         <input_file_ref idref="fl-bd"/>
      </object_component>
      <object_component id="oc-1c6">
         <name>.debug_info</name>
         <load_address>0x1b1c</load_address>
         <run_address>0x1b1c</run_address>
         <size>0xb2</size>
         <input_file_ref idref="fl-bd"/>
      </object_component>
      <object_component id="oc-19d">
         <name>.debug_info</name>
         <load_address>0x1bce</load_address>
         <run_address>0x1bce</run_address>
         <size>0x590</size>
         <input_file_ref idref="fl-be"/>
      </object_component>
      <object_component id="oc-168">
         <name>.debug_info</name>
         <load_address>0x215e</load_address>
         <run_address>0x215e</run_address>
         <size>0x21e</size>
         <input_file_ref idref="fl-be"/>
      </object_component>
      <object_component id="oc-215">
         <name>.debug_info</name>
         <load_address>0x237c</load_address>
         <run_address>0x237c</run_address>
         <size>0x1b3</size>
         <input_file_ref idref="fl-be"/>
      </object_component>
      <object_component id="oc-21b">
         <name>.debug_info</name>
         <load_address>0x252f</load_address>
         <run_address>0x252f</run_address>
         <size>0x21b</size>
         <input_file_ref idref="fl-be"/>
      </object_component>
      <object_component id="oc-173">
         <name>.debug_info</name>
         <load_address>0x274a</load_address>
         <run_address>0x274a</run_address>
         <size>0x3c0</size>
         <input_file_ref idref="fl-be"/>
      </object_component>
      <object_component id="oc-222">
         <name>.debug_info</name>
         <load_address>0x2b0a</load_address>
         <run_address>0x2b0a</run_address>
         <size>0x30a</size>
         <input_file_ref idref="fl-be"/>
      </object_component>
      <object_component id="oc-228">
         <name>.debug_info</name>
         <load_address>0x2e14</load_address>
         <run_address>0x2e14</run_address>
         <size>0x215</size>
         <input_file_ref idref="fl-be"/>
      </object_component>
      <object_component id="oc-179">
         <name>.debug_info</name>
         <load_address>0x3029</load_address>
         <run_address>0x3029</run_address>
         <size>0x215</size>
         <input_file_ref idref="fl-be"/>
      </object_component>
      <object_component id="oc-17f">
         <name>.debug_info</name>
         <load_address>0x323e</load_address>
         <run_address>0x323e</run_address>
         <size>0x304</size>
         <input_file_ref idref="fl-be"/>
      </object_component>
      <object_component id="oc-185">
         <name>.debug_info</name>
         <load_address>0x3542</load_address>
         <run_address>0x3542</run_address>
         <size>0x4b5</size>
         <input_file_ref idref="fl-be"/>
      </object_component>
      <object_component id="oc-120">
         <name>.debug_info</name>
         <load_address>0x39f7</load_address>
         <run_address>0x39f7</run_address>
         <size>0x5f4</size>
         <input_file_ref idref="fl-be"/>
      </object_component>
      <object_component id="oc-19e">
         <name>.debug_info</name>
         <load_address>0x3feb</load_address>
         <run_address>0x3feb</run_address>
         <size>0x86</size>
         <input_file_ref idref="fl-be"/>
      </object_component>
      <object_component id="oc-257">
         <name>.debug_info</name>
         <load_address>0x4071</load_address>
         <run_address>0x4071</run_address>
         <size>0x39</size>
         <input_file_ref idref="fl-be"/>
      </object_component>
      <object_component id="oc-2c5">
         <name>.debug_info</name>
         <load_address>0x40aa</load_address>
         <run_address>0x40aa</run_address>
         <size>0xb6</size>
         <input_file_ref idref="fl-be"/>
      </object_component>
      <object_component id="oc-25c">
         <name>.debug_info</name>
         <load_address>0x4160</load_address>
         <run_address>0x4160</run_address>
         <size>0x46</size>
         <input_file_ref idref="fl-be"/>
      </object_component>
      <object_component id="oc-1a3">
         <name>.debug_info</name>
         <load_address>0x41a6</load_address>
         <run_address>0x41a6</run_address>
         <size>0x46</size>
         <input_file_ref idref="fl-be"/>
      </object_component>
      <object_component id="oc-252">
         <name>.debug_info</name>
         <load_address>0x41ec</load_address>
         <run_address>0x41ec</run_address>
         <size>0x2c</size>
         <input_file_ref idref="fl-be"/>
      </object_component>
      <object_component id="oc-281">
         <name>.debug_info</name>
         <load_address>0x4218</load_address>
         <run_address>0x4218</run_address>
         <size>0x383</size>
         <input_file_ref idref="fl-bf"/>
      </object_component>
      <object_component id="oc-1c1">
         <name>.debug_info</name>
         <load_address>0x459b</load_address>
         <run_address>0x459b</run_address>
         <size>0x1ea</size>
         <input_file_ref idref="fl-bf"/>
      </object_component>
      <object_component id="oc-27f">
         <name>.debug_info</name>
         <load_address>0x4785</load_address>
         <run_address>0x4785</run_address>
         <size>0x3fc</size>
         <input_file_ref idref="fl-c0"/>
      </object_component>
      <object_component id="oc-1b8">
         <name>.debug_info</name>
         <load_address>0x4b81</load_address>
         <run_address>0x4b81</run_address>
         <size>0x2e2</size>
         <input_file_ref idref="fl-c0"/>
      </object_component>
      <object_component id="oc-ce">
         <name>.debug_info</name>
         <load_address>0x4e63</load_address>
         <run_address>0x4e63</run_address>
         <size>0x2c</size>
         <input_file_ref idref="fl-c0"/>
      </object_component>
      <object_component id="oc-2d7">
         <name>.debug_info</name>
         <load_address>0x4e8f</load_address>
         <run_address>0x4e8f</run_address>
         <size>0x300</size>
         <input_file_ref idref="fl-c1"/>
      </object_component>
      <object_component id="oc-269">
         <name>.debug_info</name>
         <load_address>0x518f</load_address>
         <run_address>0x518f</run_address>
         <size>0x19c</size>
         <input_file_ref idref="fl-c1"/>
      </object_component>
      <object_component id="oc-312">
         <name>.debug_info</name>
         <load_address>0x532b</load_address>
         <run_address>0x532b</run_address>
         <size>0xbf</size>
         <input_file_ref idref="fl-c1"/>
      </object_component>
      <object_component id="oc-311">
         <name>.debug_info</name>
         <load_address>0x53ea</load_address>
         <run_address>0x53ea</run_address>
         <size>0x374</size>
         <input_file_ref idref="fl-c2"/>
      </object_component>
      <object_component id="oc-2d1">
         <name>.debug_info</name>
         <load_address>0x575e</load_address>
         <run_address>0x575e</run_address>
         <size>0x20b</size>
         <input_file_ref idref="fl-c2"/>
      </object_component>
      <object_component id="oc-2a8">
         <name>.debug_info</name>
         <load_address>0x5969</load_address>
         <run_address>0x5969</run_address>
         <size>0x29a</size>
         <input_file_ref idref="fl-c3"/>
      </object_component>
      <object_component id="oc-230">
         <name>.debug_info</name>
         <load_address>0x5c03</load_address>
         <run_address>0x5c03</run_address>
         <size>0x195</size>
         <input_file_ref idref="fl-c3"/>
      </object_component>
      <object_component id="oc-2ec">
         <name>.debug_info</name>
         <load_address>0x5d98</load_address>
         <run_address>0x5d98</run_address>
         <size>0x39</size>
         <input_file_ref idref="fl-c3"/>
      </object_component>
      <object_component id="oc-2a9">
         <name>.debug_info</name>
         <load_address>0x5dd1</load_address>
         <run_address>0x5dd1</run_address>
         <size>0x2c</size>
         <input_file_ref idref="fl-c3"/>
      </object_component>
      <object_component id="oc-2b5">
         <name>.debug_info</name>
         <load_address>0x5dfd</load_address>
         <run_address>0x5dfd</run_address>
         <size>0x2fd</size>
         <input_file_ref idref="fl-c4"/>
      </object_component>
      <object_component id="oc-238">
         <name>.debug_info</name>
         <load_address>0x60fa</load_address>
         <run_address>0x60fa</run_address>
         <size>0x225</size>
         <input_file_ref idref="fl-c4"/>
      </object_component>
      <object_component id="oc-2b0">
         <name>.debug_info</name>
         <load_address>0x631f</load_address>
         <run_address>0x631f</run_address>
         <size>0x161</size>
         <input_file_ref idref="fl-c5"/>
      </object_component>
      <object_component id="oc-1ec">
         <name>.debug_info</name>
         <load_address>0x6480</load_address>
         <run_address>0x6480</run_address>
         <size>0x134</size>
         <input_file_ref idref="fl-c6"/>
      </object_component>
      <object_component id="oc-97">
         <name>.debug_info</name>
         <load_address>0x65b4</load_address>
         <run_address>0x65b4</run_address>
         <size>0x147</size>
         <input_file_ref idref="fl-c7"/>
      </object_component>
      <object_component id="oc-211">
         <name>.debug_info</name>
         <load_address>0x66fb</load_address>
         <run_address>0x66fb</run_address>
         <size>0x14c</size>
         <input_file_ref idref="fl-c8"/>
      </object_component>
      <object_component id="oc-16e">
         <name>.debug_info</name>
         <load_address>0x6847</load_address>
         <run_address>0x6847</run_address>
         <size>0x128</size>
         <input_file_ref idref="fl-c9"/>
      </object_component>
      <object_component id="oc-1fb">
         <name>.debug_info</name>
         <load_address>0x696f</load_address>
         <run_address>0x696f</run_address>
         <size>0x12a</size>
         <input_file_ref idref="fl-c9"/>
      </object_component>
      <object_component id="oc-1f8">
         <name>.debug_info</name>
         <load_address>0x6a99</load_address>
         <run_address>0x6a99</run_address>
         <size>0x13a</size>
         <input_file_ref idref="fl-ca"/>
      </object_component>
      <object_component id="oc-1f1">
         <name>.debug_info</name>
         <load_address>0x6bd3</load_address>
         <run_address>0x6bd3</run_address>
         <size>0x13a</size>
         <input_file_ref idref="fl-cb"/>
      </object_component>
      <object_component id="oc-201">
         <name>.debug_info</name>
         <load_address>0x6d0d</load_address>
         <run_address>0x6d0d</run_address>
         <size>0x12e</size>
         <input_file_ref idref="fl-cc"/>
      </object_component>
      <object_component id="oc-20b">
         <name>.debug_info</name>
         <load_address>0x6e3b</load_address>
         <run_address>0x6e3b</run_address>
         <size>0x12c</size>
         <input_file_ref idref="fl-cd"/>
      </object_component>
      <object_component id="oc-3f">
         <name>.debug_info</name>
         <load_address>0x6f67</load_address>
         <run_address>0x6f67</run_address>
         <size>0x119</size>
         <input_file_ref idref="fl-ce"/>
      </object_component>
      <object_component id="oc-95">
         <name>.debug_info</name>
         <load_address>0x7080</load_address>
         <run_address>0x7080</run_address>
         <size>0x2d4</size>
         <input_file_ref idref="fl-cf"/>
      </object_component>
      <object_component id="oc-4d">
         <name>.debug_info</name>
         <load_address>0x7354</load_address>
         <run_address>0x7354</run_address>
         <size>0x1d2</size>
         <input_file_ref idref="fl-cf"/>
      </object_component>
      <object_component id="oc-90">
         <name>.debug_info</name>
         <load_address>0x7526</load_address>
         <run_address>0x7526</run_address>
         <size>0x46</size>
         <input_file_ref idref="fl-cf"/>
      </object_component>
      <object_component id="oc-49">
         <name>.debug_info</name>
         <load_address>0x756c</load_address>
         <run_address>0x756c</run_address>
         <size>0x2a8</size>
         <input_file_ref idref="fl-d0"/>
      </object_component>
      <object_component id="oc-1c">
         <name>.debug_info</name>
         <load_address>0x7814</load_address>
         <run_address>0x7814</run_address>
         <size>0x1ea</size>
         <input_file_ref idref="fl-d0"/>
      </object_component>
      <object_component id="oc-44">
         <name>.debug_info</name>
         <load_address>0x79fe</load_address>
         <run_address>0x79fe</run_address>
         <size>0x46</size>
         <input_file_ref idref="fl-d0"/>
      </object_component>
      <object_component id="oc-88">
         <name>.debug_info</name>
         <load_address>0x7a44</load_address>
         <run_address>0x7a44</run_address>
         <size>0x2c</size>
         <input_file_ref idref="fl-d0"/>
      </object_component>
      <object_component id="oc-86">
         <name>.debug_info</name>
         <load_address>0x7a70</load_address>
         <run_address>0x7a70</run_address>
         <size>0x29e</size>
         <input_file_ref idref="fl-d1"/>
      </object_component>
      <object_component id="oc-17">
         <name>.debug_info</name>
         <load_address>0x7d0e</load_address>
         <run_address>0x7d0e</run_address>
         <size>0x250</size>
         <input_file_ref idref="fl-d1"/>
      </object_component>
      <object_component id="oc-34">
         <name>.debug_info</name>
         <load_address>0x7f5e</load_address>
         <run_address>0x7f5e</run_address>
         <size>0x60</size>
         <input_file_ref idref="fl-d1"/>
      </object_component>
      <object_component id="oc-c7">
         <name>.debug_info</name>
         <load_address>0x7fbe</load_address>
         <run_address>0x7fbe</run_address>
         <size>0x46</size>
         <input_file_ref idref="fl-d1"/>
      </object_component>
      <object_component id="oc-81">
         <name>.debug_info</name>
         <load_address>0x8004</load_address>
         <run_address>0x8004</run_address>
         <size>0x39</size>
         <input_file_ref idref="fl-d1"/>
      </object_component>
      <object_component id="oc-143">
         <name>.debug_info</name>
         <load_address>0x803d</load_address>
         <run_address>0x803d</run_address>
         <size>0x3ad</size>
         <input_file_ref idref="fl-d2"/>
      </object_component>
      <object_component id="oc-140">
         <name>.debug_info</name>
         <load_address>0x83ea</load_address>
         <run_address>0x83ea</run_address>
         <size>0x190</size>
         <input_file_ref idref="fl-d2"/>
      </object_component>
      <object_component id="oc-e2">
         <name>.debug_info</name>
         <load_address>0x857a</load_address>
         <run_address>0x857a</run_address>
         <size>0x122</size>
         <input_file_ref idref="fl-d2"/>
      </object_component>
      <object_component id="oc-e6">
         <name>.debug_info</name>
         <load_address>0x869c</load_address>
         <run_address>0x869c</run_address>
         <size>0x184</size>
         <input_file_ref idref="fl-d2"/>
      </object_component>
      <object_component id="oc-1b0">
         <name>.debug_info</name>
         <load_address>0x8820</load_address>
         <run_address>0x8820</run_address>
         <size>0x2c9</size>
         <input_file_ref idref="fl-d3"/>
      </object_component>
      <object_component id="oc-126">
         <name>.debug_info</name>
         <load_address>0x8ae9</load_address>
         <run_address>0x8ae9</run_address>
         <size>0x11e</size>
         <input_file_ref idref="fl-d3"/>
      </object_component>
      <object_component id="oc-1ac">
         <name>.debug_info</name>
         <load_address>0x8c07</load_address>
         <run_address>0x8c07</run_address>
         <size>0x12e</size>
         <input_file_ref idref="fl-d3"/>
      </object_component>
      <object_component id="oc-2a0">
         <name>.debug_info</name>
         <load_address>0x8d35</load_address>
         <run_address>0x8d35</run_address>
         <size>0x29c</size>
         <input_file_ref idref="fl-d4"/>
      </object_component>
      <object_component id="oc-207">
         <name>.debug_info</name>
         <load_address>0x8fd1</load_address>
         <run_address>0x8fd1</run_address>
         <size>0x1da</size>
         <input_file_ref idref="fl-d4"/>
      </object_component>
      <object_component id="oc-1e8">
         <name>.debug_info</name>
         <load_address>0x91ab</load_address>
         <run_address>0x91ab</run_address>
         <size>0x2b9</size>
         <input_file_ref idref="fl-d5"/>
      </object_component>
      <object_component id="oc-163">
         <name>.debug_info</name>
         <load_address>0x9464</load_address>
         <run_address>0x9464</run_address>
         <size>0x17c</size>
         <input_file_ref idref="fl-d5"/>
      </object_component>
      <object_component id="oc-292">
         <name>.debug_info</name>
         <load_address>0x95e0</load_address>
         <run_address>0x95e0</run_address>
         <size>0xf9</size>
         <input_file_ref idref="fl-d6"/>
      </object_component>
      <object_component id="oc-1e5">
         <name>.debug_info</name>
         <load_address>0x96d9</load_address>
         <run_address>0x96d9</run_address>
         <size>0x105</size>
         <input_file_ref idref="fl-d6"/>
      </object_component>
      <object_component id="oc-1b4">
         <name>.debug_info</name>
         <load_address>0x97de</load_address>
         <run_address>0x97de</run_address>
         <size>0x144</size>
         <input_file_ref idref="fl-d7"/>
      </object_component>
      <object_component id="oc-129">
         <name>.debug_info</name>
         <load_address>0x9922</load_address>
         <run_address>0x9922</run_address>
         <size>0x102</size>
         <input_file_ref idref="fl-d7"/>
      </object_component>
      <object_component id="oc-34e">
         <name>.debug_info</name>
         <load_address>0x9a24</load_address>
         <run_address>0x9a24</run_address>
         <size>0x18f</size>
         <input_file_ref idref="fl-d7"/>
      </object_component>
      <object_component id="oc-243">
         <name>.debug_info</name>
         <load_address>0x9bb3</load_address>
         <run_address>0x9bb3</run_address>
         <size>0x2a7</size>
         <input_file_ref idref="fl-d8"/>
      </object_component>
      <object_component id="oc-18b">
         <name>.debug_info</name>
         <load_address>0x9e5a</load_address>
         <run_address>0x9e5a</run_address>
         <size>0x1b8</size>
         <input_file_ref idref="fl-d8"/>
      </object_component>
      <object_component id="oc-2d9">
         <name>.debug_info</name>
         <load_address>0xa012</load_address>
         <run_address>0xa012</run_address>
         <size>0x2a5</size>
         <input_file_ref idref="fl-d9"/>
      </object_component>
      <object_component id="oc-26e">
         <name>.debug_info</name>
         <load_address>0xa2b7</load_address>
         <run_address>0xa2b7</run_address>
         <size>0x25d</size>
         <input_file_ref idref="fl-d9"/>
      </object_component>
      <object_component id="oc-70">
         <name>.debug_info</name>
         <load_address>0xa514</load_address>
         <run_address>0xa514</run_address>
         <size>0x3b2</size>
         <input_file_ref idref="fl-da"/>
      </object_component>
      <object_component id="oc-25">
         <name>.debug_info</name>
         <load_address>0xa8c6</load_address>
         <run_address>0xa8c6</run_address>
         <size>0x10c</size>
         <input_file_ref idref="fl-da"/>
      </object_component>
      <object_component id="oc-384">
         <name>.debug_info</name>
         <load_address>0xa9d2</load_address>
         <run_address>0xa9d2</run_address>
         <size>0x13f</size>
         <input_file_ref idref="fl-da"/>
      </object_component>
      <object_component id="oc-307">
         <name>.debug_info</name>
         <load_address>0xab11</load_address>
         <run_address>0xab11</run_address>
         <size>0x168</size>
         <input_file_ref idref="fl-da"/>
      </object_component>
      <object_component id="oc-336">
         <name>.debug_info</name>
         <load_address>0xac79</load_address>
         <run_address>0xac79</run_address>
         <size>0x18e</size>
         <input_file_ref idref="fl-da"/>
      </object_component>
      <object_component id="oc-33b">
         <name>.debug_info</name>
         <load_address>0xae07</load_address>
         <run_address>0xae07</run_address>
         <size>0x19f</size>
         <input_file_ref idref="fl-da"/>
      </object_component>
      <object_component id="oc-302">
         <name>.debug_info</name>
         <load_address>0xafa6</load_address>
         <run_address>0xafa6</run_address>
         <size>0x203</size>
         <input_file_ref idref="fl-da"/>
      </object_component>
      <object_component id="oc-38c">
         <name>.debug_info</name>
         <load_address>0xb1a9</load_address>
         <run_address>0xb1a9</run_address>
         <size>0x1db</size>
         <input_file_ref idref="fl-da"/>
      </object_component>
      <object_component id="oc-342">
         <name>.debug_info</name>
         <load_address>0xb384</load_address>
         <run_address>0xb384</run_address>
         <size>0x299</size>
         <input_file_ref idref="fl-da"/>
      </object_component>
      <object_component id="oc-bb">
         <name>.debug_info</name>
         <load_address>0xb61d</load_address>
         <run_address>0xb61d</run_address>
         <size>0xb2</size>
         <input_file_ref idref="fl-da"/>
      </object_component>
      <object_component id="oc-b6">
         <name>.debug_info</name>
         <load_address>0xb6cf</load_address>
         <run_address>0xb6cf</run_address>
         <size>0x2c</size>
         <input_file_ref idref="fl-da"/>
      </object_component>
      <object_component id="oc-2b7">
         <name>.debug_info</name>
         <load_address>0xb6fb</load_address>
         <run_address>0xb6fb</run_address>
         <size>0x29a</size>
         <input_file_ref idref="fl-db"/>
      </object_component>
      <object_component id="oc-23f">
         <name>.debug_info</name>
         <load_address>0xb995</load_address>
         <run_address>0xb995</run_address>
         <size>0x262</size>
         <input_file_ref idref="fl-db"/>
      </object_component>
      <object_component id="oc-1e3">
         <name>.debug_info</name>
         <load_address>0xbbf7</load_address>
         <run_address>0xbbf7</run_address>
         <size>0x28f</size>
         <input_file_ref idref="fl-dc"/>
      </object_component>
      <object_component id="oc-15f">
         <name>.debug_info</name>
         <load_address>0xbe86</load_address>
         <run_address>0xbe86</run_address>
         <size>0x245</size>
         <input_file_ref idref="fl-dc"/>
      </object_component>
      <object_component id="oc-24f">
         <name>.debug_info</name>
         <load_address>0xc0cb</load_address>
         <run_address>0xc0cb</run_address>
         <size>0x289</size>
         <input_file_ref idref="fl-dd"/>
      </object_component>
      <object_component id="oc-24c">
         <name>.debug_info</name>
         <load_address>0xc354</load_address>
         <run_address>0xc354</run_address>
         <size>0x10e</size>
         <input_file_ref idref="fl-dd"/>
      </object_component>
      <object_component id="oc-198">
         <name>.debug_info</name>
         <load_address>0xc462</load_address>
         <run_address>0xc462</run_address>
         <size>0x14e</size>
         <input_file_ref idref="fl-dd"/>
      </object_component>
      <object_component id="oc-28">
         <name>.debug_info</name>
         <load_address>0xc5b0</load_address>
         <run_address>0xc5b0</run_address>
         <size>0x10b</size>
         <input_file_ref idref="fl-de"/>
      </object_component>
      <object_component id="oc-5d">
         <name>.debug_info</name>
         <load_address>0xc6bb</load_address>
         <run_address>0xc6bb</run_address>
         <size>0x1a9</size>
         <input_file_ref idref="fl-de"/>
      </object_component>
      <object_component id="oc-2e0">
         <name>.debug_info</name>
         <load_address>0xc864</load_address>
         <run_address>0xc864</run_address>
         <size>0x397</size>
         <input_file_ref idref="fl-df"/>
      </object_component>
      <object_component id="oc-27b">
         <name>.debug_info</name>
         <load_address>0xcbfb</load_address>
         <run_address>0xcbfb</run_address>
         <size>0x18f</size>
         <input_file_ref idref="fl-df"/>
      </object_component>
      <object_component id="oc-325">
         <name>.debug_info</name>
         <load_address>0xcd8a</load_address>
         <run_address>0xcd8a</run_address>
         <size>0x120</size>
         <input_file_ref idref="fl-df"/>
      </object_component>
      <object_component id="oc-32a">
         <name>.debug_info</name>
         <load_address>0xceaa</load_address>
         <run_address>0xceaa</run_address>
         <size>0x2c</size>
         <input_file_ref idref="fl-df"/>
      </object_component>
      <object_component id="oc-322">
         <name>.debug_info</name>
         <load_address>0xced6</load_address>
         <run_address>0xced6</run_address>
         <size>0x337</size>
         <input_file_ref idref="fl-e0"/>
      </object_component>
      <object_component id="oc-31e">
         <name>.debug_info</name>
         <load_address>0xd20d</load_address>
         <run_address>0xd20d</run_address>
         <size>0x109</size>
         <input_file_ref idref="fl-e0"/>
      </object_component>
      <object_component id="oc-2dd">
         <name>.debug_info</name>
         <load_address>0xd316</load_address>
         <run_address>0xd316</run_address>
         <size>0x109</size>
         <input_file_ref idref="fl-e0"/>
      </object_component>
      <object_component id="oc-24a">
         <name>.debug_info</name>
         <load_address>0xd41f</load_address>
         <run_address>0xd41f</run_address>
         <size>0x28f</size>
         <input_file_ref idref="fl-e1"/>
      </object_component>
      <object_component id="oc-192">
         <name>.debug_info</name>
         <load_address>0xd6ae</load_address>
         <run_address>0xd6ae</run_address>
         <size>0x15a</size>
         <input_file_ref idref="fl-e1"/>
      </object_component>
      <object_component id="oc-2ba">
         <name>.debug_info</name>
         <load_address>0xd808</load_address>
         <run_address>0xd808</run_address>
         <size>0x46</size>
         <input_file_ref idref="fl-e1"/>
      </object_component>
      <object_component id="oc-245">
         <name>.debug_info</name>
         <load_address>0xd84e</load_address>
         <run_address>0xd84e</run_address>
         <size>0x39</size>
         <input_file_ref idref="fl-e1"/>
      </object_component>
      <object_component id="oc-2db">
         <name>.debug_info</name>
         <load_address>0xd887</load_address>
         <run_address>0xd887</run_address>
         <size>0x347</size>
         <input_file_ref idref="fl-e2"/>
      </object_component>
      <object_component id="oc-274">
         <name>.debug_info</name>
         <load_address>0xdbce</load_address>
         <run_address>0xdbce</run_address>
         <size>0x18a</size>
         <input_file_ref idref="fl-e2"/>
      </object_component>
      <object_component id="oc-30b">
         <name>.debug_info</name>
         <load_address>0xdd58</load_address>
         <run_address>0xdd58</run_address>
         <size>0x176</size>
         <input_file_ref idref="fl-e3"/>
      </object_component>
      <object_component id="oc-2fd">
         <name>.debug_info</name>
         <load_address>0xdece</load_address>
         <run_address>0xdece</run_address>
         <size>0x324</size>
         <input_file_ref idref="fl-e4"/>
      </object_component>
      <object_component id="oc-2cb">
         <name>.debug_info</name>
         <load_address>0xe1f2</load_address>
         <run_address>0xe1f2</run_address>
         <size>0x1ec</size>
         <input_file_ref idref="fl-e4"/>
      </object_component>
      <object_component id="oc-296">
         <name>.debug_info</name>
         <load_address>0xe3de</load_address>
         <run_address>0xe3de</run_address>
         <size>0x115</size>
         <input_file_ref idref="fl-e5"/>
      </object_component>
      <object_component id="oc-146">
         <name>.debug_info</name>
         <load_address>0xe4f3</load_address>
         <run_address>0xe4f3</run_address>
         <size>0x4b3</size>
         <input_file_ref idref="fl-e6"/>
      </object_component>
      <object_component id="oc-ec">
         <name>.debug_info</name>
         <load_address>0xe9a6</load_address>
         <run_address>0xe9a6</run_address>
         <size>0x1a6</size>
         <input_file_ref idref="fl-e6"/>
      </object_component>
      <object_component id="oc-1d1">
         <name>.debug_info</name>
         <load_address>0xeb4c</load_address>
         <run_address>0xeb4c</run_address>
         <size>0x39</size>
         <input_file_ref idref="fl-e6"/>
      </object_component>
      <object_component id="oc-282">
         <name>.debug_info</name>
         <load_address>0xeb85</load_address>
         <run_address>0xeb85</run_address>
         <size>0x39</size>
         <input_file_ref idref="fl-e6"/>
      </object_component>
      <object_component id="oc-1d6">
         <name>.debug_info</name>
         <load_address>0xebbe</load_address>
         <run_address>0xebbe</run_address>
         <size>0x39</size>
         <input_file_ref idref="fl-e6"/>
      </object_component>
      <object_component id="oc-1db">
         <name>.debug_info</name>
         <load_address>0xebf7</load_address>
         <run_address>0xebf7</run_address>
         <size>0xcd</size>
         <input_file_ref idref="fl-e6"/>
      </object_component>
      <object_component id="oc-9d">
         <name>.debug_info</name>
         <load_address>0xecc4</load_address>
         <run_address>0xecc4</run_address>
         <size>0x153</size>
         <input_file_ref idref="fl-e7"/>
      </object_component>
      <object_component id="oc-3b1">
         <name>.debug_info</name>
         <load_address>0xee17</load_address>
         <run_address>0xee17</run_address>
         <size>0x373</size>
         <input_file_ref idref="fl-ea"/>
      </object_component>
      <object_component id="oc-35c">
         <name>.debug_info</name>
         <load_address>0xf18a</load_address>
         <run_address>0xf18a</run_address>
         <size>0x1bc</size>
         <input_file_ref idref="fl-ea"/>
      </object_component>
      <object_component id="oc-3b7">
         <name>.debug_info</name>
         <load_address>0xf346</load_address>
         <run_address>0xf346</run_address>
         <size>0x378</size>
         <input_file_ref idref="fl-eb"/>
      </object_component>
      <object_component id="oc-36e">
         <name>.debug_info</name>
         <load_address>0xf6be</load_address>
         <run_address>0xf6be</run_address>
         <size>0x210</size>
         <input_file_ref idref="fl-eb"/>
      </object_component>
      <object_component id="oc-3ad">
         <name>.debug_info</name>
         <load_address>0xf8ce</load_address>
         <run_address>0xf8ce</run_address>
         <size>0x3a3</size>
         <input_file_ref idref="fl-ec"/>
      </object_component>
      <object_component id="oc-354">
         <name>.debug_info</name>
         <load_address>0xfc71</load_address>
         <run_address>0xfc71</run_address>
         <size>0x20c</size>
         <input_file_ref idref="fl-ec"/>
      </object_component>
      <object_component id="oc-3b3">
         <name>.debug_info</name>
         <load_address>0xfe7d</load_address>
         <run_address>0xfe7d</run_address>
         <size>0x377</size>
         <input_file_ref idref="fl-ed"/>
      </object_component>
      <object_component id="oc-362">
         <name>.debug_info</name>
         <load_address>0x101f4</load_address>
         <run_address>0x101f4</run_address>
         <size>0x1fb</size>
         <input_file_ref idref="fl-ed"/>
      </object_component>
      <object_component id="oc-3c1">
         <name>.debug_info</name>
         <load_address>0x103ef</load_address>
         <run_address>0x103ef</run_address>
         <size>0x3d5</size>
         <input_file_ref idref="fl-ee"/>
      </object_component>
      <object_component id="oc-37b">
         <name>.debug_info</name>
         <load_address>0x107c4</load_address>
         <run_address>0x107c4</run_address>
         <size>0x236</size>
         <input_file_ref idref="fl-ee"/>
      </object_component>
      <object_component id="oc-3b9">
         <name>.debug_info</name>
         <load_address>0x109fa</load_address>
         <run_address>0x109fa</run_address>
         <size>0x396</size>
         <input_file_ref idref="fl-ef"/>
      </object_component>
      <object_component id="oc-372">
         <name>.debug_info</name>
         <load_address>0x10d90</load_address>
         <run_address>0x10d90</run_address>
         <size>0x1c6</size>
         <input_file_ref idref="fl-ef"/>
      </object_component>
      <object_component id="oc-3b5">
         <name>.debug_info</name>
         <load_address>0x10f56</load_address>
         <run_address>0x10f56</run_address>
         <size>0x378</size>
         <input_file_ref idref="fl-f0"/>
      </object_component>
      <object_component id="oc-366">
         <name>.debug_info</name>
         <load_address>0x112ce</load_address>
         <run_address>0x112ce</run_address>
         <size>0x200</size>
         <input_file_ref idref="fl-f0"/>
      </object_component>
      <object_component id="oc-3d5">
         <name>.debug_info</name>
         <load_address>0x114ce</load_address>
         <run_address>0x114ce</run_address>
         <size>0x2bb</size>
         <input_file_ref idref="fl-f1"/>
      </object_component>
      <object_component id="oc-3d2">
         <name>.debug_info</name>
         <load_address>0x11789</load_address>
         <run_address>0x11789</run_address>
         <size>0x108</size>
         <input_file_ref idref="fl-f1"/>
      </object_component>
      <object_component id="oc-3a3">
         <name>.debug_info</name>
         <load_address>0x11891</load_address>
         <run_address>0x11891</run_address>
         <size>0x1df</size>
         <input_file_ref idref="fl-f1"/>
      </object_component>
      <object_component id="oc-3a7">
         <name>.debug_info</name>
         <load_address>0x11a70</load_address>
         <run_address>0x11a70</run_address>
         <size>0x19a</size>
         <input_file_ref idref="fl-f1"/>
      </object_component>
      <object_component id="oc-330">
         <name>.debug_info</name>
         <load_address>0x11c0a</load_address>
         <run_address>0x11c0a</run_address>
         <size>0x397</size>
         <input_file_ref idref="fl-f3"/>
      </object_component>
      <object_component id="oc-2f8">
         <name>.debug_info</name>
         <load_address>0x11fa1</load_address>
         <run_address>0x11fa1</run_address>
         <size>0x195</size>
         <input_file_ref idref="fl-f3"/>
      </object_component>
      <object_component id="oc-39d">
         <name>.debug_info</name>
         <load_address>0x12136</load_address>
         <run_address>0x12136</run_address>
         <size>0x3a5</size>
         <input_file_ref idref="fl-f4"/>
[...]
            <run_size>0x1fc</run_size>
            <compression>zero_init</compression>
         </cprec>
      </cptbl>
   </cptbl_list>
   <handler_table>
      <handler_table_name>__TI_handler_table</handler_table_name>
      <handler>
         <index>0x0</index>
         <name>__TI_decompress_lzss</name>
      </handler>
      <handler>
         <index>0x1</index>
         <name>__TI_decompress_none</name>
      </handler>
      <handler>
         <index>0x2</index>
         <name>__TI_zero_init</name>
      </handler>
   </handler_table>
   <symbol_table>
      <symbol id="sm-1">
         <name>__STACK_TOP</name>
         <value>0x20000200</value>
      </symbol>
      <symbol id="sm-2">
         <name>__start___llvm_prf_cnts</name>
         <value>0x20000000</value>
      </symbol>
      <symbol id="sm-3">
         <name>__stop___llvm_prf_cnts</name>
         <value>0x20000000</value>
      </symbol>
      <symbol id="sm-4">
         <name>__TI_CINIT_Base</name>
         <value>0x2ef8</value>
      </symbol>
      <symbol id="sm-5">
         <name>__TI_CINIT_Limit</name>
         <value>0x2f08</value>
      </symbol>
      <symbol id="sm-6">
         <name>__TI_Handler_Table_Base</name>
         <value>0x2ee4</value>
      </symbol>
      <symbol id="sm-7">
         <name>__TI_Handler_Table_Limit</name>
         <value>0x2ef0</value>
      </symbol>
      <symbol id="sm-8">
         <name>binit</name>
         <value>0xffffffff</value>
      </symbol>
      <symbol id="sm-9">
         <name>__binit__</name>
         <value>0xffffffff</value>
      </symbol>
      <symbol id="sm-a">
         <name>__STACK_SIZE</name>
         <value>0x800</value>
      </symbol>
      <symbol id="sm-b">
         <name>__STACK_END</name>
         <value>0x20000800</value>
      </symbol>
      <symbol id="sm-c">
         <name>__SYSMEM_SIZE</name>
         <value>0x800</value>
      </symbol>
      <symbol id="sm-d">
         <name>__c_args__</name>
         <value>0xffffffff</value>
      </symbol>
      <symbol id="sm-e">
         <name>__TI_pprof_out_hndl</name>
         <value>0xffffffff</value>
      </symbol>
      <symbol id="sm-f">
         <name>__TI_prof_data_start</name>
         <value>0xffffffff</value>
      </symbol>
      <symbol id="sm-10">
         <name>__TI_prof_data_size</name>
         <value>0xffffffff</value>
      </symbol>
      <symbol id="sm-6e">
         <name>buffer</name>
         <value>0x200011c0</value>
      </symbol>
      <symbol id="sm-6f">
         <name>read_char</name>
         <value>0x1319</value>
         <object_component_ref idref="oc-a2"/>
      </symbol>
      <symbol id="sm-70">
         <name>main</name>
         <value>0x1329</value>
         <object_component_ref idref="oc-a2"/>
      </symbol>
      <symbol id="sm-71">
         <name>config_port</name>
         <value>0x1251</value>
         <object_component_ref idref="oc-a2"/>
      </symbol>
      <symbol id="sm-72">
         <name>config_uart</name>
         <value>0x12ab</value>
         <object_component_ref idref="oc-a2"/>
      </symbol>
      <symbol id="sm-73">
         <name>send_prompt</name>
         <value>0x1303</value>
         <object_component_ref idref="oc-a2"/>
      </symbol>
      <symbol id="sm-74">
         <name>send_char</name>
         <value>0x12e7</value>
         <object_component_ref idref="oc-a2"/>
      </symbol>
      <symbol id="sm-90">
         <name>ResetISR</name>
         <value>0x2d49</value>
         <object_component_ref idref="oc-2a"/>
      </symbol>
      <symbol id="sm-91">
         <name>g_pfnVectors</name>
         <value>0x0</value>
         <object_component_ref idref="oc-12"/>
      </symbol>
      <symbol id="sm-bd">
         <name>printf</name>
         <value>0x23c1</value>
         <object_component_ref idref="oc-d7"/>
      </symbol>
      <symbol id="sm-227">
         <name>__TI_printfi</name>
         <value>0x209</value>
         <object_component_ref idref="oc-11f"/>
      </symbol>
      <symbol id="sm-23c">
         <name>putc</name>
         <value>0x1f1d</value>
         <object_component_ref idref="oc-1bd"/>
      </symbol>
      <symbol id="sm-23d">
         <name>fputc</name>
         <value>0x1f1d</value>
         <object_component_ref idref="oc-1bd"/>
      </symbol>
      <symbol id="sm-260">
         <name>fputs</name>
         <value>0x1759</value>
         <object_component_ref idref="oc-1b6"/>
      </symbol>
      <symbol id="sm-278">
         <name>__TI_wrt_ok</name>
         <value>0x24f1</value>
         <object_component_ref idref="oc-266"/>
      </symbol>
      <symbol id="sm-294">
         <name>setvbuf</name>
         <value>0x1c5d</value>
         <object_component_ref idref="oc-2d0"/>
      </symbol>
      <symbol id="sm-2b4">
         <name>frexpl</name>
         <value>0x2429</value>
         <object_component_ref idref="oc-22f"/>
      </symbol>
      <symbol id="sm-2b5">
         <name>frexp</name>
         <value>0x2429</value>
         <object_component_ref idref="oc-22f"/>
      </symbol>
      <symbol id="sm-2d2">
         <name>scalbn</name>
         <value>0x186d</value>
         <object_component_ref idref="oc-235"/>
      </symbol>
      <symbol id="sm-2d3">
         <name>scalbnl</name>
         <value>0x186d</value>
         <object_component_ref idref="oc-235"/>
      </symbol>
      <symbol id="sm-2d4">
         <name>ldexpl</name>
         <value>0x186d</value>
         <object_component_ref idref="oc-235"/>
      </symbol>
      <symbol id="sm-2d5">
         <name>ldexp</name>
         <value>0x186d</value>
         <object_component_ref idref="oc-235"/>
      </symbol>
      <symbol id="sm-2df">
         <name>copysign</name>
         <value>0x2cb9</value>
         <object_component_ref idref="oc-2ae"/>
      </symbol>
      <symbol id="sm-2e0">
         <name>copysignl</name>
         <value>0x2cb9</value>
         <object_component_ref idref="oc-2ae"/>
      </symbol>
      <symbol id="sm-2ed">
         <name>__aeabi_uldivmod</name>
         <value>0x1e87</value>
         <object_component_ref idref="oc-1e9"/>
      </symbol>
      <symbol id="sm-2fc">
         <name>__aeabi_memset</name>
         <value>0x20b7</value>
         <object_component_ref idref="oc-96"/>
      </symbol>
      <symbol id="sm-2fd">
         <name>memset</name>
         <value>0x20bd</value>
         <object_component_ref idref="oc-96"/>
      </symbol>
      <symbol id="sm-2fe">
         <name>__aeabi_memset8</name>
         <value>0x20b7</value>
         <object_component_ref idref="oc-96"/>
      </symbol>
      <symbol id="sm-2ff">
         <name>__aeabi_memset4</name>
         <value>0x20b7</value>
         <object_component_ref idref="oc-96"/>
      </symbol>
      <symbol id="sm-300">
         <name>__aeabi_memclr8</name>
         <value>0x20b5</value>
         <object_component_ref idref="oc-96"/>
      </symbol>
      <symbol id="sm-301">
         <name>__aeabi_memclr4</name>
         <value>0x20b5</value>
         <object_component_ref idref="oc-96"/>
      </symbol>
      <symbol id="sm-302">
         <name>__aeabi_memclr</name>
         <value>0x20b5</value>
         <object_component_ref idref="oc-96"/>
      </symbol>
      <symbol id="sm-319">
         <name>__aeabi_dsub</name>
         <value>0x1099</value>
         <object_component_ref idref="oc-20f"/>
      </symbol>
      <symbol id="sm-31a">
         <name>__aeabi_dadd</name>
         <value>0x10a3</value>
         <object_component_ref idref="oc-20f"/>
      </symbol>
      <symbol id="sm-33c">
         <name>__aeabi_cdcmpeq</name>
         <value>0x1fa9</value>
         <object_component_ref idref="oc-16d"/>
      </symbol>
      <symbol id="sm-33d">
         <name>__aeabi_cdcmple</name>
         <value>0x1fa9</value>
         <object_component_ref idref="oc-16d"/>
      </symbol>
      <symbol id="sm-33e">
         <name>__aeabi_cdrcmple</name>
         <value>0x202f</value>
         <object_component_ref idref="oc-1fa"/>
      </symbol>
      <symbol id="sm-352">
         <name>__aeabi_ddiv</name>
         <value>0x14fd</value>
         <object_component_ref idref="oc-1f5"/>
      </symbol>
      <symbol id="sm-35d">
         <name>__aeabi_dmul</name>
         <value>0x1a7d</value>
         <object_component_ref idref="oc-1f0"/>
      </symbol>
      <symbol id="sm-367">
         <name>__aeabi_d2iz</name>
         <value>0x289d</value>
         <object_component_ref idref="oc-1ff"/>
      </symbol>
      <symbol id="sm-371">
         <name>__aeabi_i2d</name>
         <value>0x2b71</value>
         <object_component_ref idref="oc-20a"/>
      </symbol>
      <symbol id="sm-38c">
         <name>memcpy</name>
         <value>0x1deb</value>
         <object_component_ref idref="oc-3e"/>
      </symbol>
      <symbol id="sm-38d">
         <name>__aeabi_memcpy</name>
         <value>0x1deb</value>
         <object_component_ref idref="oc-3e"/>
      </symbol>
      <symbol id="sm-38e">
         <name>__aeabi_memcpy8</name>
         <value>0x1deb</value>
         <object_component_ref idref="oc-3e"/>
      </symbol>
      <symbol id="sm-38f">
         <name>__aeabi_memcpy4</name>
         <value>0x1deb</value>
         <object_component_ref idref="oc-3e"/>
      </symbol>
      <symbol id="sm-3a3">
         <name>__TI_zero_init_nomemset</name>
         <value>0x2c65</value>
         <object_component_ref idref="oc-4a"/>
      </symbol>
      <symbol id="sm-3ba">
         <name>__TI_decompress_none</name>
         <value>0x2d3b</value>
         <object_component_ref idref="oc-1b"/>
      </symbol>
      <symbol id="sm-3dd">
         <name>__TI_decompress_lzss</name>
         <value>0x2359</value>
         <object_component_ref idref="oc-15"/>
      </symbol>
      <symbol id="sm-403">
         <name>C$$EXIT</name>
         <value>0x2d71</value>
         <object_component_ref idref="oc-df"/>
      </symbol>
      <symbol id="sm-404">
         <name>abort</name>
         <value>0x2d71</value>
         <object_component_ref idref="oc-df"/>
      </symbol>
      <symbol id="sm-405">
         <name>__TI_dtors_ptr</name>
         <value>0x200013c8</value>
         <object_component_ref idref="oc-13f"/>
      </symbol>
      <symbol id="sm-406">
         <name>__TI_cleanup_ptr</name>
         <value>0x200013c4</value>
         <object_component_ref idref="oc-13f"/>
      </symbol>
      <symbol id="sm-407">
         <name>__TI_enable_exit_profile_output</name>
         <value>0x200013cc</value>
         <object_component_ref idref="oc-13f"/>
      </symbol>
      <symbol id="sm-408">
         <name>exit</name>
         <value>0x2855</value>
         <object_component_ref idref="oc-e5"/>
      </symbol>
      <symbol id="sm-41d">
         <name>_nop</name>
         <value>0xc57</value>
         <object_component_ref idref="oc-1a8"/>
      </symbol>
      <symbol id="sm-41e">
         <name>_lock</name>
         <value>0x200013d0</value>
         <object_component_ref idref="oc-125"/>
      </symbol>
      <symbol id="sm-41f">
         <name>_unlock</name>
         <value>0x200013d4</value>
         <object_component_ref idref="oc-125"/>
      </symbol>
      <symbol id="sm-42e">
         <name>__TI_ltoa</name>
         <value>0x2717</value>
         <object_component_ref idref="oc-204"/>
      </symbol>
      <symbol id="sm-444">
         <name>atoi</name>
         <value>0x2809</value>
         <object_component_ref idref="oc-161"/>
      </symbol>
      <symbol id="sm-44f">
         <name>_ctypes_</name>
         <value>0x2d74</value>
         <object_component_ref idref="oc-1e4"/>
      </symbol>
      <symbol id="sm-464">
         <name>__TI_tmpnams</name>
         <value>0x20001120</value>
      </symbol>
      <symbol id="sm-465">
         <name>__aeabi_stdout</name>
         <value>0x200013bc</value>
         <object_component_ref idref="oc-34d"/>
      </symbol>
      <symbol id="sm-466">
         <name>__aeabi_stderr</name>
         <value>0x200013c0</value>
         <object_component_ref idref="oc-34d"/>
      </symbol>
      <symbol id="sm-467">
         <name>__aeabi_stdin</name>
         <value>0x200013b8</value>
         <object_component_ref idref="oc-34d"/>
      </symbol>
      <symbol id="sm-468">
         <name>_ftable</name>
         <value>0x200011fc</value>
         <object_component_ref idref="oc-128"/>
      </symbol>
      <symbol id="sm-469">
         <name>__TI_ft_end</name>
         <value>0x200013b4</value>
         <object_component_ref idref="oc-34d"/>
      </symbol>
      <symbol id="sm-479">
         <name>memccpy</name>
         <value>0x2c9d</value>
         <object_component_ref idref="oc-18a"/>
      </symbol>
      <symbol id="sm-489">
         <name>memchr</name>
         <value>0x2c45</value>
         <object_component_ref idref="oc-26c"/>
      </symbol>
      <symbol id="sm-512">
         <name>_sys_memory</name>
         <value>0x20000800</value>
         <object_component_ref idref="oc-24"/>
      </symbol>
      <symbol id="sm-513">
         <name>free</name>
         <value>0x1b79</value>
         <object_component_ref idref="oc-2fe"/>
      </symbol>
      <symbol id="sm-514">
         <name>memalign</name>
         <value>0x197d</value>
         <object_component_ref idref="oc-340"/>
      </symbol>
      <symbol id="sm-515">
         <name>malloc</name>
         <value>0x2d5d</value>
         <object_component_ref idref="oc-304"/>
      </symbol>
      <symbol id="sm-516">
         <name>aligned_alloc</name>
         <value>0x197d</value>
         <object_component_ref idref="oc-340"/>
      </symbol>
      <symbol id="sm-526">
         <name>strchr</name>
         <value>0x2ceb</value>
         <object_component_ref idref="oc-23b"/>
      </symbol>
      <symbol id="sm-534">
         <name>strlen</name>
         <value>0x2d15</value>
         <object_component_ref idref="oc-15b"/>
      </symbol>
      <symbol id="sm-54a">
         <name>__aeabi_errno_addr</name>
         <value>0x2d55</value>
         <object_component_ref idref="oc-196"/>
      </symbol>
      <symbol id="sm-54b">
         <name>errno</name>
         <value>0x200013e0</value>
         <object_component_ref idref="oc-24b"/>
      </symbol>
      <symbol id="sm-55e">
         <name>__stack</name>
         <value>0x20000000</value>
         <object_component_ref idref="oc-27"/>
      </symbol>
      <symbol id="sm-55f">
         <name>_c_int00_noargs</name>
         <value>0x2b0d</value>
         <object_component_ref idref="oc-5c"/>
      </symbol>
      <symbol id="sm-579">
         <name>write</name>
         <value>0x2c1d</value>
         <object_component_ref idref="oc-278"/>
      </symbol>
      <symbol id="sm-58a">
         <name>_stream</name>
         <value>0x20001364</value>
         <object_component_ref idref="oc-2dc"/>
      </symbol>
      <symbol id="sm-58b">
         <name>_device</name>
         <value>0x200012ec</value>
         <object_component_ref idref="oc-31d"/>
      </symbol>
      <symbol id="sm-5a4">
         <name>wcslen</name>
         <value>0x2d29</value>
         <object_component_ref idref="oc-190"/>
      </symbol>
      <symbol id="sm-5b4">
         <name>__TI_doflush</name>
         <value>0x27bd</value>
         <object_component_ref idref="oc-272"/>
      </symbol>
      <symbol id="sm-5c4">
         <name>__TI_cleanup</name>
         <value>0x2aa5</value>
         <object_component_ref idref="oc-30a"/>
      </symbol>
      <symbol id="sm-5d6">
         <name>fseek</name>
         <value>0x248d</value>
         <object_component_ref idref="oc-2ca"/>
      </symbol>
      <symbol id="sm-5e0">
         <name>__aeabi_idiv0</name>
         <value>0x124f</value>
         <object_component_ref idref="oc-295"/>
      </symbol>
      <symbol id="sm-5e1">
         <name>__aeabi_ldiv0</name>
         <value>0x124f</value>
         <object_component_ref idref="oc-295"/>
      </symbol>
      <symbol id="sm-609">
         <name>__TI_auto_init_nobinit_nopinit</name>
         <value>0x296d</value>
         <object_component_ref idref="oc-eb"/>
      </symbol>
      <symbol id="sm-613">
         <name>_system_pre_init</name>
         <value>0x2d6d</value>
         <object_component_ref idref="oc-9c"/>
      </symbol>
      <symbol id="sm-626">
         <name>HOSTclose</name>
         <value>0x28e5</value>
         <object_component_ref idref="oc-359"/>
      </symbol>
      <symbol id="sm-637">
         <name>HOSTlseek</name>
         <value>0x22f1</value>
         <object_component_ref idref="oc-36b"/>
      </symbol>
      <symbol id="sm-649">
         <name>parmbuf</name>
         <value>0x200011f4</value>
      </symbol>
      <symbol id="sm-64a">
         <name>HOSTopen</name>
         <value>0x2555</value>
         <object_component_ref idref="oc-353"/>
      </symbol>
      <symbol id="sm-65b">
         <name>HOSTread</name>
         <value>0x2611</value>
         <object_component_ref idref="oc-35f"/>
      </symbol>
      <symbol id="sm-66c">
         <name>HOSTrename</name>
         <value>0x2285</value>
         <object_component_ref idref="oc-377"/>
      </symbol>
      <symbol id="sm-67d">
         <name>HOSTunlink</name>
         <value>0x2929</value>
         <object_component_ref idref="oc-371"/>
      </symbol>
      <symbol id="sm-68e">
         <name>HOSTwrite</name>
         <value>0x2669</value>
         <object_component_ref idref="oc-365"/>
      </symbol>
      <symbol id="sm-6b2">
         <name>__TI_readmsg</name>
         <value>0x2ad9</value>
         <object_component_ref idref="oc-3a6"/>
      </symbol>
      <symbol id="sm-6b3">
         <name>C$$IO$$</name>
         <value>0x2a63</value>
         <object_component_ref idref="oc-3a0"/>
      </symbol>
      <symbol id="sm-6b4">
         <name>__CIOBUF_</name>
         <value>0x20001000</value>
         <object_component_ref idref="oc-3d1"/>
      </symbol>
      <symbol id="sm-6b5">
         <name>__TI_writemsg</name>
         <value>0x2a35</value>
         <object_component_ref idref="oc-3a0"/>
      </symbol>
      <symbol id="sm-6c6">
         <name>lseek</name>
         <value>0x2bf5</value>
         <object_component_ref idref="oc-2f6"/>
      </symbol>
      <symbol id="sm-6db">
         <name>__TI_closefile</name>
         <value>0x2131</value>
         <object_component_ref idref="oc-347"/>
      </symbol>
      <symbol id="sm-6fe">
         <name>finddevice</name>
         <value>0x2b41</value>
         <object_component_ref idref="oc-3ef"/>
      </symbol>
      <symbol id="sm-6ff">
         <name>getdevice</name>
         <value>0x29b1</value>
         <object_component_ref idref="oc-3c7"/>
      </symbol>
      <symbol id="sm-70e">
         <name>strcmp</name>
         <value>0x2cd3</value>
         <object_component_ref idref="oc-406"/>
      </symbol>
      <symbol id="sm-71c">
         <name>strcpy</name>
         <value>0x2d01</value>
         <object_component_ref idref="oc-3ba"/>
      </symbol>
      <symbol id="sm-72c">
         <name>strncpy</name>
         <value>0x2a6d</value>
         <object_component_ref idref="oc-3e9"/>
      </symbol>
      <symbol id="sm-741">
         <name>close</name>
         <value>0x25b5</value>
         <object_component_ref idref="oc-38f"/>
      </symbol>
      <symbol id="sm-751">
         <name>unlink</name>
         <value>0x2ba1</value>
         <object_component_ref idref="oc-395"/>
      </symbol>
      <symbol id="sm-752">
         <name>__TI_static_base__</name>
         <value>0x0</value>
      </symbol>
      <symbol id="sm-755">
         <name>__mpu_init</name>
         <value>0x0</value>
      </symbol>
      <symbol id="sm-756">
         <name>_system_post_cinit</name>
         <value>0x0</value>
      </symbol>
      <symbol id="sm-757">
         <name>remove</name>
         <value>0x2ba1</value>
      </symbol>
   </symbol_table>
   <title>Link successful</title>
</link_info>
