******************************************************************************
                  TI ARM Linker PC v20.2.4                     
******************************************************************************
>> Linked Sat Jun 20 14:16:24 2026

OUTPUT FILE NAME:   <uart-char-TxRx-port.out>
ENTRY POINT SYMBOL: "_c_int00_noargs"  address: 00002b0d


MEMORY CONFIGURATION

         name            origin    length      used     unused   attr    fill
----------------------  --------  ---------  --------  --------  ----  --------
  FLASH                 00000000   00100000  00002f05  000fd0fb  R  X
  SRAM                  20000000   00040000  000013e4  0003ec1c  RW X


SEGMENT ALLOCATION MAP

run origin  load origin   length   init length attrs members
----------  ----------- ---------- ----------- ----- -------
00000000    00000000    00002f08   00002f08    r-x
  00000000    00000000    00000208   00000208    r-- .intvecs
  00000208    00000208    00002b6c   00002b6c    r-x .text
  00002d74    00002d74    00000101   00000101    r-- .const
  00002e78    00002e78    00000090   00000090    r-- .cinit
20000000    20000000    000013e4   00000000    rw-
  20000000    20000000    00000800   00000000    rw- .stack
  20000800    20000800    00000800   00000000    rw- .sysmem
  20001000    20001000    000001fc   00000000    rw- .bss
  200011fc    200011fc    000001e8   00000000    rw- .data


SECTION ALLOCATION MAP

 output                                  attributes/
section   page    origin      length       input sections
--------  ----  ----------  ----------   ----------------
.intvecs   0    00000000    00000208     
                  00000000    00000208     tm4c1294ncpdt_startup_ccs.obj (.intvecs)

.text      0    00000208    00002b6c     
                  00000208    00000a4e     rtsv7M4_T_le_v4SPD16_eabi.lib : _printfi.c.obj (.text:__TI_printfi)
                  00000c56    00000002                                   : _lock.c.obj (.text:_nop)
                  00000c58    00000270                                   : _printfi.c.obj (.text:_pconv_a)
                  00000ec8    000001d0                                   : _printfi.c.obj (.text:_pconv_g)
                  00001098    000001b6                                   : fd_add_t2.asm.obj (.text)
                  0000124e    00000002                                   : div0.asm.obj (.text)
                  00001250    00000170     main.obj (.text)
                  000013c0    0000013c     rtsv7M4_T_le_v4SPD16_eabi.lib : _printfi.c.obj (.text:_pconv_e)
                  000014fc    00000136                                   : fd_div_t2.asm.obj (.text)
                  00001632    00000002     --HOLE-- [fill = 0]
                  00001634    00000124                                   : _printfi.c.obj (.text:fcvt)
                  00001758    00000114                                   : fputs.c.obj (.text:fputs)
                  0000186c    00000110                                   : s_scalbn.c.obj (.text:scalbn)
                  0000197c    00000100                                   : memory.c.obj (.text:aligned_alloc)
                  00001a7c    000000fc                                   : fd_mul_t2.asm.obj (.text)
                  00001b78    000000e4                                   : memory.c.obj (.text:free)
                  00001c5c    000000dc                                   : setvbuf.c.obj (.text:setvbuf)
                  00001d38    000000b1                                   : _printfi.c.obj (.text:_ltostr)
                  00001de9    00000001     --HOLE-- [fill = 0]
                  00001dea    0000009c                                   : memcpy_t2.asm.obj (.text)
                  00001e86    00000096                                   : ull_div_t2.asm.obj (.text)
                  00001f1c    0000008c                                   : fputc.c.obj (.text:fputc)
                  00001fa8    00000086                                   : fd_cmp_t2.asm.obj (.text:__aeabi_cdcmple)
                  0000202e    00000086                                   : fd_cmp_t2.asm.obj (.text:__aeabi_cdrcmple)
                  000020b4    0000007a                                   : memset_t2.asm.obj (.text)
                  0000212e    00000002     --HOLE-- [fill = 0]
                  00002130    00000074                                   : fclose.c.obj (.text:__TI_closefile)
                  000021a4    00000070                                   : memory.c.obj (.text:split)
                  00002214    0000006e                                   : _printfi.c.obj (.text:_mcpy)
                  00002282    00000002     --HOLE-- [fill = 0]
                  00002284    0000006c                                   : hostrename.c.obj (.text:HOSTrename)
                  000022f0    00000068                                   : hostlseek.c.obj (.text:HOSTlseek)
                  00002358    00000068                                   : copy_decompress_lzss.c.obj (.text:decompress:lzss:__TI_decompress_lzss)
                  000023c0    00000068                                   : printf.c.obj (.text:printf)
                  00002428    00000064                                   : s_frexp.c.obj (.text:frexp)
                  0000248c    00000064                                   : fseek.c.obj (.text:fseek)
                  000024f0    00000062                                   : _io_perm.c.obj (.text:__TI_wrt_ok)
                  00002552    00000002     --HOLE-- [fill = 0]
                  00002554    00000060                                   : hostopen.c.obj (.text:HOSTopen)
                  000025b4    0000005c                                   : close.c.obj (.text:close)
                  00002610    00000058                                   : hostread.c.obj (.text:HOSTread)
                  00002668    00000058                                   : hostwrite.c.obj (.text:HOSTwrite)
                  000026c0    00000056                                   : _printfi.c.obj (.text:_pconv_f)
                  00002716    00000054                                   : _ltoa.c.obj (.text:__TI_ltoa)
                  0000276a    00000052                                   : _printfi.c.obj (.text:_ecpy)
                  000027bc    0000004c                                   : fflush.c.obj (.text:__TI_doflush)
                  00002808    0000004c                                   : atoi.c.obj (.text:atoi)
                  00002854    00000048                                   : exit.c.obj (.text:exit)
                  0000289c    00000048                                   : fd_toi_t2.asm.obj (.text)
                  000028e4    00000044                                   : hostclose.c.obj (.text:HOSTclose)
                  00002928    00000044                                   : hostunlink.c.obj (.text:HOSTunlink)
                  0000296c    00000044                                   : autoinit.c.obj (.text:__TI_auto_init_nobinit_nopinit:__TI_auto_init_nobinit_nopinit)
                  000029b0    00000044                                   : getdevice.c.obj (.text:getdevice)
                  000029f4    0000003e                                   : _printfi.c.obj (.text:_fcpy)
                  00002a32    00000002     --HOLE-- [fill = 0]
                  00002a34    00000038                                   : trgmsg.c.obj (.text:__TI_writemsg)
                  00002a6c    00000036                                   : strncpy.c.obj (.text:strncpy)
                  00002aa2    00000002     --HOLE-- [fill = 0]
                  00002aa4    00000034                                   : fopen.c.obj (.text:__TI_cleanup)
                  00002ad8    00000034                                   : trgmsg.c.obj (.text:__TI_readmsg)
                  00002b0c    00000034                                   : boot_cortex_m.c.obj (.text:_c_int00_noargs:_c_int00_noargs)
                  00002b40    00000030                                   : getdevice.c.obj (.text:finddevice)
                  00002b70    0000002e                                   : i_tofd_t2.asm.obj (.text)
                  00002b9e    00000002     --HOLE-- [fill = 0]
                  00002ba0    0000002c                                   : unlink.c.obj (.text:unlink)
                  00002bcc    00000028                                   : memory.c.obj (.text:free_list_insert)
                  00002bf4    00000028                                   : lseek.c.obj (.text:lseek)
                  00002c1c    00000028                                   : write.c.obj (.text:write)
                  00002c44    00000020                                   : memchr.c.obj (.text:memchr)
                  00002c64    0000001c                                   : copy_zero_init.c.obj (.text:decompress:ZI:__TI_zero_init_nomemset:__TI_zero_init_nomemset)
                  00002c80    0000001c                                   : memory.c.obj (.text:free_list_remove)
                  00002c9c    0000001c                                   : memccpy.c.obj (.text:memccpy)
                  00002cb8    0000001a                                   : s_copysign.c.obj (.text:copysign)
                  00002cd2    00000018                                   : strcmp.c.obj (.text:strcmp)
                  00002cea    00000016                                   : strchr.c.obj (.text:strchr)
                  00002d00    00000014                                   : strcpy.c.obj (.text:strcpy)
                  00002d14    00000014                                   : strlen.c.obj (.text:strlen)
                  00002d28    00000012                                   : wcslen.c.obj (.text:wcslen)
                  00002d3a    0000000e                                   : copy_decompress_none.c.obj (.text:decompress:none:__TI_decompress_none)
                  00002d48    0000000c     tm4c1294ncpdt_startup_ccs.obj (.text)
                  00002d54    00000008     rtsv7M4_T_le_v4SPD16_eabi.lib : errno.c.obj (.text:__aeabi_errno_addr)
                  00002d5c    00000008                                   : memory.c.obj (.text:malloc)
                  00002d64    00000004                                   : printf.c.obj (.text:_outc)
                  00002d68    00000004                                   : printf.c.obj (.text:_outs)
                  00002d6c    00000004                                   : pre_init.c.obj (.text:_system_pre_init)
                  00002d70    00000004                                   : exit.c.obj (.text:abort:abort)

.const     0    00002d74    00000101     
                  00002d74    00000101     rtsv7M4_T_le_v4SPD16_eabi.lib : ctype.c.obj (.const:.string:_ctypes_)

.cinit     0    00002e78    00000090     
                  00002e78    0000006a     (.cinit..data.load) [load image, compression = lzss]
                  00002ee2    00000002     --HOLE-- [fill = 0]
                  00002ee4    0000000c     (__TI_handler_table)
                  00002ef0    00000008     (.cinit..bss.load) [load image, compression = zero_init]
                  00002ef8    00000010     (__TI_cinit_table)

.init_array 
*          0    00000000    00000000     UNINITIALIZED

.stack     0    20000000    00000800     UNINITIALIZED
                  20000000    00000004     rtsv7M4_T_le_v4SPD16_eabi.lib : boot_cortex_m.c.obj (.stack)
                  20000004    000007fc     --HOLE--

.sysmem    0    20000800    00000800     UNINITIALIZED
                  20000800    00000010     rtsv7M4_T_le_v4SPD16_eabi.lib : memory.c.obj (.sysmem)
                  20000810    000007f0     --HOLE--

.bss       0    20001000    000001fc     UNINITIALIZED
                  20001000    00000120     rtsv7M4_T_le_v4SPD16_eabi.lib : trgmsg.c.obj (.bss:_CIOBUF_)
                  20001120    000000a0     (.common:__TI_tmpnams)
                  200011c0    00000034     (.common:buffer)
                  200011f4    00000008     (.common:parmbuf)

.data      0    200011fc    000001e8     UNINITIALIZED
                  200011fc    000000f0     rtsv7M4_T_le_v4SPD16_eabi.lib : defs.c.obj (.data:_ftable)
                  200012ec    00000078                                   : host_device.c.obj (.data:_device)
                  20001364    00000050                                   : host_device.c.obj (.data:_stream)
                  200013b4    00000010                                   : defs.c.obj (.data)
                  200013c4    0000000c                                   : exit.c.obj (.data:$O1$$)
                  200013d0    00000008                                   : _lock.c.obj (.data:$O1$$)
                  200013d8    00000008                                   : memory.c.obj (.data:$O1$$)
                  200013e0    00000004                                   : errno.c.obj (.data)

__llvm_prf_cnts 
*          0    20000000    00000000     UNINITIALIZED

MODULE SUMMARY

       Module                          code    ro data   rw data
       ------                          ----    -------   -------
    .\
       tm4c1294ncpdt_startup_ccs.obj   12      520       0      
       main.obj                        368     0         52     
    +--+-------------------------------+-------+---------+---------+
       Total:                          380     520       52     
                                                                
    C:\TI\ti-cgt-arm_20.2.4.LTS\lib\rtsv7M4_T_le_v4SPD16_eabi.lib
       _printfi.c.obj                  4851    0         0      
       memory.c.obj                    672     0         8      
       fd_add_t2.asm.obj               438     0         0      
       defs.c.obj                      0       0         416    
       trgmsg.c.obj                    108     0         288    
       fd_div_t2.asm.obj               310     0         0      
       fputs.c.obj                     276     0         0      
       s_scalbn.c.obj                  272     0         0      
       fd_cmp_t2.asm.obj               268     0         0      
       ctype.c.obj                     0       257       0      
       fd_mul_t2.asm.obj               252     0         0      
       setvbuf.c.obj                   220     0         0      
       host_device.c.obj               0       0         200    
       memcpy_t2.asm.obj               156     0         0      
       ull_div_t2.asm.obj              150     0         0      
       fputc.c.obj                     140     0         0      
       memset_t2.asm.obj               122     0         0      
       fclose.c.obj                    116     0         0      
       getdevice.c.obj                 116     0         0      
       printf.c.obj                    112     0         0      
       hostrename.c.obj                108     0         0      
       copy_decompress_lzss.c.obj      104     0         0      
       hostlseek.c.obj                 104     0         0      
       hostopen.c.obj                  96      0         8      
       fseek.c.obj                     100     0         0      
       s_frexp.c.obj                   100     0         0      
       _io_perm.c.obj                  98      0         0      
       close.c.obj                     92      0         0      
       exit.c.obj                      76      0         12     
       hostread.c.obj                  88      0         0      
       hostwrite.c.obj                 88      0         0      
       _ltoa.c.obj                     84      0         0      
       atoi.c.obj                      76      0         0      
       fflush.c.obj                    76      0         0      
       fd_toi_t2.asm.obj               72      0         0      
       autoinit.c.obj                  68      0         0      
       hostclose.c.obj                 68      0         0      
       hostunlink.c.obj                68      0         0      
       strncpy.c.obj                   54      0         0      
       boot_cortex_m.c.obj             52      0         0      
       fopen.c.obj                     52      0         0      
       i_tofd_t2.asm.obj               46      0         0      
       unlink.c.obj                    44      0         0      
       lseek.c.obj                     40      0         0      
       write.c.obj                     40      0         0      
       memchr.c.obj                    32      0         0      
       copy_zero_init.c.obj            28      0         0      
       memccpy.c.obj                   28      0         0      
       s_copysign.c.obj                26      0         0      
       strcmp.c.obj                    24      0         0      
       strchr.c.obj                    22      0         0      
       strcpy.c.obj                    20      0         0      
       strlen.c.obj                    20      0         0      
       wcslen.c.obj                    18      0         0      
       copy_decompress_none.c.obj      14      0         0      
       errno.c.obj                     8       0         4      
       _lock.c.obj                     2       0         8      
       pre_init.c.obj                  4       0         0      
       div0.asm.obj                    2       0         0      
    +--+-------------------------------+-------+---------+---------+
       Total:                          10721   257       944    
                                                                
       Heap:                           0       0         2048   
       Stack:                          0       0         2048   
       Linker Generated:               0       142       0      
    +--+-------------------------------+-------+---------+---------+
       Grand Total:                    11101   919       5092   


LINKER GENERATED COPY TABLES

__TI_cinit_table @ 00002ef8 records: 2, size/record: 8, table size: 16
	.data: load addr=00002e78, load size=0000006a bytes, run addr=200011fc, run size=000001e8 bytes, compression=lzss
	.bss: load addr=00002ef0, load size=00000008 bytes, run addr=20001000, run size=000001fc bytes, compression=zero_init


LINKER GENERATED HANDLER TABLE

__TI_handler_table @ 00002ee4 records: 3, size/record: 4, table size: 12
	index: 0, handler: __TI_decompress_lzss
	index: 1, handler: __TI_decompress_none
	index: 2, handler: __TI_zero_init


GLOBAL SYMBOLS: SORTED ALPHABETICALLY BY Name 

address   name                           
-------   ----                           
00002d71  C$$EXIT                        
00002a63  C$$IO$$                        
000028e5  HOSTclose                      
000022f1  HOSTlseek                      
00002555  HOSTopen                       
00002611  HOSTread                       
00002285  HOSTrename                     
00002929  HOSTunlink                     
00002669  HOSTwrite                      
00002d49  ResetISR                       
20001000  __CIOBUF_                      
20000800  __STACK_END                    
00000800  __STACK_SIZE                   
20000200  __STACK_TOP                    
00000800  __SYSMEM_SIZE                  
00002ef8  __TI_CINIT_Base                
00002f08  __TI_CINIT_Limit               
00002ee4  __TI_Handler_Table_Base        
00002ef0  __TI_Handler_Table_Limit       
0000296d  __TI_auto_init_nobinit_nopinit 
00002aa5  __TI_cleanup                   
200013c4  __TI_cleanup_ptr               
00002131  __TI_closefile                 
00002359  __TI_decompress_lzss           
00002d3b  __TI_decompress_none           
000027bd  __TI_doflush                   
200013c8  __TI_dtors_ptr                 
200013cc  __TI_enable_exit_profile_output
200013b4  __TI_ft_end                    
00002717  __TI_ltoa                      
ffffffff  __TI_pprof_out_hndl            
00000209  __TI_printfi                   
ffffffff  __TI_prof_data_size            
ffffffff  __TI_prof_data_start           
00002ad9  __TI_readmsg                   
00000000  __TI_static_base__             
20001120  __TI_tmpnams                   
00002a35  __TI_writemsg                  
000024f1  __TI_wrt_ok                    
00002c65  __TI_zero_init_nomemset        
00001fa9  __aeabi_cdcmpeq                
00001fa9  __aeabi_cdcmple                
0000202f  __aeabi_cdrcmple               
0000289d  __aeabi_d2iz                   
000010a3  __aeabi_dadd                   
000014fd  __aeabi_ddiv                   
00001a7d  __aeabi_dmul                   
00001099  __aeabi_dsub                   
00002d55  __aeabi_errno_addr             
00002b71  __aeabi_i2d                    
0000124f  __aeabi_idiv0                  
0000124f  __aeabi_ldiv0                  
000020b5  __aeabi_memclr                 
000020b5  __aeabi_memclr4                
000020b5  __aeabi_memclr8                
00001deb  __aeabi_memcpy                 
00001deb  __aeabi_memcpy4                
00001deb  __aeabi_memcpy8                
000020b7  __aeabi_memset                 
000020b7  __aeabi_memset4                
000020b7  __aeabi_memset8                
200013c0  __aeabi_stderr                 
200013b8  __aeabi_stdin                  
200013bc  __aeabi_stdout                 
00001e87  __aeabi_uldivmod               
ffffffff  __binit__                      
ffffffff  __c_args__                     
UNDEFED   __mpu_init                     
20000000  __stack                        
20000000  __start___llvm_prf_cnts        
20000000  __stop___llvm_prf_cnts         
00002b0d  _c_int00_noargs                
00002d74  _ctypes_                       
200012ec  _device                        
200011fc  _ftable                        
200013d0  _lock                          
00000c57  _nop                           
20001364  _stream                        
20000800  _sys_memory                    
UNDEFED   _system_post_cinit             
00002d6d  _system_pre_init               
200013d4  _unlock                        
00002d71  abort                          
0000197d  aligned_alloc                  
00002809  atoi                           
ffffffff  binit                          
200011c0  buffer                         
000025b5  close                          
00001251  config_port                    
000012ab  config_uart                    
00002cb9  copysign                       
00002cb9  copysignl                      
200013e0  errno                          
00002855  exit                           
00002b41  finddevice                     
00001f1d  fputc                          
00001759  fputs                          
00001b79  free                           
00002429  frexp                          
00002429  frexpl                         
0000248d  fseek                          
00000000  g_pfnVectors                   
000029b1  getdevice                      
0000186d  ldexp                          
0000186d  ldexpl                         
00002bf5  lseek                          
00001329  main                           
00002d5d  malloc                         
0000197d  memalign                       
00002c9d  memccpy                        
00002c45  memchr                         
00001deb  memcpy                         
000020bd  memset                         
200011f4  parmbuf                        
000023c1  printf                         
00001f1d  putc                           
00001319  read_char                      
00002ba1  remove                         
0000186d  scalbn                         
0000186d  scalbnl                        
000012e7  send_char                      
00001303  send_prompt                    
00001c5d  setvbuf                        
00002ceb  strchr                         
00002cd3  strcmp                         
00002d01  strcpy                         
00002d15  strlen                         
00002a6d  strncpy                        
00002ba1  unlink                         
00002d29  wcslen                         
00002c1d  write                          


GLOBAL SYMBOLS: SORTED BY Symbol Address 

address   name                           
-------   ----                           
00000000  __TI_static_base__             
00000000  g_pfnVectors                   
00000209  __TI_printfi                   
00000800  __STACK_SIZE                   
00000800  __SYSMEM_SIZE                  
00000c57  _nop                           
00001099  __aeabi_dsub                   
000010a3  __aeabi_dadd                   
0000124f  __aeabi_idiv0                  
0000124f  __aeabi_ldiv0                  
00001251  config_port                    
000012ab  config_uart                    
000012e7  send_char                      
00001303  send_prompt                    
00001319  read_char                      
00001329  main                           
000014fd  __aeabi_ddiv                   
00001759  fputs                          
0000186d  ldexp                          
0000186d  ldexpl                         
0000186d  scalbn                         
0000186d  scalbnl                        
0000197d  aligned_alloc                  
0000197d  memalign                       
00001a7d  __aeabi_dmul                   
00001b79  free                           
00001c5d  setvbuf                        
00001deb  __aeabi_memcpy                 
00001deb  __aeabi_memcpy4                
00001deb  __aeabi_memcpy8                
00001deb  memcpy                         
00001e87  __aeabi_uldivmod               
00001f1d  fputc                          
00001f1d  putc                           
00001fa9  __aeabi_cdcmpeq                
00001fa9  __aeabi_cdcmple                
0000202f  __aeabi_cdrcmple               
000020b5  __aeabi_memclr                 
000020b5  __aeabi_memclr4                
000020b5  __aeabi_memclr8                
000020b7  __aeabi_memset                 
000020b7  __aeabi_memset4                
000020b7  __aeabi_memset8                
000020bd  memset                         
00002131  __TI_closefile                 
00002285  HOSTrename                     
000022f1  HOSTlseek                      
00002359  __TI_decompress_lzss           
000023c1  printf                         
00002429  frexp                          
00002429  frexpl                         
0000248d  fseek                          
000024f1  __TI_wrt_ok                    
00002555  HOSTopen                       
000025b5  close                          
00002611  HOSTread                       
00002669  HOSTwrite                      
00002717  __TI_ltoa                      
000027bd  __TI_doflush                   
00002809  atoi                           
00002855  exit                           
0000289d  __aeabi_d2iz                   
000028e5  HOSTclose                      
00002929  HOSTunlink                     
0000296d  __TI_auto_init_nobinit_nopinit 
000029b1  getdevice                      
00002a35  __TI_writemsg                  
00002a63  C$$IO$$                        
00002a6d  strncpy                        
00002aa5  __TI_cleanup                   
00002ad9  __TI_readmsg                   
00002b0d  _c_int00_noargs                
00002b41  finddevice                     
00002b71  __aeabi_i2d                    
00002ba1  remove                         
00002ba1  unlink                         
00002bf5  lseek                          
00002c1d  write                          
00002c45  memchr                         
00002c65  __TI_zero_init_nomemset        
00002c9d  memccpy                        
00002cb9  copysign                       
00002cb9  copysignl                      
00002cd3  strcmp                         
00002ceb  strchr                         
00002d01  strcpy                         
00002d15  strlen                         
00002d29  wcslen                         
00002d3b  __TI_decompress_none           
00002d49  ResetISR                       
00002d55  __aeabi_errno_addr             
00002d5d  malloc                         
00002d6d  _system_pre_init               
00002d71  C$$EXIT                        
00002d71  abort                          
00002d74  _ctypes_                       
00002ee4  __TI_Handler_Table_Base        
00002ef0  __TI_Handler_Table_Limit       
00002ef8  __TI_CINIT_Base                
00002f08  __TI_CINIT_Limit               
20000000  __stack                        
20000000  __start___llvm_prf_cnts        
20000000  __stop___llvm_prf_cnts         
20000200  __STACK_TOP                    
20000800  __STACK_END                    
20000800  _sys_memory                    
20001000  __CIOBUF_                      
20001120  __TI_tmpnams                   
200011c0  buffer                         
200011f4  parmbuf                        
200011fc  _ftable                        
200012ec  _device                        
20001364  _stream                        
200013b4  __TI_ft_end                    
200013b8  __aeabi_stdin                  
200013bc  __aeabi_stdout                 
200013c0  __aeabi_stderr                 
200013c4  __TI_cleanup_ptr               
200013c8  __TI_dtors_ptr                 
200013cc  __TI_enable_exit_profile_output
200013d0  _lock                          
200013d4  _unlock                        
200013e0  errno                          
ffffffff  __TI_pprof_out_hndl            
ffffffff  __TI_prof_data_size            
ffffffff  __TI_prof_data_start           
ffffffff  __binit__                      
ffffffff  __c_args__                     
ffffffff  binit                          
UNDEFED   __mpu_init                     
UNDEFED   _system_post_cinit             

[131 symbols]
